?:??: ?/?(?): --------- beginning of system
12-10 19:09:46.018: I/WindowManager(1277): postWindowRemoveCleanupLocked: Window{af03bb9 u0 com.easefun.polyv.cloudclassdemo/com.easefun.polyv.cloudclassdemo.login.PolyvCloudClassLoginActivity}
12-10 19:09:46.019: I/WindowManager(1277): Removing Window{af03bb9 u0 com.easefun.polyv.cloudclassdemo/com.easefun.polyv.cloudclassdemo.login.PolyvCloudClassLoginActivity} from AppWindowToken{ad04167 token=Token{b28cb67 ActivityRecord{b23a287 u0 com.easefun.polyv.cloudclassdemo/.login.PolyvCloudClassLoginActivity t2256}}}
12-10 19:09:46.020: I/WindowManager(1277): Checking 1 opening apps (frozen=false timeout=false)...
12-10 19:09:46.020: I/WindowManager(1277): Check opening app=AppWindowToken{aed3d99 token=Token{b5cfcae ActivityRecord{b574c48 u0 com.easefun.polyv.cloudclassdemo/.watch.PolyvCloudClassHomeActivity t2256}}}: allDrawn=false startingDisplayed=false startingMoved=false isRelaunching()=false startingWindow=null
12-10 19:09:46.035: I/WindowManager(1277): Checking 1 opening apps (frozen=false timeout=false)...
12-10 19:09:46.035: I/WindowManager(1277): Check opening app=AppWindowToken{aed3d99 token=Token{b5cfcae ActivityRecord{b574c48 u0 com.easefun.polyv.cloudclassdemo/.watch.PolyvCloudClassHomeActivity t2256}}}: allDrawn=false startingDisplayed=false startingMoved=false isRelaunching()=false startingWindow=null
12-10 19:09:46.035: I/WindowManager(1277): --------- beginning of main
12-10 19:09:46.038: W/.cloudclassdem(17933): Accessing hidden method Landroid/media/AudioManager;->getOutputLatency(I)I (greylist, reflection, allowed)
12-10 19:09:46.040: V/AudioManager(17933): isWiredHeadsetOn...
12-10 19:09:46.048: W/Settings(17933): Setting android_id has moved from android.provider.Settings.System to android.provider.Settings.Secure, returning read-only value.
12-10 19:09:46.052: I/cr_LibraryLoader(18152): Loaded native library version number "81.0.4044.138"
12-10 19:09:46.052: D/PolyvCloudClassHomeActivity(17933): initialVodVideo
12-10 19:09:46.062: D/PolyvBaseVideoView(17933): createIjkPlayer
12-10 19:09:46.066: W/ActivityManager(1277): Unable to start service Intent { cmp=com.easefun.polyv.cloudclassdemo/com.plv.foundationsdk.ijk.player.services.MediaPlayerService } U=0: not found
12-10 19:09:46.074: D/J4A(17933): J4ALoader: OK: 'android.os.Build$VERSION' loaded
12-10 19:09:46.074: D/J4A(17933): J4ALoader: OK: 'android.os.Build' loaded
12-10 19:09:46.074: D/J4A(17933): J4ALoader: OK: 'java.nio.Buffer' loaded
12-10 19:09:46.074: D/J4A(17933): J4ALoader: OK: 'java.nio.ByteBuffer' loaded
12-10 19:09:46.074: D/J4A(17933): J4ALoader: OK: 'java.util.ArrayList' loaded
12-10 19:09:46.074: I/J4A(17933): API-Level: 29
12-10 19:09:46.074: D/J4A(17933): J4ALoader: OK: 'android.media.AudioTrack' loaded
12-10 19:09:46.074: D/J4A(17933): J4ALoader: OK: 'android.media.MediaCodec$BufferInfo' loaded
12-10 19:09:46.074: D/J4A(17933): J4ALoader: OK: 'android.media.MediaCodec' loaded
12-10 19:09:46.074: D/J4A(17933): J4ALoader: OK: 'android.media.MediaFormat' loaded
12-10 19:09:46.074: D/J4A(17933): J4ALoader: OK: 'android.media.PlaybackParams' loaded
12-10 19:09:46.074: D/J4A(17933): J4ALoader: OK: 'android.os.Bundle' loaded
12-10 19:09:46.074: D/J4A(17933): J4ALoader: OK: 'tv.danmaku.ijk.media.player.misc.IMediaDataSource' loaded
12-10 19:09:46.074: D/J4A(17933): J4ALoader: OK: 'tv.danmaku.ijk.media.player.misc.IAndroidIO' loaded
12-10 19:09:46.074: D/J4A(17933): J4ALoader: OK: 'tv.danmaku.ijk.media.player.IjkMediaPlayer' loaded
12-10 19:09:46.075: D/IJKMEDIA(17933): ijkmediaplayer version : k0.8.8-plv-vod-0.5.0
12-10 19:09:46.076: D/IJKMEDIA(17933): IjkMediaPlayer_native_profileBegin
12-10 19:09:46.076: D/aprof-fake(17933): fake-monstartup libijkplayer.so
12-10 19:09:46.076: D/IJKMEDIA(17933): monstartup: libijkplayer.so
12-10 19:09:46.076: D/PolyvBaseVideoView(17933): attacherListener
12-10 19:09:46.076: D/PolyvBaseVideoView(17933): initial
12-10 19:09:46.077: D/PolyvBaseVideoView(17933): initGestureDetector
12-10 19:09:46.089: W/VideoCapabilities(17933): Unrecognized profile/level 0/0 for video/mpeg2
12-10 19:09:46.089: W/VideoCapabilities(17933): Unrecognized profile/level 0/2 for video/mpeg2
12-10 19:09:46.089: W/VideoCapabilities(17933): Unrecognized profile/level 0/3 for video/mpeg2
12-10 19:09:46.089: I/VideoCapabilities(17933): Unsupported profile 5 for video/mpeg2
12-10 19:09:46.089: I/chatty(17933): uid=10589(com.easefun.polyv.cloudclassdemo) Chrome_InProcGp identical 2 lines
12-10 19:09:46.089: I/VideoCapabilities(17933): Unsupported profile 5 for video/mpeg2
12-10 19:09:46.089: W/VideoCapabilities(17933): Unrecognized profile/level 1/32 for video/mp4v-es
12-10 19:09:46.089: W/VideoCapabilities(17933): Unrecognized profile/level 32768/2 for video/mp4v-es
12-10 19:09:46.089: W/VideoCapabilities(17933): Unrecognized profile/level 32768/64 for video/mp4v-es
12-10 19:09:46.102: W/cr_MediaCodecUtil(17933): HW encoder for video/avc is not available on this device.
12-10 19:09:46.137: D/PolyvPPTWebView(17933): loadWeb
12-10 19:09:46.137: D/PolyvPPTWebView(17933): domainName:apichat.polyv.net
12-10 19:09:46.141: D/PolyvBaseVideoView(17933): release player
12-10 19:09:46.141: D/PolyvBaseVideoView(17933): ╔═══════════════════════════════════════════════════════════════════════════════════════════════════
12-10 19:09:46.141: D/PolyvBaseVideoView(17933): ║ main, keepScreenOn(PolyvBaseVideoView.java:467)
12-10 19:09:46.141: D/PolyvBaseVideoView(17933): ╟───────────────────────────────────────────────────────────────────────────────────────────────────
12-10 19:09:46.141: D/PolyvBaseVideoView(17933): ║ release(boolean cleartargetstate) 设置屏幕常亮=false
12-10 19:09:46.141: D/PolyvBaseVideoView(17933): ╚═══════════════════════════════════════════════════════════════════════════════════════════════════
12-10 19:09:46.145: D/OkHttp(17933): --> GET https://api.polyv.net/live/v3/channel/playback/get-video-by-vid?appId=f5jsikh980&channelId=1988521&vid=b8338e37437267df2e67be4c83ec00ac_b&timestamp=1607598586142&sign=A42CE3EC0F4D5C06E8D133C245A466CE&listType=playback
12-10 19:09:46.145: D/OkHttp(17933): --> END GET
12-10 19:09:46.145: E/SELinux(498): avc:  denied  { find } for interface=vendor.huawei.hardware.sensors::ISensors sid=u:r:untrusted_app:s0:c77,c258,c512,c768 pid=17933 scontext=u:r:untrusted_app:s0:c77,c258,c512,c768 tcontext=u:object_r:default_hisi_hwservice:s0 tclass=hwservice_manager permissive=0
12-10 19:09:46.152: D/SensorManager(17933): 0x7338a0dd70 addFd fd=213
12-10 19:09:46.152: I/SensorHub(921): batch called handle:0 sampleNs:200000000 latencyNs:0
12-10 19:09:46.152: I/SensorHub(921): in Batch, handle = 0, flags = 0, periodNs = 200000000, timeout = 0
12-10 19:09:46.153: I/SensorState(2778): sensor:0 name:accelerometer enable:true uid:10589
12-10 19:09:46.153: I/PGServer(2778): report state:4 event type:1 pid:0 uid:10589 pkg:null to pid: 1277
12-10 19:09:46.153: I/SensorState(2778): addSensor,mHandles:{0=1}
12-10 19:09:46.153: I/SensorService(1277): enableSensor handle:0, packageName:android.view.OrientationEventListener, rate=200000000
12-10 19:09:46.153: I/Sensors@1.1-impl(921): activate-0 enabled-1 fwkOals-1 camOals-0 fwkOcolor-0 camOcolor-0 fwkOtof-0 camOtof-0
12-10 19:09:46.153: I/SensorHub(921): Activate, handle: 0, enabled:1, err: 0
12-10 19:09:46.159: D/OkHttp(17933): --> GET https://api.polyv.net/live/v3/applet/sdk/get-channel-detail?channelId=1988521&timestamp=1607598586154&sign=791736EED2348F3B83390227E1627AAF&appId=f5jsikh980
12-10 19:09:46.159: D/OkHttp(17933): --> END GET
12-10 19:09:46.159: D/ActivityThread(17933): add activity client record, r= ActivityRecord{8cbe4f1 token=android.os.BinderProxy@f65044e {com.easefun.polyv.cloudclassdemo/com.easefun.polyv.cloudclassdemo.watch.PolyvCloudClassHomeActivity}} token= android.os.BinderProxy@f65044e
12-10 19:09:46.162: D/PolyvBaseVideoView(17933): start isFirstStart:false
12-10 19:09:46.162: D/PolyvBaseVideoView(17933): ╔═══════════════════════════════════════════════════════════════════════════════════════════════════
12-10 19:09:46.162: D/PolyvBaseVideoView(17933): ║ main, keepScreenOn(PolyvBaseVideoView.java:467)
12-10 19:09:46.162: D/PolyvBaseVideoView(17933): ╟───────────────────────────────────────────────────────────────────────────────────────────────────
12-10 19:09:46.162: D/PolyvBaseVideoView(17933): ║ start 设置屏幕常亮=true
12-10 19:09:46.162: D/PolyvBaseVideoView(17933): ╚═══════════════════════════════════════════════════════════════════════════════════════════════════
12-10 19:09:46.165: I/DecorView[](17933):  old windowMode:1 new windoMode:1
12-10 19:09:46.166: I/InputDispatcher(1277): registerInputChannel->dispatchMiscEventForConnectionLocked
12-10 19:09:46.167: I/WindowManager(1277): addWindow: Window{b2994e1 u0 com.easefun.polyv.cloudclassdemo/com.easefun.polyv.cloudclassdemo.watch.PolyvCloudClassHomeActivity}
12-10 19:09:46.169: I/OPCollectLog(2938): AppChangeImpl:call onAppChange.
12-10 19:09:46.169: I/OPCollectLog(2938): HwForegroundAppAction:handleMessage 
12-10 19:09:46.169: W/SecurityProfileService(1277): Activity life state callback extras get package null!
12-10 19:09:46.169: D/OPCollectLog(2938): HwForegroundAppAction:FG executeWithArgs
12-10 19:09:46.169: I/OPCollectLog(2938): OPCollectUtils:ODMF Api Version:2.15.3
12-10 19:09:46.170: I/HwAudioServiceEx(1277): ComponentInfo : className = com.easefun.polyv.cloudclassdemo.watch.PolyvCloudClassHomeActivity, flag=onResume, isHomeActivity=, isTop=true
12-10 19:09:46.170: I/HwAudioServiceEx(1277): sendAppKilledIntentForKit, isKitPackageOnPause = false, isKitPackageKill = false, isKitPackageOnResume = false
12-10 19:09:46.170: I/OPCollectLog(2938): Action:HwForegroundAppAction executed successfully
12-10 19:09:46.170: D/OPCollectLog(2938): OdmfCollectScheduler:handleMessage msg: 4
12-10 19:09:46.170: I/OPCollectLog(2938): OdmfHelper:opcollectCache 1
12-10 19:09:46.170: I/OPCollectLog(2938): OdmfHelper:opcollectCache curTime: 8152771281, interval: 7301
12-10 19:09:46.170: I/AppLifeChangeSensor(5375): CAWARENESS: activityResumed componentName = ComponentInfo{com.easefun.polyv.cloudclassdemo/com.easefun.polyv.cloudclassdemo.watch.PolyvCloudClassHomeActivity}
12-10 19:09:46.171: I/ContentSensor_ContentSensorService(4783): The ComponentName can not be autoGrabbed or allowed all text capture
12-10 19:09:46.171: I/OPCollectLog(2938): OdmfHelper:isCharging: true
12-10 19:09:46.171: D/DollieActivityManagerAdapter(2744): [Resumed] bg:false pid:17933 uid:10589 ComponentInfo{com.easefun.polyv.cloudclassdemo/com.easefun.polyv.cloudclassdemo.watch.PolyvCloudClassHomeActivity}
12-10 19:09:46.171: E/DollieAdapterService(2744): notifyActivityState pkg:com.easefun.polyv.cloudclassdemo/com.easefun.polyv.cloudclassdemo.watch.PolyvCloudClassHomeActivity state:2 fg:true mUid:10589
12-10 19:09:46.171: I/OllieMsgCenter(2744): handleMessage msg.what:2130771985moduleName:Ollie Aware::eventName:EVENT_OLLIE_ACTIVITY_CHANGED arg1:0 arg2:0 obj:com.huawei.systemserver.booster.ollie.common.schedule.AwareProxy$ActivityUidInfo@a250d21
12-10 19:09:46.171: D/ForegroundDataOpt(2744): is APK changed:false uid:10589 mBgLimitLevel:0
12-10 19:09:46.171: D/HwCustConnectivityManagerImpl(17933): isBlockNetworkRequestByNonAis, INVALID_SUBSCRIPTION_ID
12-10 19:09:46.171: I/ConnectivityManager(17933): requestNetwork and the calling app is: com.easefun.polyv.cloudclassdemo
12-10 19:09:46.172: I/ConnectivityService(1277): requestNetwork for uid/pid:10589/17933 NetworkRequest [ TRACK_DEFAULT id=16733, [ Capabilities: INTERNET&NOT_RESTRICTED&TRUSTED Uid: 10589 DNN:  SSCMODE: 0 SNSSAI:  PduSessionType: 0 RouteBitmap: 0] ]
12-10 19:09:46.173: I/ConnectivityService(1277): rematching NetworkAgentInfo [VPN () - 612]
12-10 19:09:46.173: I/ConnectivityService(1277): NetworkAgentInfo [VPN () - 612] NC 21
12-10 19:09:46.173: I/ConnectivityService(1277): NetworkAgentInfo [VPN () - 612] NC 40
12-10 19:09:46.173: I/ConnectivityService(1277): NetworkAgentInfo [VPN () - 612] NC 37
12-10 19:09:46.173: I/ConnectivityService(1277): NetworkAgentInfo [VPN () - 612] NC 16723
12-10 19:09:46.173: I/ConnectivityService(1277): NetworkAgentInfo [VPN () - 612] NC 8
12-10 19:09:46.173: I/ConnectivityService(1277): CS = 0, NS = 101
12-10 19:09:46.173: I/ConnectivityService(1277): rematch for NetworkAgentInfo [VPN () - 612]
12-10 19:09:46.173: D/WifiNetworkFactory(1277): got request NetworkRequest [ TRACK_DEFAULT id=16733, [ Capabilities: INTERNET&NOT_RESTRICTED&TRUSTED Uid: 10589 DNN:  SSCMODE: 0 SNSSAI:  PduSessionType: 0 RouteBitmap: 0] ] with score 101 and serial -2
12-10 19:09:46.173: D/PhoneSwitcherNetworkRequstListener(2976): got request NetworkRequest [ TRACK_DEFAULT id=16733, [ Capabilities: INTERNET&NOT_RESTRICTED&TRUSTED Uid: 10589 DNN:  SSCMODE: 0 SNSSAI:  PduSessionType: 0 RouteBitmap: 0] ] with score 101 and serial -2
12-10 19:09:46.173: D/UntrustedWifiNetworkFactory(1277): got request NetworkRequest [ TRACK_DEFAULT id=16733, [ Capabilities: INTERNET&NOT_RESTRICTED&TRUSTED Uid: 10589 DNN:  SSCMODE: 0 SNSSAI:  PduSessionType: 0 RouteBitmap: 0] ] with score 101 and serial -2
12-10 19:09:46.173: I/ConnectivityService(1277): NetworkAgentInfo [VPN () - 612] NC 11
12-10 19:09:46.173: I/ConnectivityService(1277): NetworkAgentInfo [VPN () - 612] NC 16725
12-10 19:09:46.173: I/ConnectivityService(1277): NetworkAgentInfo [VPN () - 612] NC 9
12-10 19:09:46.173: I/ConnectivityService(1277): NetworkAgentInfo [VPN () - 612] NC 25
12-10 19:09:46.173: I/ConnectivityService(1277): NetworkAgentInfo [VPN () - 612] NC 4
12-10 19:09:46.173: I/ConnectivityService(1277): NetworkAgentInfo [VPN () - 612] NC 15
12-10 19:09:46.173: I/ConnectivityService(1277): NetworkAgentInfo [VPN () - 612] NC 6108
12-10 19:09:46.173: D/Ethernet(1277): got request NetworkRequest [ TRACK_DEFAULT id=16733, [ Capabilities: INTERNET&NOT_RESTRICTED&TRUSTED Uid: 10589 DNN:  SSCMODE: 0 SNSSAI:  PduSessionType: 0 RouteBitmap: 0] ] with score 101 and serial -2
12-10 19:09:46.173: I/ConnectivityService(1277): NetworkAgentInfo [VPN () - 612] NC 34
12-10 19:09:46.173: I/ConnectivityService(1277): NetworkAgentInfo [VPN () - 612] NC 16731
12-10 19:09:46.174: D/PhoneSwitcherNetworkRequstListener(2976): got request NetworkRequest [ TRACK_DEFAULT id=16733, [ Capabilities: INTERNET&NOT_RESTRICTED&TRUSTED Uid: 10589 DNN:  SSCMODE: 0 SNSSAI:  PduSessionType: 0 RouteBitmap: 0] ] with score 101 and serial -2
12-10 19:09:46.174: I/ConnectivityService(1277): rematching NetworkAgentInfo [WIFI () - 611]
12-10 19:09:46.174: I/ConnectivityService(1277): CS = 101, NS = 60
12-10 19:09:46.174: I/chatty(1277): uid=1000(system) ConnectivitySer identical 4 lines
12-10 19:09:46.174: I/ConnectivityService(1277): CS = 101, NS = 60
12-10 19:09:46.174: I/ConnectivityService(1277): NetworkAgentInfo [WIFI () - 611] NC 1
12-10 19:09:46.174: I/ConnectivityService(1277): CS = 101, NS = 60
12-10 19:09:46.174: I/chatty(1277): uid=1000(system) ConnectivitySer identical 3 lines
12-10 19:09:46.174: I/ConnectivityService(1277): CS = 101, NS = 60
12-10 19:09:46.174: I/ConnectivityService(1277): NetworkAgentInfo [WIFI () - 611] NC 13
12-10 19:09:46.174: I/ConnectivityService(1277): CS = 101, NS = 60
12-10 19:09:46.174: I/chatty(1277): uid=1000(system) ConnectivitySer identical 2 lines
12-10 19:09:46.174: I/ConnectivityService(1277): CS = 101, NS = 60
12-10 19:09:46.174: D/HwCustConnectivityManagerImpl(17933): isBlockNetworkRequestByNonAis, INVALID_SUBSCRIPTION_ID
12-10 19:09:46.175: I/ConnectivityService(1277): listenForNetwork for uid/pid:10589/17933 NetworkRequest [ LISTEN id=16734, [ Capabilities: INTERNET&NOT_RESTRICTED&TRUSTED&FOREGROUND Uid: 10589 DNN:  SSCMODE: 0 SNSSAI:  PduSessionType: 0 RouteBitmap: 0] ]
12-10 19:09:46.175: I/ConnectivityService(1277): rematching NetworkAgentInfo [VPN () - 612]
12-10 19:09:46.175: I/ConnectivityService(1277): NetworkAgentInfo [VPN () - 612] NC 21
12-10 19:09:46.175: I/ConnectivityService(1277): NetworkAgentInfo [VPN () - 612] NC 40
12-10 19:09:46.175: I/ConnectivityService(1277): NetworkAgentInfo [VPN () - 612] NC 37
12-10 19:09:46.175: I/ConnectivityService(1277): NetworkAgentInfo [VPN () - 612] NC 16723
12-10 19:09:46.175: I/ConnectivityService(1277): NetworkAgentInfo [VPN () - 612] NC 8
12-10 19:09:46.175: I/ConnectivityService(1277): NetworkAgentInfo [VPN () - 612] NC 16733
12-10 19:09:46.175: I/ConnectivityService(1277): NetworkAgentInfo [VPN () - 612] NC 11
12-10 19:09:46.175: I/ConnectivityService(1277): NetworkAgentInfo [VPN () - 612] NC 16725
12-10 19:09:46.176: I/ConnectivityService(1277): NetworkAgentInfo [VPN () - 612] NC 9
12-10 19:09:46.176: I/ConnectivityService(1277): NetworkAgentInfo [VPN () - 612] NC 25
12-10 19:09:46.176: I/ConnectivityService(1277): NetworkAgentInfo [VPN () - 612] NC 4
12-10 19:09:46.176: I/ConnectivityService(1277): NetworkAgentInfo [VPN () - 612] NC 15
12-10 19:09:46.176: I/ConnectivityService(1277): NetworkAgentInfo [VPN () - 612] NC 6108
12-10 19:09:46.176: I/ConnectivityService(1277): NetworkAgentInfo [VPN () - 612] NC 34
12-10 19:09:46.176: I/ConnectivityService(1277): NetworkAgentInfo [VPN () - 612] NC 16731
12-10 19:09:46.176: I/ConnectivityService(1277): rematching NetworkAgentInfo [WIFI () - 611]
12-10 19:09:46.176: I/ConnectivityService(1277): CS = 101, NS = 60
12-10 19:09:46.176: I/chatty(1277): uid=1000(system) ConnectivitySer identical 4 lines
12-10 19:09:46.176: I/ConnectivityService(1277): CS = 101, NS = 60
12-10 19:09:46.176: I/ConnectivityService(1277): NetworkAgentInfo [WIFI () - 611] NC 1
12-10 19:09:46.176: I/ConnectivityService(1277): CS = 101, NS = 60
12-10 19:09:46.176: I/chatty(1277): uid=1000(system) ConnectivitySer identical 3 lines
12-10 19:09:46.176: I/ConnectivityService(1277): CS = 101, NS = 60
12-10 19:09:46.176: I/ConnectivityService(1277): NetworkAgentInfo [WIFI () - 611] NC 13
12-10 19:09:46.176: I/ConnectivityService(1277): CS = 101, NS = 60
12-10 19:09:46.180: W/(1277): Failed to UpdateQosForCgroupInner, tid=0, policy=10
12-10 19:09:46.180: I/OPCollectLog(2938): OdmfHelper:insert database success 
12-10 19:09:46.180: I/OPCollectLog(2938): OdmfHelper:opcollectCache size: 1
12-10 19:09:46.180: I/OPCollectLog(2938): OdmfHelper:opcollectCache lastTime: 8152771291
12-10 19:09:46.183: E/FindCurApp(5375): CAWARENESS: appInWhiteList illegal parameters
12-10 19:09:46.192: W//system/bin/netd(673): A binder object at 0x7cdee93c80 is being transacted on, however, this object is in the same process as its proxy. Transacting with this binder is expensive compared to just calling the corresponding functionality in the same process.
12-10 19:09:46.192: I/PreDnsController(673): canPreDnsQuery,persist.sys.predns is false!
12-10 19:09:46.192: W//system/bin/netd(673): A binder object at 0x7cdee93c80 is being transacted on, however, this object is in the same process as its proxy. Transacting with this binder is expensive compared to just calling the corresponding functionality in the same process.
12-10 19:09:46.192: I/PreDnsController(673): canPreDnsQuery,persist.sys.predns is false!
12-10 19:09:46.196: D/HiTouch_PressGestureDetector(17933): onAttached, package=com.easefun.polyv.cloudclassdemo, windowType=1, mHiTouchRestricted=false
12-10 19:09:46.176: I/chatty(1277): uid=1000(system) ConnectivitySer identical 2 lines
12-10 19:09:46.176: I/ConnectivityService(1277): CS = 101, NS = 60
12-10 19:09:46.216: I/WindowManager(1277): Checking 1 opening apps (frozen=false timeout=false)...
12-10 19:09:46.216: I/WindowManager(1277): Check opening app=AppWindowToken{aed3d99 token=Token{b5cfcae ActivityRecord{b574c48 u0 com.easefun.polyv.cloudclassdemo/.watch.PolyvCloudClassHomeActivity t2256}}}: allDrawn=false startingDisplayed=false startingMoved=false isRelaunching()=false startingWindow=null
12-10 19:09:46.218: I/WindowManager(1277): Changing focus from null to Window{b2994e1 u0 com.easefun.polyv.cloudclassdemo/com.easefun.polyv.cloudclassdemo.watch.PolyvCloudClassHomeActivity} displayId=0 Callers=com.android.server.wm.RootWindowContainer.updateFocusedWindowLocked:4543288 com.android.server.wm.WindowManagerService.updateFocusedWindowLocked:4545508 com.android.server.wm.WindowManagerService.relayoutWindow:4701308 com.android.server.wm.Session.relayout:4695116 
12-10 19:09:46.218: V/HwPhoneWindowManager(1277): updateSystemUiColorLw window=Window{b2994e1 u0 com.easefun.polyv.cloudclassdemo/com.easefun.polyv.cloudclassdemo.watch.PolyvCloudClassHomeActivity},EmuiStyle=0,StatusBarColor=0xff000000,NavigationBarColor=0xfffcfcfc, mForceNotchStatusBar=false
12-10 19:09:46.218: D/ZrHung.AppEyeFocusWindow(1277): FocusWindowErrorScene cancelCheckFreezeScreen
12-10 19:09:46.218: D/ZrHung.AppEyeTransparentWindow(1277): TransparentWindow mHungConfigStatus = 0,mHungConfigEnable = 1
12-10 19:09:46.218: D/HwPhoneWindowManager(1277): Transact:setSystemUIColor to status bar service
12-10 19:09:46.219: I/HwCommandQueue(2484): updateBarBgColor
12-10 19:09:46.219: D/HwCommandQueue(2484): CommandQueue, setBarBackgroundColor
12-10 19:09:46.219: I/StatusBarDisable(1277): setFlags what=0 which=1 pkg=Window{b2994e1 u0 com.easefun.polyv.cloudclassdemo/com.easefun.polyv.cloudclassdemo.watch.PolyvCloudClassHomeActivity}
12-10 19:09:46.220: D/mali_winsys(17933): EGLint new_window_surface(egl_winsys_display *, void *, EGLSurface, EGLConfig, egl_winsys_surface **, EGLBoolean) returns 0x3000
12-10 19:09:46.221: I/GRALLOC(714): getCallingPid=752, shrFd=11,fmt=0x1,intFmt=0x200000001,btStrd=4352,size=10399744,pid=714 
12-10 19:09:46.221: I/GRALLOC(714): 	 yuv=2,w=1080,h=2340,Stride u=0 v=0,offset u=0 v=0 
12-10 19:09:46.221: I/GRALLOC(714): 	 iova_size=10399744,conUsg=0xb00,proUsg=0xb00,	 strd=1088,[afbc]HdrStrd=1088 PyldStrd=69632 Scrmbl=2, ionhnd = 0 
12-10 19:09:46.223: I/GRALLOC(714): getCallingPid=752, shrFd=11,fmt=0x1,intFmt=0x200000001,btStrd=4352,size=10399744,pid=714 
12-10 19:09:46.223: I/GRALLOC(714): 	 yuv=2,w=1080,h=2340,Stride u=0 v=0,offset u=0 v=0 
12-10 19:09:46.223: I/GRALLOC(714): 	 iova_size=10399744,conUsg=0xb00,proUsg=0xb00,	 strd=1088,[afbc]HdrStrd=1088 PyldStrd=69632 Scrmbl=2, ionhnd = 0 
12-10 19:09:46.228: D/PolyvCloudClassHomeActivity(17933): top:202
12-10 19:09:46.228: I/GRALLOC(714): getCallingPid=752, shrFd=11,fmt=0x1,intFmt=0x200000001,btStrd=4352,size=10399744,pid=714 
12-10 19:09:46.228: I/GRALLOC(714): 	 yuv=2,w=1080,h=2340,Stride u=0 v=0,offset u=0 v=0 
12-10 19:09:46.228: I/GRALLOC(714): 	 iova_size=10399744,conUsg=0xb00,proUsg=0xb00,	 strd=1088,[afbc]HdrStrd=1088 PyldStrd=69632 Scrmbl=2, ionhnd = 0 
12-10 19:09:46.236: D/DecorView(17933): showOrHideHighlightView: hasFocus=false; winMode=1; isMrgNull=true
12-10 19:09:46.237: I/WindowManager(1277): Checking 1 opening apps (frozen=false timeout=false)...
12-10 19:09:46.237: I/WindowManager(1277): Check opening app=AppWindowToken{aed3d99 token=Token{b5cfcae ActivityRecord{b574c48 u0 com.easefun.polyv.cloudclassdemo/.watch.PolyvCloudClassHomeActivity t2256}}}: allDrawn=true startingDisplayed=false startingMoved=false isRelaunching()=false startingWindow=null
12-10 19:09:46.237: I/WindowManager(1277): Checking 0 opening apps (frozen=false timeout=false)...
12-10 19:09:46.237: I/HwWindowManagerServiceEx(1277): closing apps count = 1
12-10 19:09:46.238: D/HwWindowManagerServiceEx(1277): is app exit to launcher info: transit = 6, app = AppWindowToken{ad04167 token=Token{b28cb67 ActivityRecord{b23a287 u0 com.easefun.polyv.cloudclassdemo/.login.PolyvCloudClassLoginActivity t2256}}}, window = Window{b1f0171 u0 com.easefun.polyv.cloudclassdemo/com.easefun.polyv.cloudclassdemo.login.PolyvCloudClassLoginActivity}, mClosingApps = {AppWindowToken{ad04167 token=Token{b28cb67 ActivityRecord{b23a287 u0 com.easefun.polyv.cloudclassdemo/.login.PolyvCloudClassLoginActivity t2256}}}}, topOpeningApp = AppWindowToken{aed3d99 token=Token{b5cfcae ActivityRecord{b574c48 u0 com.easefun.polyv.cloudclassdemo/.watch.PolyvCloudClassHomeActivity t2256}}}, mExitIconBitmap = null, mExitIconHeight = -1, mExitIconWidth = -1
12-10 19:09:46.238: E/WindowManager(1277): icon is null!!
12-10 19:09:46.240: D/HwWindowManagerServiceEx(1277): is app exit to launcher info: transit = 6, app = AppWindowToken{aed3d99 token=Token{b5cfcae ActivityRecord{b574c48 u0 com.easefun.polyv.cloudclassdemo/.watch.PolyvCloudClassHomeActivity t2256}}}, window = Window{b2994e1 u0 com.easefun.polyv.cloudclassdemo/com.easefun.polyv.cloudclassdemo.watch.PolyvCloudClassHomeActivity}, mClosingApps = {AppWindowToken{ad04167 token=Token{b28cb67 ActivityRecord{b23a287 u0 com.easefun.polyv.cloudclassdemo/.login.PolyvCloudClassLoginActivity t2256}}}}, topOpeningApp = AppWindowToken{aed3d99 token=Token{b5cfcae ActivityRecord{b574c48 u0 com.easefun.polyv.cloudclassdemo/.watch.PolyvCloudClassHomeActivity t2256}}}, mExitIconBitmap = null, mExitIconHeight = -1, mExitIconWidth = -1
12-10 19:09:46.240: E/WindowManager(1277): icon is null!!
12-10 19:09:46.242: I/WindowManager(1277): dispatchResized : win = Window{b2994e1 u0 com.easefun.polyv.cloudclassdemo/com.easefun.polyv.cloudclassdemo.watch.PolyvCloudClassHomeActivity} drawState = HAS_DRAWN
12-10 19:09:46.243: I/DebugKeepScreenOn(1277): setHoldScreenLocked newHoldScreen:Session{b000821 17933:u0a10589} currentHoldScreen:null wakeLockState:false
12-10 19:09:46.243: I/DebugKeepScreenOn(1277): Acquiring screen wakelock due to Window{b2994e1 u0 com.easefun.polyv.cloudclassdemo/com.easefun.polyv.cloudclassdemo.watch.PolyvCloudClassHomeActivity}
12-10 19:09:46.261: D/PolyvCommonVideoHelper(17933): show ppt sub:true
12-10 19:09:46.263: D/TextureRenderView(17933): willDetachFromWindow()
12-10 19:09:46.263: D/TextureRenderView(17933): didDetachFromWindow()
12-10 19:09:46.263: D/TextureRenderView(17933): onSurfaceTextureDestroyed: destroy: true
12-10 19:09:46.264: I/ScenarioService(2778): check surface view pkg: com.easefun.polyv.cloudclassdemo
12-10 19:09:46.269: D/OkHttp(17933): <-- 200 https://api.polyv.net/live/v3/channel/playback/get-video-by-vid?appId=f5jsikh980&channelId=1988521&vid=b8338e37437267df2e67be4c83ec00ac_b&timestamp=1607598586142&sign=A42CE3EC0F4D5C06E8D133C245A466CE&listType=playback (123ms)
12-10 19:09:46.269: D/OkHttp(17933): server: Tengine
12-10 19:09:46.269: D/OkHttp(17933): content-type: application/json;charset=UTF-8
12-10 19:09:46.269: D/OkHttp(17933): date: Thu, 10 Dec 2020 11:09:45 GMT
12-10 19:09:46.269: D/OkHttp(17933): set-cookie: acw_tc=7bf6c25416075985858018930e5919c73a3520f03b0c6a6e55ef6135b6;path=/;HttpOnly;Max-Age=1800
12-10 19:09:46.269: D/OkHttp(17933): access-control-allow-origin: *
12-10 19:09:46.269: D/OkHttp(17933): via: c34.l2st4-5(32,0), vc20.cn939(88,0)
12-10 19:09:46.269: D/OkHttp(17933): timing-allow-origin: *
12-10 19:09:46.269: D/OkHttp(17933): eagleid: 7bf6c25416075985858018930e
12-10 19:09:46.271: D/OkHttp(17933): {"code":200,"status":"success","message":"","data":{"offlineJSUrl":"http://static-polyv.oss-cn-shenzhen.aliyuncs.com/ppt-offline/pptForMobileWhenOffline.8b11210a5832a45d9529.zip","seed":0,"liveType":"ppt","origin":"clip","videoId":"cd3c9f641c","title":"高绩效学习——高品质“输入”与“输出”","qid":null,"listType":"playback","asDefault":"N","duration":"02:20:52","channelSessionId":"fsx60260f1","createdTime":1604989821000,"rank":0,"callbackUrl":null,"fileUrl":"https://oss-live-2.videocc.net/fc29cb1c8516043833466178103/recordclip-20201110142837-6780c0_1_s.mp4","startTime":"20201110073045","lang":"zh_CN","class":"com.live.domain.PlaybackVideo","channelId":1988521,"errorCount":0,"height":720,"playbackCacheEnabled":"N","mergeinfo":null,"enFileUrl":null,"ordertime":0,"userId":"b8338e3743","url":"https://oss-live-2.videocc.net/fc29cb1c8516043833466178103/recordclip-20201110142837-6780c0_1_s.mp4","myBr":"1","videoIdEN":null,"videoPoolId":"b8338e37437267df2e67be4c83ec00ac","width":1280,"videoCache":{"videoId":null,"videoPoolId":null,"userId":null,"channelId":null,"videoUrl":null,"videoSize":null,"zipUrl":null,"zipSize":null,"liveType":null,"status":null,"createdTime":null,"lastModified":null},"firstImage":"http://img.videocc.net/uimage/b/b8338e3743/c/b8338e37437267df2e67be4c83ec00ac_0.jpg","lastModified":1604990532000,"fileId":"441fa1ab96b3cc2ca6ae90f9683611ad","status":"Y"}}
12-10 19:09:46.272: D/OkHttp(17933): <-- END HTTP (1407-byte body)
12-10 19:09:46.272: V/ActivityManager(1277): Successfully start provider ContentProviderRecord{af9bddd u0 com.google.android.gsf/.gservices.GservicesProvider} launchingApp=ProcessRecord{b204ce1 21924:com.google.process.gservices/u0a108} caller pid= 31792
12-10 19:09:46.296: D/OpenGLRenderer(17933): disableOutlineDraw is true
12-10 19:09:46.308: D/DecorView(17933): showOrHideHighlightView: hasFocus=true; winMode=1; isMrgNull=true
12-10 19:09:46.309: W/InputMethodManager(17933): startInputReason = 1
12-10 19:09:46.312: D/PolyvBaseVideoView(17933): release player
12-10 19:09:46.312: D/PolyvBaseVideoView(17933): ╔═══════════════════════════════════════════════════════════════════════════════════════════════════
12-10 19:09:46.312: D/PolyvBaseVideoView(17933): ║ main, keepScreenOn(PolyvBaseVideoView.java:467)
12-10 19:09:46.312: D/PolyvBaseVideoView(17933): ╟───────────────────────────────────────────────────────────────────────────────────────────────────
12-10 19:09:46.312: D/PolyvBaseVideoView(17933): ║ release(boolean cleartargetstate) 设置屏幕常亮=false
12-10 19:09:46.312: D/PolyvBaseVideoView(17933): ╚═══════════════════════════════════════════════════════════════════════════════════════════════════
12-10 19:09:46.312: I/AudioManager(17933): abandonAudioFocus listener
12-10 19:09:46.313: I/MediaFocusControl(1277): abandonAudioFocus() from uid/pid 10589/17933 clientId=android.media.AudioManager@ceb18ffcom.easefun.polyv.businesssdk.api.common.service.PolyvAudioFocusManager@5f186cc
12-10 19:09:46.314: I/HwPCUtils#HwMediaFocusControl(1277): isMediaForDPExternalDisplay aa = null, clientId = android.media.AudioManager@ceb18ffcom.easefun.polyv.businesssdk.api.common.service.PolyvAudioFocusManager@5f186cc, pkgName = com.easefun.polyv.cloudclassdemo, mInDestopMode = false, uid = 10589, isHiCarMode = false
12-10 19:09:46.314: I/HwPCUtils#MediaFocusControl(1277):  abandonAudioFocus isInExternalDisplay = false
12-10 19:09:46.314: D/TextureRenderView(17933): willDetachFromWindow()
12-10 19:09:46.314: D/TextureRenderView(17933): didDetachFromWindow()
12-10 19:09:46.315: D/PolyvBaseVideoView(17933): base video initOptionParameters size ：6
12-10 19:09:46.315: D/PolyvBaseVideoView(17933): release player
12-10 19:09:46.315: I/PolyvPlaybackVideoItem(17933): onPreparing
12-10 19:09:46.315: D/PolyvPPTItem(17933): show polyvPPTWebView:0
12-10 19:09:46.316: D/IJKMEDIA(17933): IjkMediaPlayer_native_init
12-10 19:09:46.316: D/IJKMEDIA(17933): IjkMediaPlayer_native_setup
12-10 19:09:46.316: I/IJKMEDIA(17933): av_version_info: ff3.4--ijk0.8.7--20180103--001-vod-0.1.7
12-10 19:09:46.316: I/IJKMEDIA(17933): ijk_version_info: k0.8.8-plv-vod-0.5.0
12-10 19:09:46.316: D/IJKMEDIA(17933): ffpipeline_create_from_android()
12-10 19:09:46.316: D/IJKMEDIA(17933): ijkmp_set_inject_opaque(0x32a2)
12-10 19:09:46.316: D/IJKMEDIA(17933): ijkmp_set_inject_opaque()=void
12-10 19:09:46.316: D/IJKMEDIA(17933): ijkmp_set_ijkio_inject_opaque(0x32a2)
12-10 19:09:46.317: D/IJKMEDIA(17933): ijkmp_set_ijkio_inject_opaque()=void
12-10 19:09:46.317: D/IJKMEDIA(17933): ijkmp_android_set_mediacodec_select_callback()
12-10 19:09:46.317: D/IJKMEDIA(17933): ffpipeline_set_mediacodec_select_callback
12-10 19:09:46.317: D/IJKMEDIA(17933): ijkmp_android_set_mediacodec_select_callback()=void
12-10 19:09:46.317: D/IJKMEDIA(17933): IjkMediaPlayer_native_setLogLevel(4)
12-10 19:09:46.317: D/IJKMEDIA(17933): moncleanup
12-10 19:09:46.318: D/IJKMEDIA(17933): IjkMediaPlayer_setOptionLong
12-10 19:09:46.318: I/chatty(17933): uid=10589(com.easefun.polyv.cloudclassdemo) identical 7 lines
12-10 19:09:46.318: D/IJKMEDIA(17933): IjkMediaPlayer_setOptionLong
12-10 19:09:46.318: D/IJKMEDIA(17933): IjkMediaPlayer_setOption
12-10 19:09:46.318: I/chatty(17933): uid=10589(com.easefun.polyv.cloudclassdemo) identical 1 line
12-10 19:09:46.318: D/IJKMEDIA(17933): IjkMediaPlayer_setOption
12-10 19:09:46.318: D/IJKMEDIA(17933): IjkMediaPlayer_setOptionLong
12-10 19:09:46.318: I/chatty(17933): uid=10589(com.easefun.polyv.cloudclassdemo) identical 1 line
12-10 19:09:46.318: D/IJKMEDIA(17933): IjkMediaPlayer_setOptionLong
12-10 19:09:46.318: D/tv.danmaku.ijk.media.player.IjkMediaPlayer(17933): Couldn't open file on client side, trying server side
12-10 19:09:46.318: D/IJKMEDIA(17933): IjkMediaPlayer_setDataSourceAndHeaders
12-10 19:09:46.318: V/IJKMEDIA(17933): setDataSource: path ijkhttphook:https://oss-live-2.videocc.net/fc29cb1c8516043833466178103/recordclip-20201110142837-6780c0_1_s.mp4
12-10 19:09:46.318: D/IJKMEDIA(17933): ijkmp_set_data_source(url="ijkhttphook:https://oss-live-2.videocc.net/fc29cb1c8516043833466178103/recordclip-20201110142837-6780c0_1_s.mp4")
12-10 19:09:46.318: D/IJKMEDIA(17933): ijkmp_set_data_source(url="ijkhttphook:https://oss-live-2.videocc.net/fc29cb1c8516043833466178103/recordclip-20201110142837-6780c0_1_s.mp4")=0
12-10 19:09:46.318: W/tv.danmaku.ijk.media.player.IjkMediaPlayer(17933): setScreenOnWhilePlaying(true) is ineffective without a SurfaceHolder
12-10 19:09:46.318: D/IJKMEDIA(17933): IjkMediaPlayer_setOption
12-10 19:09:46.318: D/IJKMEDIA(17933): IjkMediaPlayer_prepareAsync
12-10 19:09:46.318: D/IJKMEDIA(17933): ijkmp_prepare_async()
12-10 19:09:46.318: I/IJKMEDIA(17933): ===== versions =====
12-10 19:09:46.318: I/IJKMEDIA(17933): ijkplayer    : k0.8.8-plv-vod-0.5.0
12-10 19:09:46.318: I/IJKMEDIA(17933): FFmpeg       : ff3.4--ijk0.8.7--20180103--001-vod-0.1.7
12-10 19:09:46.318: I/IJKMEDIA(17933): libavutil    : 55.78.100
12-10 19:09:46.318: I/IJKMEDIA(17933): libavcodec   : 57.107.100
12-10 19:09:46.318: I/IJKMEDIA(17933): libavformat  : 57.83.100
12-10 19:09:46.318: I/IJKMEDIA(17933): libswscale   : 4.8.100
12-10 19:09:46.318: I/IJKMEDIA(17933): libswresample: 2.9.100
12-10 19:09:46.318: I/IJKMEDIA(17933): SDL_RunThread: [18219] ff_msg_loop
12-10 19:09:46.318: I/IJKMEDIA(17933): ===== options =====
12-10 19:09:46.318: I/IJKMEDIA(17933): player-opts : opensles                     = 0
12-10 19:09:46.318: I/IJKMEDIA(17933): player-opts : overlay-format               = 842225234
12-10 19:09:46.318: I/IJKMEDIA(17933): player-opts : start-on-prepared            = 0
12-10 19:09:46.318: D/IJKMEDIA(17933): message_loop
12-10 19:09:46.318: I/IJKMEDIA(17933): player-opts : soundtouch                   = 1
12-10 19:09:46.318: I/IJKMEDIA(17933): player-opts : framedrop                    = 5
12-10 19:09:46.318: I/IJKMEDIA(17933): player-opts : mediacodec                   = 0
12-10 19:09:46.318: I/IJKMEDIA(17933): player-opts : enable-accurate-seek         = 1
12-10 19:09:46.318: I/IJKMEDIA(17933): format-opts : ijkapplication               = 494870804032
12-10 19:09:46.318: I/IJKMEDIA(17933): format-opts : ijkiomanager                 = 494872064384
12-10 19:09:46.318: I/IJKMEDIA(17933): format-opts : http-detect-range-support    = 0
12-10 19:09:46.318: I/IJKMEDIA(17933): format-opts : reconnect                    = 1
12-10 19:09:46.318: I/IJKMEDIA(17933): format-opts : allowed_extensions           = ALL
12-10 19:09:46.318: I/IJKMEDIA(17933): format-opts : user_agent                   = polyv-android-live-sdk-0.16.0-debug-time
12-10 19:09:46.318: I/IJKMEDIA(17933): format-opts : dns_cache_clear              = 1
12-10 19:09:46.318: I/IJKMEDIA(17933): format-opts : protocol_whitelist           = async,cache,crypto,file,http,https,ijkhttphook,ijkinject,ijklivehook,ijklongurl,ijksegment,ijktcphook,pipe,rtp,rtmp,tcp,tls,udp,ijkurlhook,data
12-10 19:09:46.318: I/IJKMEDIA(17933): codec-opts  : skip_loop_filter             = 0
12-10 19:09:46.318: I/IJKMEDIA(17933): ===================
12-10 19:09:46.318: D/IJKMEDIA(17933): FFP_MSG_FLUSH:
12-10 19:09:46.319: D/IJKMEDIA(17933): ijkmp_prepare_async()=0
12-10 19:09:46.319: I/IJKMEDIA(17933): SDL_RunThread: [18220] ff_vout
12-10 19:09:46.319: I/IJKMEDIA(17933): SDL_RunThread: [18221] ff_read
12-10 19:09:46.319: I/tv.danmaku.ijk.media.player.IjkMediaPlayer(17933): onNativeInvoke 131075
12-10 19:09:46.319: I/IJKMEDIA(17933): ijkhttphook https://oss-live-2.videocc.net/fc29cb1c8516043833466178103/recordclip-20201110142837-6780c0_1_s.mp4 (remain)
12-10 19:09:46.320: I/tv.danmaku.ijk.media.player.IjkMediaPlayer(17933): onNativeInvoke 1
12-10 19:09:46.320: I/IJKMEDIA(17933): will delete cache entry, hostname = oss-live-2.videocc.net
12-10 19:09:46.320: W//system/bin/netd(673): A binder object at 0x7cdee93c80 is being transacted on, however, this object is in the same process as its proxy. Transacting with this binder is expensive compared to just calling the corresponding functionality in the same process.
12-10 19:09:46.320: I/PreDnsController(673): canPreDnsQuery,persist.sys.predns is false!
12-10 19:09:46.322: D/OkHttp(17933): --> GET https://player.polyv.net/service/lts3/enc_fc29cb1c85_1988521.json
12-10 19:09:46.322: D/OkHttp(17933): --> END GET
12-10 19:09:46.324: I/DecorView[](17933):  old windowMode:1 new windoMode:1
12-10 19:09:46.326: I/DebugKeepScreenOn(1277): setHoldScreenLocked newHoldScreen:null currentHoldScreen:Session{b000821 17933:u0a10589} wakeLockState:true
12-10 19:09:46.326: I/DebugKeepScreenOn(1277): Releasing screen wakelock, obscured by null
12-10 19:09:46.330: W/tv.danmaku.ijk.media.player.IjkMediaPlayer(17933): setScreenOnWhilePlaying(true) is ineffective for Surface
12-10 19:09:46.330: D/IJKMEDIA(17933): IjkMediaPlayer_setVideoSurface
12-10 19:09:46.330: D/IJKMEDIA(17933): ijkmp_set_android_surface(surface=0x7fef002358)
12-10 19:09:46.330: D/IJKMEDIA(17933): ffpipeline_set_surface()
12-10 19:09:46.330: D/IJKMEDIA(17933): ijkmp_set_android_surface(surface=0x7fef002358)=void
12-10 19:09:46.333: V/ActivityTaskManager(1277): Activity idle: Token{b5cfcae ActivityRecord{b574c48 u0 com.easefun.polyv.cloudclassdemo/.watch.PolyvCloudClassHomeActivity t2256}}
12-10 19:09:46.335: V/ActivityTaskManager(1277): Stopping ActivityRecord{b23a287 u0 com.easefun.polyv.cloudclassdemo/.login.PolyvCloudClassLoginActivity t2256}: nowVisible=false animating=true finishing=false
12-10 19:09:46.337: D/HwConnectivityManagerImpl(1277): getNetworkPolicyFlag flagStr null
12-10 19:09:46.359: D/OkHttp(17933): <-- 200 https://api.polyv.net/live/v3/applet/sdk/get-channel-detail?channelId=1988521&timestamp=1607598586154&sign=791736EED2348F3B83390227E1627AAF&appId=f5jsikh980 (199ms)
12-10 19:09:46.359: D/OkHttp(17933): server: Tengine
12-10 19:09:46.359: D/OkHttp(17933): content-type: application/json;charset=UTF-8
12-10 19:09:46.359: D/OkHttp(17933): date: Thu, 10 Dec 2020 11:09:45 GMT
12-10 19:09:46.359: D/OkHttp(17933): set-cookie: acw_tc=7bf6c25416075985858138935e108e5acd7f208ddec321f45b97635cba;path=/;HttpOnly;Max-Age=1800
12-10 19:09:46.359: D/OkHttp(17933): access-control-allow-origin: *
12-10 19:09:46.359: D/OkHttp(17933): via: c24.l2st4-5(119,0), vc20.cn939(169,0)
12-10 19:09:46.359: D/OkHttp(17933): timing-allow-origin: *
12-10 19:09:46.359: D/OkHttp(17933): eagleid: 7bf6c25416075985858138935e
12-10 19:09:46.360: D/OkHttp(17933): {"code":200,"status":"success","message":"","data":{"channelId":1988521,"userId":"fc29cb1c85","name":"高绩效学习——高品质“输入”与“输出”","publisher":"郑荣禄","likes":2858,"pageView":1811,"coverImage":"http://liveimages.videocc.net/uploaded/images/2020/11/fspfua6gvy.jpg","status":"N","desc":"<p style=\"text-align:center;\"><img src=\"//liveimages.videocc.net/uploaded/images/2020/11/fspfok8s4l.jpg\"><br></p><p><br></p>","startTime":null,"stream":"fc29cb1c8516043833466178103","sendFlowersEnabled":"N","rtcType":"agora","roomId":"1988521","scene":"ppt","splashEnabled":"N","splashImg":null,"warmUpImg":"http://liveimages.videocc.net/uploaded/images/2020/11/fsx1hkf3u0.jpg","warmUpFlv":"","warmUpEnabled":"Y","warmUpType":"warmImage","imageClickUrl":"","playbackEnabled":"N","hasPlayback":false,"sessionId":"ftlmclvfeg","watchStatus":"end","watchThemeModel":{"pageSkin":"black","defaultTeacherImage":null,"watchLayout":"ppt","watchTemplateType":null},"recordFileSimpleModel":null,"authSettings":[{"channelId":1988521,"rank":1,"userId":"fc29cb1c85","globalSettingEnabled":"N","enabled":"Y","authType":"phone","authTips":"欢迎观看本次直播","payAuthTips":"欢迎观看本次直播","codeAuthTips":"欢迎观看本次直播","infoAuthTips":"欢迎观看本次直播","authCode":null,"qcodeTips":null,"qcodeImg":null,"price":0.00,"watchEndTime":null,"validTimePeriod":null,"customKey":"ln551w3w1k","customUri":null,"externalKey":"9k3m8k66rp","externalUri":null,"externalRedirectUri":null,"directKey":"06qh7lk67i","trialWatchEnabled":"N","trialWatchTime":null,"trialWatchEndTime":null,"whiteListInputTips":"","whiteListEntryText":"会员入口","infoDesc":null}],"channelMenus":[{"menuId":"7518e0a4a7","menuType":"desc","name":"直播介绍","ordered":1,"content":"<p style=\"text-align:center;\"><img src=\"//liveimages.videocc.net/uploaded/images/2020/11/fspfok8s4l.jpg\"><br></p><p><br></p>","lang":null},{"menuId":"73d0661251","menuType":"chat","name":"互动聊天","ordered":2,"content":"","lang":null},{"menuId":"f7f0c680ef","menuType":"quiz","name":"提问","ordered":3,"content":"","lang":null}],"playbackOrigin":"record","resolutionWidth":1280,"resolutionHeight":720,"globalRtcRecordSetting":{"userId":"fc29cb1c85","type":"close","notifyEnable":"N","notifyImg":"//livestatic.videocc.net/v_1111/webapp/assets/images/pause_notice_placeholder.png","notifyTip":null,"customInteractEnabled":"N","customInteractName":null,"customInteractUrl":null,"createdTime":1567429281000,"lastModified":1567429281000},"country":null,"infoFieldsModels":null,"chatDomain":"chat.polyv.net","chatApiDomain":"apichat.polyv.net","viewerSignalEnabled":"N","awardTrophyEnabled":"N","sectionEnabled":"Y","logoHref":null,"advertHref":null,"streamType":"client","pureRtcEnabled":"N","rtcAudioSubEnabled":"Y","pureRtcAvailState":"N","masterChannelId":1988521,"masterStream":"fc29cb1c8516043833466178103","transmitType":"single","transmitEnabled":"Y"}}
12-10 19:09:46.360: D/OkHttp(17933): <-- END HTTP (2959-byte body)
12-10 19:09:46.365: D/HwConnectivityManagerImpl(1277): getNetworkPolicyFlag flagStr null
12-10 19:09:46.420: I/HiTraceC(18226): entered LogRegisterGetIdFun
12-10 19:09:46.420: I/HiTraceC(18226): entered HiTraceInit
12-10 19:09:46.436: D/OkHttp(17933): --> GET https://api.polyv.net/v2/danmu?vid=b8338e37437267df2e67be4c83ec00ac_b&origin=playback&limit=300&time=00%3A00%3A00
12-10 19:09:46.436: D/OkHttp(17933): --> END GET
12-10 19:09:46.468: D/PolyvWebview(17933): onPageStarted
12-10 19:09:46.472: I/chromium(17933): [INFO:CONSOLE(1)] "Error parsing a meta element's content: ';' is not a valid key-value pair separator. Please use ',' instead.", source: https://player.polyv.net/resp/ppt-h5/latest/page/pptForMobile.html?domainName=apichat.polyv.net&pptBackgroundImg=https://player.polyv.net/resp/ppt-h5/latest/images/ppt-back-dark.png&pptBackgroundImgWidth=12%&pptBackgroundColor=rgb(57,56,66) (1)
12-10 19:09:46.485: D/PolyvWebview(17933): onPageStarted
12-10 19:09:46.489: E/ScreemCommon(934): unknow fps mode
12-10 19:09:46.490: E/ScreemCommon(934): failed to recording jank bigdata of different frame rates
12-10 19:09:46.496: W/ScreemCommon(934): processEntry, not beta version or commercial log off
12-10 19:09:46.514: D/OkHttp(17933): <-- 200 https://api.polyv.net/v2/danmu?vid=b8338e37437267df2e67be4c83ec00ac_b&origin=playback&limit=300&time=00%3A00%3A00 (78ms)
12-10 19:09:46.514: D/OkHttp(17933): server: Tengine
12-10 19:09:46.514: D/OkHttp(17933): content-type: application/json;charset=UTF-8
12-10 19:09:46.514: D/OkHttp(17933): date: Thu, 10 Dec 2020 11:09:46 GMT
12-10 19:09:46.514: D/OkHttp(17933): set-cookie: acw_tc=7bf6c25416075985860768984e3d15b57e46a427d656a8ed4e5e8edd8e;path=/;HttpOnly;Max-Age=1800
12-10 19:09:46.514: D/OkHttp(17933): access-control-allow-origin: *
12-10 19:09:46.514: D/OkHttp(17933): via: c34.l2st4-5(5,0), vc20.cn939(61,0)
12-10 19:09:46.514: D/OkHttp(17933): timing-allow-origin: *
12-10 19:09:46.514: D/OkHttp(17933): eagleid: 7bf6c25416075985860768984e
12-10 19:09:46.515: D/OkHttp(17933): [{"id":12258680,"msg":"嗯","time":"00:00:07","fontSize":"18","fontMode":"roll","fontColor":"0xFFFFFF","timestamp":"2020-11-12 17:18:33","sessionId":null,"param2":null,"msgType":"speak","user":{"channelId":"1988521","nick":"学员26f9fd9e8b3768ce","pic":"https://s1.videocc.net/face.png","roomId":"1988521","userId":"26f9fd9e8b3768ce","userType":"slice"},"content":null,"origin":"playback"}]
12-10 19:09:46.515: D/OkHttp(17933): <-- END HTTP (391-byte body)
12-10 19:09:46.581: V/ActivityTaskManager(1277): Activity idle: null
12-10 19:09:46.599: W/BufferQueueProducer(752): [com.easefun.polyv.cloudclassdemo/com.easefun.polyv.cloudclassdemo.login.PolyvCloudClassLoginActivity#0]:1368: disconnect: not connected (req=1)
12-10 19:09:46.599: W/libEGL(17933): EGLNativeWindowType 0x7396e4e210 disconnect failed
12-10 19:09:46.612: I/WindowManager(1277): notifyAppStopped: AppWindowToken{ad04167 token=Token{b28cb67 ActivityRecord{b23a287 u0 com.easefun.polyv.cloudclassdemo/.login.PolyvCloudClassLoginActivity t2256}}}
12-10 19:09:46.612: E/WindowManager(1277): win=Window{b1f0171 u0 com.easefun.polyv.cloudclassdemo/com.easefun.polyv.cloudclassdemo.login.PolyvCloudClassLoginActivity} destroySurfaces: appStopped=true win.mWindowRemovalAllowed=false win.mRemoveOnExit=false
12-10 19:09:46.620: I/chromium(17933): [INFO:CONSOLE(1)] "ppt version: 2020-12-02 15:23:13", source: https://player.polyv.net/resp/ppt-h5/latest/pptForMobile.54fda556db66c8041ba5.js (1)
12-10 19:09:46.647: D/PolyvWebview(17933): onPageFinished
12-10 19:09:46.665: D/PolyvWebview(17933): onPageFinished
12-10 19:09:46.670: I/chromium(17933): [INFO:CONSOLE(1)] "{"callbackId":"JAVA_CB_1_970","data":"{ \"vid\":\"b8338e37437267df2e67be4c83ec00ac_b\",\"appId\":\"f5jsikh980\",\"timestamp\":1607598586141,\"sign\":\"5EFCDC3759B272834CEAE66DE4810743\"}","handlerName":"videoStart"}", source:  (1)
12-10 19:09:46.670: I/chromium(17933): [INFO:CONSOLE(1)] "{"callbackId":"JAVA_CB_2_986","data":"{\"time\":0}","handlerName":"pptPlay"}", source:  (1)
12-10 19:09:46.676: W//system/bin/netd(673): A binder object at 0x7cdee93c80 is being transacted on, however, this object is in the same process as its proxy. Transacting with this binder is expensive compared to just calling the corresponding functionality in the same process.
12-10 19:09:46.676: I/PreDnsController(673): canPreDnsQuery,persist.sys.predns is false!
12-10 19:09:46.678: D/PolyvPPTVodProcessor(17933): receive call handler data ：收到请求画笔数据需要的信息
12-10 19:09:46.679: D/PolyvPPTVodProcessor(17933): receive call handler data ：画笔未初始化
12-10 19:09:46.734: D/HwConnectivityManagerImpl(1277): getNetworkPolicyFlag flagStr null
12-10 19:09:46.734: I/tv.danmaku.ijk.media.player.IjkMediaPlayer(17933): onNativeInvoke 131073
12-10 19:09:46.734: I/tv.danmaku.ijk.media.player.IjkMediaPlayer(17933): onNativeInvoke 131074
12-10 19:09:46.734: I/IJKMEDIA(17933): Add dns cache hostname = oss-live-2.videocc.net, ip = 106.117.243.226
12-10 19:09:46.819: D/HwConnectivityManagerImpl(1277): getNetworkPolicyFlag flagStr null
12-10 19:09:46.834: I/IJKMEDIA(17933): request: GET /fc29cb1c8516043833466178103/recordclip-20201110142837-6780c0_1_s.mp4 HTTP/1.1
12-10 19:09:46.834: I/IJKMEDIA(17933): User-Agent: polyv-android-live-sdk-0.16.0-debug-time
12-10 19:09:46.834: I/IJKMEDIA(17933): Accept: */*
12-10 19:09:46.834: I/IJKMEDIA(17933): Range: bytes=0-
12-10 19:09:46.834: I/IJKMEDIA(17933): Connection: close
12-10 19:09:46.834: I/IJKMEDIA(17933): Host: oss-live-2.videocc.net
12-10 19:09:46.834: I/IJKMEDIA(17933): Icy-MetaData: 1
12-10 19:09:46.857: D/PolyvQuestionWebView(17933): ╔═══════════════════════════════════════════════════════════════════════════════════════════════════
12-10 19:09:46.857: D/PolyvQuestionWebView(17933): ║ main, handler(PolyvAnswerWebView.java:158)
12-10 19:09:46.857: D/PolyvQuestionWebView(17933): ╟───────────────────────────────────────────────────────────────────────────────────────────────────
12-10 19:09:46.857: D/PolyvQuestionWebView(17933): ║ web view 加载url 完成。
12-10 19:09:46.857: D/PolyvQuestionWebView(17933): ╚═══════════════════════════════════════════════════════════════════════════════════════════════════
12-10 19:09:46.917: I/HiTraceC(18241): entered LogRegisterGetIdFun
12-10 19:09:46.917: I/HiTraceC(18241): entered HiTraceInit
12-10 19:09:47.036: W/wei.intelligen(18322): Reducing the number of considered missed Gc histogram windows from 127 to 100
12-10 19:09:47.086: I/tv.danmaku.ijk.media.player.IjkMediaPlayer(17933): onNativeInvoke 2
12-10 19:09:47.087: I/tv.danmaku.ijk.media.player.IjkMediaPlayer(17933): onNativeInvoke 131075
12-10 19:09:47.087: I/IJKMEDIA(17933): ijkhttphook https://oss-live-2.videocc.net/fc29cb1c8516043833466178103/recordclip-20201110142837-6780c0_1_s.mp4 (remain)
12-10 19:09:47.087: I/tv.danmaku.ijk.media.player.IjkMediaPlayer(17933): onNativeInvoke 3
12-10 19:09:47.087: I/IJKMEDIA(17933): will delete cache entry, hostname = oss-live-2.videocc.net
12-10 19:09:47.088: W//system/bin/netd(673): A binder object at 0x7cdee93c80 is being transacted on, however, this object is in the same process as its proxy. Transacting with this binder is expensive compared to just calling the corresponding functionality in the same process.
12-10 19:09:47.088: I/PreDnsController(673): canPreDnsQuery,persist.sys.predns is false!
12-10 19:09:47.092: I/tv.danmaku.ijk.media.player.IjkMediaPlayer(17933): onNativeInvoke 131073
12-10 19:09:47.092: I/tv.danmaku.ijk.media.player.IjkMediaPlayer(17933): onNativeInvoke 131074
12-10 19:09:47.092: I/IJKMEDIA(17933): Add dns cache hostname = oss-live-2.videocc.net, ip = 106.117.243.226
12-10 19:09:47.092: D/HwConnectivityManagerImpl(1277): getNetworkPolicyFlag flagStr null
12-10 19:09:47.161: D/OkHttp(17933): <-- 200 https://player.polyv.net/service/lts3/enc_fc29cb1c85_1988521.json (838ms)
12-10 19:09:47.161: D/OkHttp(17933): server: Tengine
