12-10 19:09:56.431: I/MediaFocusControl(1277): requestAudioFocus() from uid/pid 10589/17933 clientId=android.media.AudioManager@ceb18ffcom.easefun.polyv.businesssdk.api.common.service.PolyvAudioFocusManager@5f186cc callingPack=com.easefun.polyv.cloudclassdemo req=2 flags=0x0 sdk=29
12-10 19:09:56.431: I/audio_hw_effect(725): get streamType fail: -2
12-10 19:09:56.432: I/HwPCUtils#HwMediaFocusControl(1277): isMediaForDPExternalDisplay aa = AudioAttributes: usage=USAGE_MEDIA content=CONTENT_TYPE_MUSIC flags=0x800 tags= bundle=null, clientId = android.media.AudioManager@ceb18ffcom.easefun.polyv.businesssdk.api.common.service.PolyvAudioFocusManager@5f186cc, pkgName = com.easefun.polyv.cloudclassdemo, mInDestopMode = false, uid = 10589, isHiCarMode = false
12-10 19:09:56.432: I/HwPCUtils#MediaFocusControl(1277): requestAudioFocus isInExternalDisplay = false
12-10 19:09:56.432: I/Pged-IPgedBinderListenerService(914): clear process report time
12-10 19:09:56.432: D/IJKMEDIA(17933): IjkMediaPlayer_start
12-10 19:09:56.432: D/IJKMEDIA(17933): ijkmp_start()
12-10 19:09:56.432: D/IJKMEDIA(17933): ijkmp_start()=0
12-10 19:09:56.432: D/IJKMEDIA(17933): ijkmp_get_msg: FFP_REQ_START
12-10 19:09:56.432: I/APM_AudioPolicyManager(748): setOutputDevices: suppressing checkDeviceMuteStrategies
12-10 19:09:56.432: I/APM_AudioPolicyManager(748): setOutputDevices setting same device {type:0x2} or null device, force=0, patch handle=6
12-10 19:09:56.432: D/PGAudioState(2778): audio focus pkg: com.easefun.polyv.cloudclassdemo from pid: 1277
12-10 19:09:56.432: I/PolyvPlaybackVideoItem(17933): onPlay：true
12-10 19:09:56.432: I/APM::AudioOutputDescriptor(748): do not setVolume.
12-10 19:09:56.432: I/APM_AudioPolicyManager(748): checkAndSetVolume volumeSource 6, index 9, device 00000002, volumeDb -18.000000, output 13 
12-10 19:09:56.433: I/AppManager(2778): audio focus pkg: com.easefun.polyv.cloudclassdemo
12-10 19:09:56.434: I/audio_hw_effect(725): get streamType fail: -2
12-10 19:09:56.434: I/audio_hw_effect(725): sws current device is speaker: 2
12-10 19:09:56.435: I/audio_hw_effect(725): voice enhance volume index value: 9
12-10 19:09:56.436: D/AudioPolicyManagerCustomBase(748): virtual audio log:getDeviceForOutVirtualAudio,after instead  device 2
12-10 19:09:56.436: E/PolyvVodQOSAnalytics(17933): str is null
12-10 19:09:56.436: I/chatty(17933): uid=10589(com.easefun.polyv.cloudclassdemo) identical 2 lines
12-10 19:09:56.436: E/PolyvVodQOSAnalytics(17933): str is null
12-10 19:09:56.437: I/virtual_btn_hal(725): audio is run
12-10 19:09:56.437: I/APM_AudioPolicyManager(748): sendAudioCloseOrOpen changed isAudioOpen=1
12-10 19:09:56.438: D/android.media.AudioTrack(17933): [HSM] AudioTrace play() uid: 10589, pid: 17933
12-10 19:09:56.438: D/AudioMixer(748): create ModeEQInit name: 0x843
12-10 19:09:56.438: I/peq_android(748): PEQ_OUTPROC_INIT success
12-10 19:09:56.438: I/AudioMixer(748): Pid:748 add track, name 2115
12-10 19:09:56.438: D/(748): updateBypassState(bypass=0)
12-10 19:09:56.438: D/DlbDlbEffect(725): handle_EFFECT_CMD_SET_PARAM()
12-10 19:09:56.438: D/DlbCrossfadeProcess(725): setEnabled transitioning from DAP_BYPASSED state to PREROLL_ACTIVE
12-10 19:09:56.438: I/PGAudioState(2778): AUDIO_ADD_ACTIVE_TRACK, track id : 2115
12-10 19:09:56.438: I/PGAudioState(2778): not start audio out because audio inactive pid: 17933 uid:10589
12-10 19:09:56.438: D/PolyvBaseVideoView(17933): start isFirstStart:true
12-10 19:09:56.439: I/AudioManager(17933): requestAudioFocus streamType: 3 durationHint: 2
12-10 19:09:56.439: W/AudioManager(17933): Use of stream types is deprecated for operations other than volume control
12-10 19:09:56.439: W/AudioManager(17933): See the documentation for what to use instead with android.media.AudioAttributes to qualify your playback use case
12-10 19:09:56.439: I/MediaFocusControl(1277): requestAudioFocus() from uid/pid 10589/17933 clientId=android.media.AudioManager@ceb18ffcom.easefun.polyv.businesssdk.api.common.service.PolyvAudioFocusManager@5f186cc callingPack=com.easefun.polyv.cloudclassdemo req=2 flags=0x0 sdk=29
12-10 19:09:56.439: D/OkHttp(17933): --> GET https://prtas.videocc.net/qos?pid=1607598586141X1403542&uid=c538856dde&vid=b8338e37437267df2e67be4c83ec00ac_b&time=10119&type=loading&domain=&session_id=fsx60260f1&param1=&param2=&param3=&param4=&param5=polyv-android-vod-sdk0.16.0-20200824
12-10 19:09:56.439: D/OkHttp(17933): --> END GET
12-10 19:09:56.439: I/HwPCUtils#HwMediaFocusControl(1277): isMediaForDPExternalDisplay aa = AudioAttributes: usage=USAGE_MEDIA content=CONTENT_TYPE_MUSIC flags=0x800 tags= bundle=null, clientId = android.media.AudioManager@ceb18ffcom.easefun.polyv.businesssdk.api.common.service.PolyvAudioFocusManager@5f186cc, pkgName = com.easefun.polyv.cloudclassdemo, mInDestopMode = false, uid = 10589, isHiCarMode = false
12-10 19:09:56.439: I/HwPCUtils#MediaFocusControl(1277): requestAudioFocus isInExternalDisplay = false
12-10 19:09:56.439: I/HwPCUtils#HwMediaFocusControl(1277): isMediaForDPExternalDisplay aa = AudioAttributes: usage=USAGE_MEDIA content=CONTENT_TYPE_MUSIC flags=0x800 tags= bundle=null, clientId = android.media.AudioManager@ceb18ffcom.easefun.polyv.businesssdk.api.common.service.PolyvAudioFocusManager@5f186cc, pkgName = com.easefun.polyv.cloudclassdemo, mInDestopMode = false, uid = 10589, isHiCarMode = false
12-10 19:09:56.439: I/HwPCUtils#HwMediaFocusControl(1277): travelsFocusedStack isInExternalDisplay = false
12-10 19:09:56.439: D/IJKMEDIA(17933): IjkMediaPlayer_start
12-10 19:09:56.439: D/IJKMEDIA(17933): ijkmp_start()
12-10 19:09:56.440: D/IJKMEDIA(17933): ijkmp_start()=0
12-10 19:09:56.440: D/DlbDapBufferAdapter(725): checkPopAndMuteOutput(), input change between non-silent and silent, mIsSilentInput=1, mLastIsSilentInput=0
12-10 19:09:56.440: I/PolyvPlaybackVideoItem(17933): onPlay：false
12-10 19:09:56.440: I/audio_hw_primary(725): start_output_stream++:type is 0, device is 0x2,pcm is NULL, voice_pcm is NULL
12-10 19:09:56.440: E/HsmCoreServiceImpl(2744): onTransact in code is: 102
12-10 19:09:56.440: I/MediaProcessHandler(2744): processOp opType: 0, uid: 10589, pid: 17933
12-10 19:09:56.440: I/MediaProcessHandler(2744): executedCallBack opType: 0 mMediaStatusObservers.size=0
12-10 19:09:56.441: D/PolyvBaseVideoView(17933): notifyOnPrepared
12-10 19:09:56.441: I/audio_hw_primary(725): out_stream_type_match: stream type 8 match
12-10 19:09:56.441: I/sound_trigger_hw(725): sound_trigger_soc_normal_enable
12-10 19:09:56.441: I/audio_hw_primary(725): change_soundtrigger_to_soc 671: sound_trigger_soc_normal_enable true
12-10 19:09:56.441: I/audio_hw_primary(725): select_devices++ mode[0]
12-10 19:09:56.441: I/audio_hw_primary(725): soundtrigger_standing wakeup path no need to open, standby is 1, mode is 0
12-10 19:09:56.441: I/audio_hw_primary(725): select_path: input_source_id 0, output_device_id 0x2
12-10 19:09:56.441: I/audio_hw_primary(725): get_input_route_by_scene: input_source_id 0, output_device_id 0x2
12-10 19:09:56.441: D/IJKMEDIA(17933): ijkmp_get_msg: FFP_REQ_START
12-10 19:09:56.441: W//system/bin/netd(673): A binder object at 0x7cdee93c80 is being transacted on, however, this object is in the same process as its proxy. Transacting with this binder is expensive compared to just calling the corresponding functionality in the same process.
12-10 19:09:56.441: W/audio_custom(725): getConfigValue: open dts file failed! May not need in this case
12-10 19:09:56.441: I/PreDnsController(673): canPreDnsQuery,persist.sys.predns is false!
12-10 19:09:56.441: W/audio_custom(725): record_effect_init: get record_algo_compatible failed, may not need
12-10 19:09:56.442: I/audio_hw_primary(725): select_devices d:0x2 is:0 or:media-speaker ir:none id:0
12-10 19:09:56.442: I/smartpakit(725): pa_manager->device=0, out_device=2, pa_manager->mode=0, mode=0, same_scene=0, on=0
12-10 19:09:56.442: I/smartpakit(725): is not tty mode
12-10 19:09:56.442: I/smartpakit(725): is not mmi mode
12-10 19:09:56.442: I/smartpakit(725): smartpa status not changed when dev_power_off, skip
12-10 19:09:56.442: I/dsp_common(725): dsp_common_control_algo:set device = 2
12-10 19:09:56.442: D/audio_route(725): Apply path: media-speaker
12-10 19:09:56.442: I/audio_hw_primary(725): soundtrigger_standing wakeup path no need to open, standby is 1, mode is 0
12-10 19:09:56.442: I/audio_hw_primary(725): pa is on, cannot start ir study, device is 2
12-10 19:09:56.442: D/audio_route(725): Apply path: media-speaker
12-10 19:09:56.442: I/audio_hw_primary(725): soundtrigger_standing wakeup path no need to open, standby is 1, mode is 0
12-10 19:09:56.442: I/audio_hw_primary(725): pa is on, cannot start ir study, device is 2
12-10 19:09:56.443: D/PGAudioState(2778): audio focus pkg: com.easefun.polyv.cloudclassdemo from pid: 1277
12-10 19:09:56.443: I/AppManager(2778): audio focus pkg: com.easefun.polyv.cloudclassdemo
12-10 19:09:56.444: I/DecorView[](17933):  old windowMode:1 new windoMode:1
12-10 19:09:56.446: D/IJKMEDIA(17933): FFP_MSG_AUDIO_RENDERING_START:
12-10 19:09:56.446: I/DebugKeepScreenOn(1277): setHoldScreenLocked newHoldScreen:Session{b000821 17933:u0a10589} currentHoldScreen:null wakeLockState:false
12-10 19:09:56.446: I/DebugKeepScreenOn(1277): Acquiring screen wakelock due to Window{b2994e1 u0 com.easefun.polyv.cloudclassdemo/com.easefun.polyv.cloudclassdemo.watch.PolyvCloudClassHomeActivity}
12-10 19:09:56.447: I/PGAudioState(2778): stop from audioTrack sessionId: 15537
12-10 19:09:56.447: I/PGServer(2778): report state:2 event type:2 pid:17933 uid:10589 pkg:null to pid: 1277
12-10 19:09:56.447: I/PGServer(2778): report state:2 event type:2 pid:17933 uid:10589 pkg:null to pid: 2778
12-10 19:09:56.447: D/PGAudioState(2778): audio type:out state:stop pid:17933 uid:10589
12-10 19:09:56.448: D/IJKMEDIA(17933): IjkMediaPlayer_start
12-10 19:09:56.448: D/IJKMEDIA(17933): ijkmp_start()
12-10 19:09:56.448: D/IJKMEDIA(17933): ijkmp_start()=0
12-10 19:09:56.449: I/PGServer(2778): checkPkgType. calling pkg: android
12-10 19:09:56.449: D/IJKMEDIA(17933): FFP_MSG_SEI_DATA_REFRESH:
12-10 19:09:56.449: D/IJKMEDIA(17933): FFP_MSG_SEI_DATA_REFRESH:
12-10 19:09:56.449: D/IJKMEDIA(17933): ijkmp_get_msg: FFP_REQ_START
12-10 19:09:56.449: I/HwAudioServiceEx(1277): VBR HwAudioService:music app exit -1
12-10 19:09:56.449: V/HwAudioServiceEx(1277): no process apptype
12-10 19:09:56.450: I/chromium(17933): [INFO:CONSOLE(1)] "{"callbackId":"JAVA_CB_3_1878","data":"{\"time\":0}","handlerName":"pptPlay"}", source:  (1)
12-10 19:09:56.452: D/PolyvBaseVideoView(17933): notifyOnInfo
12-10 19:09:56.452: D/PolyvBaseVideoView(17933): MEDIA_INFO_VIDEO_ROTATION_CHANGED: 0
12-10 19:09:56.452: D/PolyvBaseVideoView(17933): notifyOnInfo
12-10 19:09:56.452: D/PolyvBaseVideoView(17933): MEDIA_INFO_AUDIO_RENDERING_START:
12-10 19:09:56.452: E/tv.danmaku.ijk.media.player.IjkMediaPlayer(17933): Unknown message type 201
12-10 19:09:56.453: D/PolyvBaseVideoView(17933): notifyOnBufferingUpdate
12-10 19:09:56.453: E/tv.danmaku.ijk.media.player.IjkMediaPlayer(17933): Unknown message type 201
12-10 19:09:56.454: D/PolyvPPTVodProcessor(17933): receive call handler data ：获得开始播放信息
12-10 19:09:56.465: I/audio_pop(725): pop change S4_OL_SWITCH ENABLE dir 1
12-10 19:09:56.465: I/audio_pop(725): pop change S4_OR_SWITCH ENABLE dir 1
12-10 19:09:56.472: D/IJKMEDIA(17933): FFP_MSG_VIDEO_SIZE_CHANGED: 1280, 720
12-10 19:09:56.472: D/IJKMEDIA(17933): SDL_VoutFFmpeg_CreateOverlay(w=1280, h=720, fmt=RV32(0x32335652, dp=0x7338adf2c0)
12-10 19:09:56.473: D/IJKMEDIA(17933): Video: first frame decoded
12-10 19:09:56.473: D/IJKMEDIA(17933): FFP_MSG_VIDEO_DECODED_START:
12-10 19:09:56.473: D/IJKMEDIA(17933): SDL_VoutFFmpeg_CreateOverlay(w=1280, h=720, fmt=RV32(0x32335652, dp=0x7338adf2c0)
12-10 19:09:56.473: D/IJKMEDIA(17933): FFP_MSG_VIDEO_SIZE_CHANGED: 1280, 720
12-10 19:09:56.477: D/IJKMEDIA(17933): SDL_VoutFFmpeg_CreateOverlay(w=1280, h=720, fmt=RV32(0x32335652, dp=0x7338adf2c0)
12-10 19:09:56.477: D/IJKMEDIA(17933): FFP_MSG_VIDEO_SIZE_CHANGED: 1280, 720
12-10 19:09:56.478: D/PolyvBaseVideoView(17933): notifyOnInfo
12-10 19:09:56.483: D/IJKMEDIA(17933): ANativeWindow_setBuffersGeometry: w=373, h=210, f=(0x1) => w=1280, h=720, f=RV32(0x32335652)
12-10 19:09:56.484: I/hwservicemanager(498): getTransport: Cannot find entry android.hardware.graphics.allocator@3.0::IAllocator/default in either framework or device manifest.
12-10 19:09:56.485: W/Gralloc3(17933): allocator 3.x is not supported
12-10 19:09:56.486: I/GRALLOC(714): getCallingPid=17933, shrFd=11,fmt=0x2,intFmt=0x2,btStrd=5120,size=3686400,pid=714 
12-10 19:09:56.486: I/GRALLOC(714): 	 yuv=2,w=1280,h=720,Stride u=0 v=0,offset u=0 v=0 
12-10 19:09:56.486: I/GRALLOC(714): 	 iova_size=3686400,conUsg=0x106,proUsg=0x166,	 strd=1280,[afbc]HdrStrd=0 PyldStrd=0 Scrmbl=0, ionhnd = 0 
12-10 19:09:56.487: D/IJKMEDIA(17933): FFP_MSG_VIDEO_RENDERING_START:
12-10 19:09:56.493: I/audio_pop(725): pop change PLAY48K_SWITCH ENABLE dir 1
12-10 19:09:56.493: I/dsp_common(725): dsp_common_control_algo:set device = 2
12-10 19:09:56.493: I/smartpakit(725): pa_manager->device=0, out_device=2, pa_manager->mode=0, mode=0, same_scene=0, on=1
12-10 19:09:56.493: I/smartpakit(725): is not tty mode
12-10 19:09:56.493: I/smartpakit(725): is not mmi mode
12-10 19:09:56.493: I/smartpakit(725): enable_smartpa_algo_nondsp, algo_scene is SMARTPA_MUSIC
12-10 19:09:56.493: I/smartpakit(725): smartpa_algo_control: enter, cmd = 7
12-10 19:09:56.493: I/spk_dev_interface(725): soc_adsp_send_sync_cmd: enter, in_size 0x1304, out_size 0x0
12-10 19:09:56.493: I/smartpakit(725): smartpa_algo_control: enter, cmd = 8
12-10 19:09:56.493: I/spk_dev_interface(725): soc_adsp_send_sync_cmd: enter, in_size 0xf4, out_size 0x0
12-10 19:09:56.494: I/tv.danmaku.ijk.media.player.IjkMediaPlayer(17933): Info: MEDIA_INFO_VIDEO_RENDERING_START
12-10 19:09:56.494: D/PolyvBaseVideoView(17933): notifyOnInfo
12-10 19:09:56.494: D/PolyvBaseVideoView(17933): MEDIA_INFO_VIDEO_RENDERING_START:
12-10 19:09:56.494: I/smartpakit(725): smartpa_algo_control: enter, cmd = 18
12-10 19:09:56.494: I/spk_dev_interface(725): soc_adsp_send_sync_cmd: enter, in_size 0x14, out_size 0x0
12-10 19:09:56.499: I/smartpa_chip_control(725): power on l(POWER_ON_L) succ
12-10 19:09:56.499: I/audio_hw_primary(725): select_devices--
12-10 19:09:56.499: I/audio_hw_primary(725): start_output_stream--
12-10 19:09:56.499: I/falling_pop_elim(725): pop_device_open succeed, falling num 768 bytes 7680 output_type 0 format 5
12-10 19:09:56.500: I/PGAudioState(2778): AUDIO_SET_FINAL_VOLUME, track id : 2115, final volume : 0.125893
12-10 19:09:56.501: I/PGAudioState(2778): not start audio out because audio inactive pid: 17933 uid:10589
12-10 19:09:56.511: D/DlbDlbEffect(725): handle_EFFECT_CMD_SET_PARAM()
12-10 19:09:56.511: D/DlbEffectContext(725): setPregain(volume=2112135)
12-10 19:09:56.511: D/DlbEffectContext(725): transformExternalGain() fVol:0.125893 extVal:-287
12-10 19:09:56.511: D/DlbDapEndpointParamCache(725): commitChangedParams()
12-10 19:09:56.511: D/DlbDapEndpointParamCache(725): commit() Applying parameters for device 0x40000000
12-10 19:09:56.511: D/DlbDap2Process(725): setParam(preg = #1[-287])
12-10 19:09:56.511: D/DlbDapEndpointParamCache(725): doCommit() Committed 1 parameters out of 11.
12-10 19:09:56.511: D/DlbDapEndpointParamCache(725): commit() Overriding parameters for current device 0x00000002
12-10 19:09:56.511: D/DlbDapEndpointParamCache(725): doCommit() Committed 0 parameters out of 40.
12-10 19:09:56.511: D/(748): updatePregain() Pregain set to 2112135
12-10 19:09:56.512: D/DlbCrossfadeProcess(725): process transitioning from PREROLL_ACTIVE state to FADE_TO_ACTIVE
12-10 19:09:56.521: D/AudioFlinger(748): mixer(0x7c6752ebc0) throttle end: throttle time(8)
12-10 19:09:56.522: D/IJKMEDIA(17933): avcodec/Audio: first frame decoded
12-10 19:09:56.522: D/IJKMEDIA(17933): FFP_MSG_AUDIO_DECODED_START:
12-10 19:09:56.523: I/PGAudioState(2778): start from audioTrack sessionId: 15537
12-10 19:09:56.523: I/PGServer(2778): report state:2 event type:1 pid:17933 uid:10589 pkg:null to pid: 1277
12-10 19:09:56.523: I/PGServer(2778): report state:2 event type:1 pid:17933 uid:10589 pkg:null to pid: 2778
12-10 19:09:56.523: D/PGAudioState(2778): audio type:out state:start pid:17933 uid:10589
12-10 19:09:56.524: I/PGServer(2778): checkPkgType. calling pkg: android
12-10 19:09:56.524: I/HwAudioServiceEx(1277): VBR HwAudioService:music app enter -1
12-10 19:09:56.524: V/HwAudioServiceEx(1277): no process apptype
12-10 19:09:56.524: D/PolyvBaseVideoView(17933): notifyOnInfo
12-10 19:09:56.532: D/IJKMEDIA(17933): FFP_MSG_SEI_DATA_REFRESH:
12-10 19:09:56.533: D/IJKMEDIA(17933): FFP_MSG_SEI_DATA_REFRESH:
12-10 19:09:56.541: E/tv.danmaku.ijk.media.player.IjkMediaPlayer(17933): Unknown message type 201
12-10 19:09:56.541: E/tv.danmaku.ijk.media.player.IjkMediaPlayer(17933): Unknown message type 201
12-10 19:09:56.563: D/DlbDapBufferAdapter(725): checkPopAndMuteOutput(), input change between non-silent and silent, mIsSilentInput=0, mLastIsSilentInput=1
12-10 19:09:56.563: D/asd_out_fwk(748): 0->1 mute_FrameCount 5, Device = 0x2
12-10 19:09:56.563: D/asd_out_fwk(748): L = -69.081207db, R = -69.081207db, Device = 0x2
12-10 19:09:56.572: D/IJKMEDIA(17933): FFP_MSG_SEI_DATA_REFRESH:
12-10 19:09:56.572: D/IJKMEDIA(17933): FFP_MSG_SEI_DATA_REFRESH:
12-10 19:09:56.574: E/tv.danmaku.ijk.media.player.IjkMediaPlayer(17933): Unknown message type 201
12-10 19:09:56.574: E/tv.danmaku.ijk.media.player.IjkMediaPlayer(17933): Unknown message type 201
12-10 19:09:56.582: D/asd_pop(725): pop_recognition AudioAudio stream find POP[stream = 3 ; device = 2 ; ratio = 0.562455 ; wavelet_buf_qsum = 1591410402.051022]
12-10 19:09:56.611: I/NetworkStats(1277): performPollLocked, pid = 1277
12-10 19:09:56.616: I/GRALLOC(714): getCallingPid=17933, shrFd=11,fmt=0x2,intFmt=0x2,btStrd=5120,size=3686400,pid=714 
12-10 19:09:56.616: I/GRALLOC(714): 	 yuv=2,w=1280,h=720,Stride u=0 v=0,offset u=0 v=0 
12-10 19:09:56.616: I/GRALLOC(714): 	 iova_size=3686400,conUsg=0x106,proUsg=0x166,	 strd=1280,[afbc]HdrStrd=0 PyldStrd=0 Scrmbl=0, ionhnd = 0 
12-10 19:09:56.623: D/DlbCrossfadeProcess(725): process transitioning from FADE_TO_ACTIVE state to DAP_ACTIVE
12-10 19:09:56.625: I/netd(673): trafficSwapActiveStatsMap() <13.42ms>
12-10 19:09:56.628: I/netd(673): tetherGetStats() <0.71ms>
12-10 19:09:56.636: I/HwNetworkStatsServiceEx(1277): hwRecordUidAndProcSnapshotLocked currentTime = 1607598596343
12-10 19:09:56.649: I/HwNetworkManagementService(1277): request swap success.
12-10 19:09:56.666: D/HwConnectivityManagerImpl(1277): getNetworkPolicyFlag flagStr null
12-10 19:09:56.681: E/bastetd(915): [ProxySocket    ] NotifySocketErrState# No record found by comm prop, state=196619
12-10 19:09:56.682: I/netd(673): bandwidthSetGlobalAlert(2097152) <0.13ms>
12-10 19:09:56.682: W/HSM_Install_BG(19060): TrafficNotifyDelegate:Current data imsi is null, so return.
12-10 19:09:56.743: D/asd_out_fwk(748): L = -43.218056db, R = -43.218056db, Device = 0x2
12-10 19:09:56.917: I/HiTraceC(18416): entered LogRegisterGetIdFun
12-10 19:09:56.917: I/HiTraceC(18416): entered HiTraceInit
12-10 19:09:56.943: D/asd_out_fwk(748): L = -43.671139db, R = -43.671139db, Device = 0x2
12-10 19:09:57.034: E/WifiHAL(746): enter wifi_get_link_stats
12-10 19:09:57.037: I/WificondControl(1277): Noise: -76, Snr: 73, Chload: 763, rssi: -34, txBitrate: 192, rxBitrate: 0, frequency: 5280, UlDelay: -1, currentTxBytes: 68638523, currentTxPackets: 790927, currentTxFailed: 2, currentRxBytes: 790830907, currentRxPackets: 838972
12-10 19:09:57.039: V/HwWifiServiceFactory(1277): get AllImpl object = com.android.server.wifi.HwWifiServiceFactoryImpl@aaf25cd
12-10 19:09:57.042: I/TelephonyManager(1277): getAllCellInfo calling app is android
12-10 19:09:57.043: W/PhoneInterfaceManager(2976): shouldBlockLocation running ...
12-10 19:09:57.043: I/PhoneInterfaceManager(2976): shouldBlockLocation  ret:false
12-10 19:09:57.051: D/PolyvBaseVideoView(17933): notifyOnBufferingUpdate
12-10 19:09:57.129: D/OkHttp(17933): <-- 200 https://prtas.videocc.net/qos?pid=1607598586141X1403542&uid=c538856dde&vid=b8338e37437267df2e67be4c83ec00ac_b&time=10119&type=loading&domain=&session_id=fsx60260f1&param1=&param2=&param3=&param4=&param5=polyv-android-vod-sdk0.16.0-20200824 (690ms)
12-10 19:09:57.130: D/OkHttp(17933): server: Tengine
12-10 19:09:57.130: D/OkHttp(17933): content-type: application/octet-stream
12-10 19:09:57.130: D/OkHttp(17933): content-length: 0
12-10 19:09:57.130: D/OkHttp(17933): date: Thu, 10 Dec 2020 11:09:56 GMT
12-10 19:09:57.130: D/OkHttp(17933): access-control-allow-origin: *
12-10 19:09:57.130: D/OkHttp(17933): ali-swift-global-savetime: 1607598596
12-10 19:09:57.130: D/OkHttp(17933): via: cache70.l2cn2623[44,200-0,M], cache29.l2cn2623[44,0], cache8.cn2835[80,200-0,M], cache28.cn2835[82,0]
12-10 19:09:57.130: D/OkHttp(17933): x-cache: MISS TCP_MISS dirn:-2:-2
12-10 19:09:57.130: D/OkHttp(17933): x-swift-savetime: Thu, 10 Dec 2020 11:09:56 GMT
12-10 19:09:57.130: D/OkHttp(17933): x-swift-cachetime: 0
12-10 19:09:57.130: D/OkHttp(17933): timing-allow-origin: *
12-10 19:09:57.130: D/OkHttp(17933): eagleid: 246898b016075985966631511e
12-10 19:09:57.130: D/OkHttp(17933): <-- END HTTP (0-byte body)
12-10 19:09:57.131: D/IJKMEDIA(17933): FFP_MSG_SEI_DATA_REFRESH:
12-10 19:09:57.133: E/tv.danmaku.ijk.media.player.IjkMediaPlayer(17933): Unknown message type 201
12-10 19:09:57.135: D/IJKMEDIA(17933): FFP_MSG_SEI_DATA_REFRESH:
12-10 19:09:57.143: D/asd_out_fwk(748): L = -40.817703db, R = -40.817703db, Device = 0x2
12-10 19:09:57.150: E/tv.danmaku.ijk.media.player.IjkMediaPlayer(17933): Unknown message type 201
12-10 19:09:57.342: I/AudioFlinger(748): pid(17933):mVol=1.000000, tVol=0.125893, pVol=1.000000, sVol=1.000000, scale=1.000000, output=13, mDevice=0x2, mStreamType=3
12-10 19:09:57.343: D/asd_out_fwk(748): L = -42.995125db, R = -42.995125db, Device = 0x2
12-10 19:09:57.417: I/HiTraceC(18423): entered LogRegisterGetIdFun
12-10 19:09:57.417: I/HiTraceC(18423): entered HiTraceInit
12-10 19:09:57.500: D/IJKMEDIA(17933): FFP_MSG_SEI_DATA_REFRESH:
12-10 19:09:57.511: E/tv.danmaku.ijk.media.player.IjkMediaPlayer(17933): Unknown message type 201
12-10 19:09:57.538: D/IJKMEDIA(17933): FFP_MSG_SEI_DATA_REFRESH:
12-10 19:09:57.543: D/asd_out_fwk(748): L = -32.826008db, R = -32.826008db, Device = 0x2
12-10 19:09:57.544: E/tv.danmaku.ijk.media.player.IjkMediaPlayer(17933): Unknown message type 201
12-10 19:09:57.577: D/PolyvBaseVideoView(17933): notifyOnBufferingUpdate
12-10 19:09:57.593: D/IJKMEDIA(17933): FFP_MSG_SEI_DATA_REFRESH:
12-10 19:09:57.593: D/IJKMEDIA(17933): FFP_MSG_SEI_DATA_REFRESH:
12-10 19:09:57.611: E/tv.danmaku.ijk.media.player.IjkMediaPlayer(17933): Unknown message type 201
12-10 19:09:57.611: E/tv.danmaku.ijk.media.player.IjkMediaPlayer(17933): Unknown message type 201
12-10 19:09:57.623: D/IJKMEDIA(17933): FFP_MSG_SEI_DATA_REFRESH:
12-10 19:09:57.623: D/IJKMEDIA(17933): FFP_MSG_SEI_DATA_REFRESH:
12-10 19:09:57.626: E/tv.danmaku.ijk.media.player.IjkMediaPlayer(17933): Unknown message type 201
12-10 19:09:57.626: E/tv.danmaku.ijk.media.player.IjkMediaPlayer(17933): Unknown message type 201
12-10 19:09:57.743: D/asd_out_fwk(748): L = -26.848246db, R = -26.848246db, Device = 0x2
12-10 19:09:57.917: I/HiTraceC(18429): entered LogRegisterGetIdFun
12-10 19:09:57.917: I/HiTraceC(18429): entered HiTraceInit
12-10 19:09:57.943: D/asd_out_fwk(748): L = -27.747810db, R = -27.747810db, Device = 0x2
12-10 19:09:58.143: D/asd_out_fwk(748): L = -32.098961db, R = -32.098961db, Device = 0x2
12-10 19:09:58.262: D/DlbDap2Process(725): process() called [4424500] times
12-10 19:09:58.263: D/DlbDap2Process(725): process in: cap=256 ch=2 stride=8 samplesize=4
12-10 19:09:58.263: D/DlbDap2Process(725): process out: cap=256 ch=2 stride=8 samplesize=4
12-10 19:09:58.279: D/IJKMEDIA(17933): FFP_MSG_SEI_DATA_REFRESH:
12-10 19:09:58.279: D/IJKMEDIA(17933): FFP_MSG_SEI_DATA_REFRESH:
12-10 19:09:58.284: D/PolyvBaseVideoView(17933): notifyOnBufferingUpdate
12-10 19:09:58.284: E/tv.danmaku.ijk.media.player.IjkMediaPlayer(17933): Unknown message type 201
12-10 19:09:58.284: E/tv.danmaku.ijk.media.player.IjkMediaPlayer(17933): Unknown message type 201
12-10 19:09:58.342: I/AudioFlinger(748): pid(17933):mVol=1.000000, tVol=0.125893, pVol=1.000000, sVol=1.000000, scale=1.000000, output=13, mDevice=0x2, mStreamType=3
12-10 19:09:58.343: D/asd_out_fwk(748): L = -30.635075db, R = -30.635075db, Device = 0x2
12-10 19:09:58.366: D/IJKMEDIA(17933): FFP_MSG_SEI_DATA_REFRESH:
12-10 19:09:58.378: D/IJKMEDIA(17933): FFP_MSG_SEI_DATA_REFRESH:
12-10 19:09:58.382: E/tv.danmaku.ijk.media.player.IjkMediaPlayer(17933): Unknown message type 201
12-10 19:09:58.382: E/tv.danmaku.ijk.media.player.IjkMediaPlayer(17933): Unknown message type 201
12-10 19:09:58.418: I/HiTraceC(18435): entered LogRegisterGetIdFun
12-10 19:09:58.418: I/HiTraceC(18435): entered HiTraceInit
12-10 19:09:58.542: D/asd_out_fwk(748): L = -32.276848db, R = -32.276848db, Device = 0x2
12-10 19:09:58.743: D/asd_out_fwk(748): L = -33.628933db, R = -33.628933db, Device = 0x2
12-10 19:09:58.771: D/IJKMEDIA(17933): FFP_MSG_SEI_DATA_REFRESH:
12-10 19:09:58.771: D/IJKMEDIA(17933): FFP_MSG_SEI_DATA_REFRESH:
12-10 19:09:58.777: E/tv.danmaku.ijk.media.player.IjkMediaPlayer(17933): Unknown message type 201
12-10 19:09:58.777: E/tv.danmaku.ijk.media.player.IjkMediaPlayer(17933): Unknown message type 201
12-10 19:09:58.793: D/PolyvBaseVideoView(17933): notifyOnBufferingUpdate
12-10 19:09:58.794: D/IJKMEDIA(17933): FFP_MSG_SEI_DATA_REFRESH:
12-10 19:09:58.794: D/IJKMEDIA(17933): FFP_MSG_SEI_DATA_REFRESH:
12-10 19:09:58.810: E/tv.danmaku.ijk.media.player.IjkMediaPlayer(17933): Unknown message type 201
12-10 19:09:58.810: E/tv.danmaku.ijk.media.player.IjkMediaPlayer(17933): Unknown message type 201
12-10 19:09:58.916: I/HiTraceC(18440): entered LogRegisterGetIdFun
12-10 19:09:58.916: I/HiTraceC(18440): entered HiTraceInit
12-10 19:09:58.925: I/NetworkStats(1277): performPollLocked, pid = 1277
12-10 19:09:58.937: I/netd(673): trafficSwapActiveStatsMap() <11.41ms>
12-10 19:09:58.940: I/netd(673): tetherGetStats() <1.10ms>
12-10 19:09:58.943: D/asd_out_fwk(748): L = -33.361485db, R = -33.361485db, Device = 0x2
12-10 19:09:58.949: I/HwNetworkStatsServiceEx(1277): hwRecordUidAndProcSnapshotLocked currentTime = 1607598598657
12-10 19:09:58.961: I/HwNetworkManagementService(1277): request swap success.
12-10 19:09:58.997: I/netd(673): bandwidthSetGlobalAlert(2097152) <0.13ms>
12-10 19:09:58.997: W/HSM_Install_BG(19060): TrafficNotifyDelegate:Current data imsi is null, so return.
12-10 19:09:59.061: I/netd(673): trafficSwapActiveStatsMap() <19.59ms>
12-10 19:09:59.143: D/asd_out_fwk(748): L = -32.122200db, R = -32.122200db, Device = 0x2
12-10 19:09:59.342: I/AudioFlinger(748): pid(17933):mVol=1.000000, tVol=0.125893, pVol=1.000000, sVol=1.000000, scale=1.000000, output=13, mDevice=0x2, mStreamType=3
12-10 19:09:59.343: D/asd_out_fwk(748): L = -36.405144db, R = -36.405144db, Device = 0x2
12-10 19:09:59.414: I/HiTraceC(18445): entered LogRegisterGetIdFun
12-10 19:09:59.414: I/HiTraceC(18445): entered HiTraceInit
12-10 19:09:59.417: D/AudioFlinger(748): releaseWakeLock_l() again filed for no exit lock AudioOut_15
12-10 19:09:59.417: D/AudioFlinger(748): releaseWakeLock_l() AudioOut_15 mPowerManager(1) mWakeLockToken 0x7c67489f60 
12-10 19:09:59.417: D/AudioFlinger(748): thread 0x7c5e80d800 type 0 TID 1299 going to sleep
12-10 19:09:59.418: W/ProcBatteryStats(1277): timer is not running , not stop, name: audioserver, uid: 1041, tag: AudioMix
12-10 19:09:59.434: D/PolyvBaseVideoView(17933): notifyOnBufferingUpdate
12-10 19:09:59.504: D/IJKMEDIA(17933): FFP_MSG_SEI_DATA_REFRESH:
12-10 19:09:59.517: E/tv.danmaku.ijk.media.player.IjkMediaPlayer(17933): Unknown message type 201
12-10 19:09:59.543: D/asd_out_fwk(748): L = -42.173798db, R = -42.173798db, Device = 0x2
12-10 19:09:59.558: D/IJKMEDIA(17933): FFP_MSG_SEI_DATA_REFRESH:
12-10 19:09:59.566: E/tv.danmaku.ijk.media.player.IjkMediaPlayer(17933): Unknown message type 201
12-10 19:09:59.576: D/IJKMEDIA(17933): FFP_MSG_SEI_DATA_REFRESH:
12-10 19:09:59.578: D/IJKMEDIA(17933): FFP_MSG_SEI_DATA_REFRESH:
12-10 19:09:59.583: E/tv.danmaku.ijk.media.player.IjkMediaPlayer(17933): Unknown message type 201
12-10 19:09:59.583: E/tv.danmaku.ijk.media.player.IjkMediaPlayer(17933): Unknown message type 201
12-10 19:09:59.743: D/asd_out_fwk(748): L = -45.947525db, R = -45.947525db, Device = 0x2
12-10 19:09:59.802: I/HwWifiProServiceProxy(1277): ctrlHwWifiNetwork pkgName: WIFIPRO_SERVICE interfaceId: 52
12-10 19:09:59.802: I/HwWifiProServiceProxy(1277): ctrlHwWifiNetwork pkgName: WIFIPRO_SERVICE interfaceId: 68
12-10 19:09:59.802: D/wifiserviceimpl(1277): netmask =16777215
12-10 19:09:59.845: I/HwWifiProServiceProxy(1277): pair = Pair{true 6}, Bundle = Bundle[{time=6, arpResult=true}]
12-10 19:09:59.845: I/HwWifiProServiceProxy(1277): ctrlHwWifiNetwork pkgName: WIFIPRO_SERVICE interfaceId: 63
12-10 19:09:59.845: I/HwWifiProServiceProxy(1277): ctrlHwWifiNetwork pkgName: WIFIPRO_SERVICE interfaceId: 2
12-10 19:09:59.845: V/HwWifiServiceFactory(1277): get AllImpl object = com.android.server.wifi.HwWifiServiceFactoryImpl@aaf25cd
12-10 19:09:59.846: D/HwWifiCHRStateManager(2938): handleMessage : 1121
12-10 19:09:59.846: D/HwCHRWifiRSSIGroupSummery(2938): updatArpSummery rssi:-1 HwCHRWifiRSSIGroup [mRssiIndex=4, mRttTcpPackets=0, mRttTcpDuration=0, mRttLanDuration=2100738, mRttLanFailures=347, mRttLanSucc=123364, mRttLanMax=998, mRttLanMin=1,mSameFrequency=35,mAdjacentFrequency=197]
12-10 19:09:59.846: D/HwWifiCHRStateManager(2938): handleMessage : 1128
12-10 19:09:59.914: I/HiTraceC(18450): entered LogRegisterGetIdFun
12-10 19:09:59.914: I/HiTraceC(18450): entered HiTraceInit
12-10 19:09:59.943: D/asd_out_fwk(748): L = -62.588512db, R = -62.588512db, Device = 0x2
12-10 19:09:59.955: D/IJKMEDIA(17933): FFP_MSG_SEI_DATA_REFRESH:
12-10 19:09:59.956: D/IJKMEDIA(17933): FFP_MSG_SEI_DATA_REFRESH:
12-10 19:09:59.961: D/PolyvBaseVideoView(17933): notifyOnBufferingUpdate
12-10 19:09:59.961: E/tv.danmaku.ijk.media.player.IjkMediaPlayer(17933): Unknown message type 201
12-10 19:09:59.961: E/tv.danmaku.ijk.media.player.IjkMediaPlayer(17933): Unknown message type 201
12-10 19:09:59.966: D/IJKMEDIA(17933): FFP_MSG_SEI_DATA_REFRESH:
12-10 19:09:59.968: D/IJKMEDIA(17933): FFP_MSG_SEI_DATA_REFRESH:
12-10 19:09:59.977: E/tv.danmaku.ijk.media.player.IjkMediaPlayer(17933): Unknown message type 201
12-10 19:09:59.977: E/tv.danmaku.ijk.media.player.IjkMediaPlayer(17933): Unknown message type 201
12-10 19:10:00.003: W/ClockView1(2484):  action android.intent.action.TIME_TICK
12-10 19:10:00.004: W/ClockView1(2484):  action android.intent.action.TIME_TICK
12-10 19:10:00.004: E/DateView(2484): DateView,mCurrentTime: 1607598600004
12-10 19:10:00.035: E/ndroid.systemu(2484): No package ID ff found for ID 0xffffffff.
12-10 19:10:00.036: W/ClockView1(2484): onreceive tz is Asia/Shanghai time:Thu Dec 10 19:10:00 GMT+08:00 2020 timezone:libcore.util.ZoneInfo[id="Asia/Shanghai",mRawOffset=28800000,mEarliestRawOffset=28800000,mUseDst=false,mDstSavings=0,transitions=28]
12-10 19:10:00.036: E/ndroid.systemu(2484): No package ID ff found for ID 0xffffffff.
12-10 19:10:00.036: W/ClockView1(2484): onreceive tz is Asia/Shanghai time:Thu Dec 10 19:10:00 GMT+08:00 2020 timezone:libcore.util.ZoneInfo[id="Asia/Shanghai",mRawOffset=28800000,mEarliestRawOffset=28800000,mUseDst=false,mDstSavings=0,transitions=28]
12-10 19:10:00.046: E/WifiHAL(746): enter wifi_get_link_stats
12-10 19:10:00.048: I/WificondControl(1277): Noise: -84, Snr: 72, Chload: 506, rssi: -34, txBitrate: 192, rxBitrate: 0, frequency: 5280, UlDelay: -1, currentTxBytes: 68723252, currentTxPackets: 792158, currentTxFailed: 2, currentRxBytes: 792904468, currentRxPackets: 840609
12-10 19:10:00.049: V/HwWifiServiceFactory(1277): get AllImpl object = com.android.server.wifi.HwWifiServiceFactoryImpl@aaf25cd
12-10 19:10:00.052: I/TelephonyManager(1277): getAllCellInfo calling app is android
12-10 19:10:00.052: W/PhoneInterfaceManager(2976): shouldBlockLocation running ...
12-10 19:10:00.052: I/PhoneInterfaceManager(2976): shouldBlockLocation  ret:false
12-10 19:10:00.104: W/HwLockScreenPanel(2484): Handle message: 133
12-10 19:10:00.104: W/HwLockScreenPanel(2484): Handle message: 133
12-10 19:10:00.143: D/asd_out_fwk(748): L = -48.820782db, R = -48.820782db, Device = 0x2
12-10 19:10:00.243: I/PGAudioState(2778): stop from audioTrack sessionId: 15537
12-10 19:10:00.243: I/PGServer(2778): report state:2 event type:2 pid:17933 uid:10589 pkg:null to pid: 1277
12-10 19:10:00.243: I/PGServer(2778): report state:2 event type:2 pid:17933 uid:10589 pkg:null to pid: 2778
12-10 19:10:00.243: D/PGAudioState(2778): audio type:out state:stop pid:17933 uid:10589
12-10 19:10:00.243: I/PGAudioState(2778): start from audioTrack sessionId: 15537
12-10 19:10:00.243: I/PGServer(2778): report state:2 event type:1 pid:17933 uid:10589 pkg:null to pid: 1277
12-10 19:10:00.243: I/PGServer(2778): report state:2 event type:1 pid:17933 uid:10589 pkg:null to pid: 2778
12-10 19:10:00.243: D/PGAudioState(2778): audio type:out state:start pid:17933 uid:10589
12-10 19:10:00.244: I/PGServer(2778): checkPkgType. calling pkg: android
12-10 19:10:00.244: I/HwAudioServiceEx(1277): VBR HwAudioService:music app exit -1
12-10 19:10:00.244: V/HwAudioServiceEx(1277): no process apptype
12-10 19:10:00.245: I/HwAudioServiceEx(1277): VBR HwAudioService:music app enter -1
12-10 19:10:00.245: V/HwAudioServiceEx(1277): no process apptype
12-10 19:10:00.244: I/PGServer(2778): checkPkgType. calling pkg: android
12-10 19:10:00.303: I/PGAudioState(2778): stop from audioTrack sessionId: 15537
12-10 19:10:00.303: I/PGServer(2778): report state:2 event type:2 pid:17933 uid:10589 pkg:null to pid: 1277
12-10 19:10:00.303: I/PGServer(2778): report state:2 event type:2 pid:17933 uid:10589 pkg:null to pid: 2778
12-10 19:10:00.303: D/PGAudioState(2778): audio type:out state:stop pid:17933 uid:10589
12-10 19:10:00.303: I/PGAudioState(2778): start from audioTrack sessionId: 15537
12-10 19:10:00.303: I/PGServer(2778): report state:2 event type:1 pid:17933 uid:10589 pkg:null to pid: 1277
12-10 19:10:00.303: I/PGServer(2778): report state:2 event type:1 pid:17933 uid:10589 pkg:null to pid: 2778
12-10 19:10:00.303: D/PGAudioState(2778): audio type:out state:start pid:17933 uid:10589
12-10 19:10:00.304: I/PGServer(2778): checkPkgType. calling pkg: android
12-10 19:10:00.304: I/HwAudioServiceEx(1277): VBR HwAudioService:music app exit -1
12-10 19:10:00.304: V/HwAudioServiceEx(1277): no process apptype
12-10 19:10:00.304: I/HwAudioServiceEx(1277): VBR HwAudioService:music app enter -1
12-10 19:10:00.305: V/HwAudioServiceEx(1277): no process apptype
12-10 19:10:00.304: I/PGServer(2778): checkPkgType. calling pkg: android
12-10 19:10:00.336: I/SpeedTestNotifier(2744): is low speed scene
12-10 19:10:00.342: I/AudioFlinger(748): pid(17933):mVol=1.000000, tVol=0.125893, pVol=1.000000, sVol=1.000000, scale=1.000000, output=13, mDevice=0x2, mStreamType=3
12-10 19:10:00.343: D/asd_out_fwk(748): L = -73.823586db, R = -73.823586db, Device = 0x2
12-10 19:10:00.383: D/IJKMEDIA(17933): FFP_MSG_SEI_DATA_REFRESH:
12-10 19:10:00.388: E/tv.danmaku.ijk.media.player.IjkMediaPlayer(17933): Unknown message type 201
12-10 19:10:00.417: I/HiTraceC(18456): entered LogRegisterGetIdFun
12-10 19:10:00.417: I/HiTraceC(18456): entered HiTraceInit
12-10 19:10:00.439: D/IJKMEDIA(17933): FFP_MSG_SEI_DATA_REFRESH:
12-10 19:10:00.454: E/tv.danmaku.ijk.media.player.IjkMediaPlayer(17933): Unknown message type 201
12-10 19:10:00.481: I/netd(673): trafficSwapActiveStatsMap() <15.83ms>
12-10 19:10:00.487: D/PolyvBaseVideoView(17933): notifyOnBufferingUpdate
12-10 19:10:00.525: E/bastetd(915): [ProxySocket    ] NotifySocketErrState# No record found by comm prop, state=196619
12-10 19:10:00.543: D/asd_out_fwk(748): L = -57.850151db, R = -57.850151db, Device = 0x2
12-10 19:10:00.715: D/IJKMEDIA(17933): FFP_MSG_SEI_DATA_REFRESH:
12-10 19:10:00.717: E/tv.danmaku.ijk.media.player.IjkMediaPlayer(17933): Unknown message type 201
12-10 19:10:00.743: D/asd_out_fwk(748): L = -49.112431db, R = -49.112431db, Device = 0x2
12-10 19:10:00.752: D/IJKMEDIA(17933): FFP_MSG_SEI_DATA_REFRESH:
12-10 19:10:00.766: E/tv.danmaku.ijk.media.player.IjkMediaPlayer(17933): Unknown message type 201
12-10 19:10:00.917: I/HiTraceC(18461): entered LogRegisterGetIdFun
12-10 19:10:00.917: I/HiTraceC(18461): entered HiTraceInit
12-10 19:10:00.942: D/DlbDap2Process(725): process() called [4425000] times
12-10 19:10:00.942: D/DlbDap2Process(725): process in: cap=256 ch=2 stride=8 samplesize=4
12-10 19:10:00.942: D/DlbDap2Process(725): process out: cap=256 ch=2 stride=8 samplesize=4
12-10 19:10:00.943: D/asd_out_fwk(748): L = -53.962051db, R = -53.962051db, Device = 0x2
12-10 19:10:01.003: I/NetworkStats(1277): performPollLocked, pid = 1277
12-10 19:10:01.023: D/IJKMEDIA(17933): FFP_MSG_SEI_DATA_REFRESH:
12-10 19:10:01.025: I/netd(673): trafficSwapActiveStatsMap() <21.14ms>
12-10 19:10:01.028: I/netd(673): tetherGetStats() <1.04ms>
12-10 19:10:01.029: E/tv.danmaku.ijk.media.player.IjkMediaPlayer(17933): Unknown message type 201
12-10 19:10:01.029: D/PolyvBaseVideoView(17933): notifyOnBufferingUpdate
12-10 19:10:01.036: I/HwNetworkStatsServiceEx(1277): hwRecordUidAndProcSnapshotLocked currentTime = 1607598600735
12-10 19:10:01.054: D/IJKMEDIA(17933): FFP_MSG_SEI_DATA_REFRESH:
12-10 19:10:01.057: I/HwNetworkManagementService(1277): request swap success.
12-10 19:10:01.062: E/tv.danmaku.ijk.media.player.IjkMediaPlayer(17933): Unknown message type 201
12-10 19:10:01.095: I/netd(673): bandwidthSetGlobalAlert(2097152) <0.11ms>
12-10 19:10:01.095: W/HSM_Install_BG(19060): TrafficNotifyDelegate:Current data imsi is null, so return.
12-10 19:10:01.143: D/asd_out_fwk(748): L = -62.746143db, R = -62.746143db, Device = 0x2
12-10 19:10:01.160: D/IJKMEDIA(17933): FFP_MSG_SEI_DATA_REFRESH:
12-10 19:10:01.160: E/tv.danmaku.ijk.media.player.IjkMediaPlayer(17933): Unknown message type 201
12-10 19:10:01.170: D/IJKMEDIA(17933): FFP_MSG_SEI_DATA_REFRESH:
12-10 19:10:01.177: E/tv.danmaku.ijk.media.player.IjkMediaPlayer(17933): Unknown message type 201
12-10 19:10:01.198: D/IJKMEDIA(17933): FFP_MSG_SEI_DATA_REFRESH:
12-10 19:10:01.203: D/IJKMEDIA(17933): FFP_MSG_SEI_DATA_REFRESH:
12-10 19:10:01.203: I/PGAudioState(2778): stop from audioTrack sessionId: 15537
12-10 19:10:01.203: I/PGServer(2778): report state:2 event type:2 pid:17933 uid:10589 pkg:null to pid: 1277
12-10 19:10:01.203: I/PGServer(2778): report state:2 event type:2 pid:17933 uid:10589 pkg:null to pid: 2778
12-10 19:10:01.203: D/PGAudioState(2778): audio type:out state:stop pid:17933 uid:10589
12-10 19:10:01.204: I/PGAudioState(2778): start from audioTrack sessionId: 15537
12-10 19:10:01.204: I/PGServer(2778): report state:2 event type:1 pid:17933 uid:10589 pkg:null to pid: 1277
12-10 19:10:01.204: I/PGServer(2778): report state:2 event type:1 pid:17933 uid:10589 pkg:null to pid: 2778
12-10 19:10:01.204: D/PGAudioState(2778): audio type:out state:start pid:17933 uid:10589
12-10 19:10:01.204: I/PGServer(2778): checkPkgType. calling pkg: android
12-10 19:10:01.204: I/HwAudioServiceEx(1277): VBR HwAudioService:music app exit -1
12-10 19:10:01.204: V/HwAudioServiceEx(1277): no process apptype
12-10 19:10:01.205: I/HwAudioServiceEx(1277): VBR HwAudioService:music app enter -1
12-10 19:10:01.205: V/HwAudioServiceEx(1277): no process apptype
12-10 19:10:01.205: I/PGServer(2778): checkPkgType. calling pkg: android
12-10 19:10:01.210: E/tv.danmaku.ijk.media.player.IjkMediaPlayer(17933): Unknown message type 201
12-10 19:10:01.210: E/tv.danmaku.ijk.media.player.IjkMediaPlayer(17933): Unknown message type 201
12-10 19:10:01.263: I/PGAudioState(2778): stop from audioTrack sessionId: 15537
12-10 19:10:01.263: I/PGServer(2778): report state:2 event type:2 pid:17933 uid:10589 pkg:null to pid: 1277
12-10 19:10:01.263: I/PGServer(2778): report state:2 event type:2 pid:17933 uid:10589 pkg:null to pid: 2778
12-10 19:10:01.263: D/PGAudioState(2778): audio type:out state:stop pid:17933 uid:10589
12-10 19:10:01.263: I/PGAudioState(2778): start from audioTrack sessionId: 15537
12-10 19:10:01.263: I/PGServer(2778): report state:2 event type:1 pid:17933 uid:10589 pkg:null to pid: 1277
12-10 19:10:01.263: I/PGServer(2778): report state:2 event type:1 pid:17933 uid:10589 pkg:null to pid: 2778
12-10 19:10:01.263: D/PGAudioState(2778): audio type:out state:start pid:17933 uid:10589
12-10 19:10:01.263: I/PGAudioState(2778): stop from audioTrack sessionId: 15537
12-10 19:10:01.263: I/PGServer(2778): report state:2 event type:2 pid:17933 uid:10589 pkg:null to pid: 1277
12-10 19:10:01.263: I/PGServer(2778): report state:2 event type:2 pid:17933 uid:10589 pkg:null to pid: 2778
12-10 19:10:01.263: D/PGAudioState(2778): audio type:out state:stop pid:17933 uid:10589
12-10 19:10:01.264: I/PGAudioState(2778): start from audioTrack sessionId: 15537
12-10 19:10:01.264: I/PGServer(2778): report state:2 event type:1 pid:17933 uid:10589 pkg:null to pid: 1277
12-10 19:10:01.264: I/PGServer(2778): report state:2 event type:1 pid:17933 uid:10589 pkg:null to pid: 2778
12-10 19:10:01.264: D/PGAudioState(2778): audio type:out state:start pid:17933 uid:10589
12-10 19:10:01.264: I/PGServer(2778): checkPkgType. calling pkg: android
12-10 19:10:01.264: I/HwAudioServiceEx(1277): VBR HwAudioService:music app exit -1
12-10 19:10:01.264: V/HwAudioServiceEx(1277): no process apptype
12-10 19:10:01.265: I/HwAudioServiceEx(1277): VBR HwAudioService:music app enter -1
12-10 19:10:01.265: V/HwAudioServiceEx(1277): no process apptype
12-10 19:10:01.266: I/HwAudioServiceEx(1277): VBR HwAudioService:music app exit -1
12-10 19:10:01.266: V/HwAudioServiceEx(1277): no process apptype
12-10 19:10:01.266: I/HwAudioServiceEx(1277): VBR HwAudioService:music app enter -1
12-10 19:10:01.266: V/HwAudioServiceEx(1277): no process apptype
12-10 19:10:01.266: I/chatty(2778): uid=1000(system) Binder:2778_6 identical 2 lines
12-10 19:10:01.266: I/PGServer(2778): checkPkgType. calling pkg: android
12-10 19:10:01.342: I/AudioFlinger(748): pid(17933):mVol=1.000000, tVol=0.125893, pVol=1.000000, sVol=1.000000, scale=1.000000, output=13, mDevice=0x2, mStreamType=3
12-10 19:10:01.343: D/asd_out_fwk(748): L = -76.736069db, R = -76.736069db, Device = 0x2
12-10 19:10:01.417: I/HiTraceC(18468): entered LogRegisterGetIdFun
12-10 19:10:01.417: I/HiTraceC(18468): entered HiTraceInit
12-10 19:10:01.543: D/asd_out_fwk(748): L = -76.230385db, R = -76.230385db, Device = 0x2
12-10 19:10:01.670: D/PolyvBaseVideoView(17933): notifyOnBufferingUpdate
12-10 19:10:01.717: I/FindCurApp(5375): CAWARENESS: updateAppRunTotalTime topKey = com.huawei.recsys_1:1;9,4,3~LmtRingVolumeKey_21440Mins
12-10 19:10:01.717: I/FindCurApp(5375): CAWARENESS: appRuningLog,getAppRunTotalTime PackageName = com.kp.kpnet runtime:12720
12-10 19:10:01.717: E/FindCurApp(5375): CAWARENESS: appInWhiteList illegal parameters
12-10 19:10:01.717: I/FindCurApp(5375): CAWARENESS: appRuningLog,getAppRunTotalTime PackageName = com.huawei.appmarket runtime:50824
12-10 19:10:01.717: E/FindCurApp(5375): CAWARENESS: appInWhiteList illegal parameters
12-10 19:10:01.717: I/FindCurApp(5375): CAWARENESS: appRuningLog,getAppRunTotalTime PackageName = com.yiqiang.xmaster runtime:898079
12-10 19:10:01.717: E/FindCurApp(5375): CAWARENESS: appInWhiteList illegal parameters
12-10 19:10:01.717: I/FindCurApp(5375): CAWARENESS: appRuningLog,getAppRunTotalTime PackageName = com.spacemars.tichatx runtime:25261447
12-10 19:10:01.718: E/FindCurApp(5375): CAWARENESS: appInWhiteList illegal parameters
12-10 19:10:01.718: I/FindCurApp(5375): CAWARENESS: appRuningLog,getAppRunTotalTime PackageName = com.easefun.polyv.cloudclassdemo runtime:1210402
12-10 19:10:01.718: E/FindCurApp(5375): CAWARENESS: appInWhiteList illegal parameters
12-10 19:10:01.718: I/FindCurApp(5375): CAWARENESS: appRuningLog,getAppRunTotalTime PackageName = com.android.permissioncontroller runtime:61
12-10 19:10:01.718: E/FindCurApp(5375): CAWARENESS: appInWhiteList illegal parameters
12-10 19:10:01.718: I/FindCurApp(5375): CAWARENESS: appRuningLog,getAppRunTotalTime PackageName = com.huawei.android.launcher runtime:10414742
12-10 19:10:01.718: E/FindCurApp(5375): CAWARENESS: appInWhiteList illegal parameters
12-10 19:10:01.718: I/FindCurApp(5375): CAWARENESS: appRuningLog,getAppRunTotalTime PackageName = com.huawei.vassistant runtime:1545
12-10 19:10:01.718: E/FindCurApp(5375): CAWARENESS: appInWhiteList illegal parameters
12-10 19:10:01.718: I/FindCurApp(5375): CAWARENESS: appRuningLog,getAppRunTotalTime PackageName = cn.tiplus.android.teacher runtime:31101244
12-10 19:10:01.718: E/FindCurApp(5375): CAWARENESS: appInWhiteList illegal parameters
12-10 19:10:01.718: I/FindCurApp(5375): CAWARENESS: appRuningLog,getAppRunTotalTime PackageName = com.android.settings runtime:34622
12-10 19:10:01.718: E/FindCurApp(5375): CAWARENESS: appInWhiteList illegal parameters
12-10 19:10:01.718: E/FindCurApp(5375): CAWARENESS: appInWhiteList illegal parameters
12-10 19:10:01.718: I/FindCurApp(5375): CAWARENESS: updateAppRunTotalTime in counting period
12-10 19:10:01.718: I/FindCurApp(5375): CAWARENESS: getAppsRunningTotalTime within time
12-10 19:10:01.729: D/IJKMEDIA(17933): FFP_MSG_SEI_DATA_REFRESH:
12-10 19:10:01.736: E/tv.danmaku.ijk.media.player.IjkMediaPlayer(17933): Unknown message type 201
12-10 19:10:01.743: D/asd_out_fwk(748): L = -52.879723db, R = -52.879723db, Device = 0x2
12-10 19:10:01.760: D/IJKMEDIA(17933): FFP_MSG_SEI_DATA_REFRESH:
12-10 19:10:01.769: E/tv.danmaku.ijk.media.player.IjkMediaPlayer(17933): Unknown message type 201
12-10 19:10:01.809: V/InputDispatcher(1277): Asynchronous input event injection succeeded.
12-10 19:10:01.810: W/Settings(17933): Setting device_provisioned has moved from android.provider.Settings.Secure to android.provider.Settings.Global.
12-10 19:10:01.810: V/HiTouch_HiTouchSensor(17933): User setup is finished.
12-10 19:10:01.812: V/InputDispatcher(1277): Asynchronous input event injection succeeded.
12-10 19:10:01.813: E/PolyvPPTItem(17933): onSingleTapUp
12-10 19:10:01.814: I/AppEyeFwkBlock(1277): do monitor
12-10 19:10:01.819: D/PolyvCommonVideoHelper(17933): show ppt sub:false
12-10 19:10:01.820: D/TextureRenderView(17933): willDetachFromWindow()
12-10 19:10:01.820: D/TextureRenderView(17933): didDetachFromWindow()
12-10 19:10:01.823: D/TextureRenderView(17933): onSurfaceTextureDestroyed: destroy: false
12-10 19:10:01.824: I/ScenarioService(2778): check surface view pkg: com.easefun.polyv.cloudclassdemo
12-10 19:10:01.829: D/IJKMEDIA(17933): FFP_MSG_SEI_DATA_REFRESH:
12-10 19:10:01.830: D/IJKMEDIA(17933): FFP_MSG_SEI_DATA_REFRESH:
12-10 19:10:01.835: E/chromium(18152): [ERROR:tile_manager.cc(778)] WARNING: tile memory limits exceeded, some content may not draw
12-10 19:10:01.835: I/chatty(18152): uid=99285(u0_i9285) Compositor identical 1 line
12-10 19:10:01.836: E/chromium(18152): [ERROR:tile_manager.cc(778)] WARNING: tile memory limits exceeded, some content may not draw
12-10 19:10:01.839: E/tv.danmaku.ijk.media.player.IjkMediaPlayer(17933): Unknown message type 201
12-10 19:10:01.839: E/tv.danmaku.ijk.media.player.IjkMediaPlayer(17933): Unknown message type 201
12-10 19:10:01.913: I/HiTraceC(18473): entered LogRegisterGetIdFun
12-10 19:10:01.913: I/HiTraceC(18473): entered HiTraceInit
12-10 19:10:01.915: I/PackageManager(1277): getInstalledPackages cost 1 ms, flags: 786432, userId: 0, callingUid: 2000, callingPid: 18473
12-10 19:10:01.915: I/HiTraceC(18477): entered LogRegisterGetIdFun
12-10 19:10:01.915: I/HiTraceC(18477): entered HiTraceInit
12-10 19:10:01.934: D/HwConnectivityManagerImpl(1277): getNetworkPolicyFlag flagStr null
12-10 19:10:01.942: D/asd_out_fwk(748): L = -59.808537db, R = -59.808537db, Device = 0x2
12-10 19:10:02.142: D/asd_out_fwk(748): L = -49.949757db, R = -49.949757db, Device = 0x2
12-10 19:10:02.314: E/bastetd(915): [ProxySocket    ] NotifySocketErrState# No record found by comm prop, state=196619
12-10 19:10:02.342: I/AudioFlinger(748): pid(17933):mVol=1.000000, tVol=0.125893, pVol=1.000000, sVol=1.000000, scale=1.000000, output=13, mDevice=0x2, mStreamType=3
12-10 19:10:02.343: D/asd_out_fwk(748): L = -48.136719db, R = -48.136719db, Device = 0x2
12-10 19:10:02.356: I/chromium(17933): [INFO:CONSOLE(404)] "[object DOMException]", source: https://doc-2.polyv.net/images/2020/11/48c3ad90169d21ba8485bf81434a988f1988521animate/data/player.js?1CE06E95 (404)
12-10 19:10:02.359: I/chromium(17933): [INFO:CONSOLE(515)] "Uncaught (in promise) NotAllowedError: play() can only be initiated by a user gesture.", source: https://doc-2.polyv.net/images/2020/11/48c3ad90169d21ba8485bf81434a988f1988521animate/data/player.js?1CE06E95 (515)
12-10 19:10:02.359: I/chatty(17933): uid=10589(com.easefun.polyv.cloudclassdemo) identical 18 lines
12-10 19:10:02.359: I/chromium(17933): [INFO:CONSOLE(515)] "Uncaught (in promise) NotAllowedError: play() can only be initiated by a user gesture.", source: https://doc-2.polyv.net/images/2020/11/48c3ad90169d21ba8485bf81434a988f1988521animate/data/player.js?1CE06E95 (515)
12-10 19:10:02.359: I/chromium(17933): [INFO:CONSOLE(513)] "Uncaught (in promise) NotAllowedError: play() can only be initiated by a user gesture.", source: https://doc-2.polyv.net/images/2020/11/48c3ad90169d21ba8485bf81434a988f1988521animate/data/player.js?1CE06E95 (513)
12-10 19:10:02.359: I/chromium(17933): [INFO:CONSOLE(435)] "Uncaught (in promise) NotAllowedError: play() can only be initiated by a user gesture.", source: https://doc-2.polyv.net/images/2020/11/48c3ad90169d21ba8485bf81434a988f1988521animate/data/player.js?1CE06E95 (435)
12-10 19:10:02.377: D/PolyvBaseVideoView(17933): notifyOnBufferingUpdate
