12-10 19:10:57.963: I/PGAudioState(2778): start from audioTrack sessionId: 15537
12-10 19:10:57.963: I/PGServer(2778): report state:2 event type:1 pid:17933 uid:10589 pkg:null to pid: 1277
12-10 19:10:57.963: I/PGServer(2778): report state:2 event type:1 pid:17933 uid:10589 pkg:null to pid: 2778
12-10 19:10:57.963: D/PGAudioState(2778): audio type:out state:start pid:17933 uid:10589
12-10 19:10:57.963: I/PGServer(2778): checkPkgType. calling pkg: android
12-10 19:10:57.964: I/HwAudioServiceEx(1277): VBR HwAudioService:music app enter -1
12-10 19:10:57.964: V/HwAudioServiceEx(1277): no process apptype
12-10 19:10:58.143: D/asd_out_fwk(748): L = -32.509682db, R = -32.509682db, Device = 0x2
12-10 19:10:58.282: I/AudioFlinger(748): pid(17933):mVol=1.000000, tVol=0.125893, pVol=1.000000, sVol=1.000000, scale=1.000000, output=13, mDevice=0x2, mStreamType=3
12-10 19:10:58.343: D/asd_out_fwk(748): L = -51.398102db, R = -51.398102db, Device = 0x2
12-10 19:10:58.414: D/PolyvBaseVideoView(17933): notifyOnBufferingUpdate
12-10 19:10:58.417: I/HiTraceC(19189): entered LogRegisterGetIdFun
12-10 19:10:58.417: I/HiTraceC(19189): entered HiTraceInit
12-10 19:10:58.443: I/PGAudioState(2778): stop from audioTrack sessionId: 15537
12-10 19:10:58.443: I/PGServer(2778): report state:2 event type:2 pid:17933 uid:10589 pkg:null to pid: 1277
12-10 19:10:58.443: I/PGServer(2778): report state:2 event type:2 pid:17933 uid:10589 pkg:null to pid: 2778
12-10 19:10:58.443: D/PGAudioState(2778): audio type:out state:stop pid:17933 uid:10589
12-10 19:10:58.444: I/PGServer(2778): checkPkgType. calling pkg: android
12-10 19:10:58.444: I/HwAudioServiceEx(1277): VBR HwAudioService:music app exit -1
12-10 19:10:58.444: V/HwAudioServiceEx(1277): no process apptype
12-10 19:10:58.469: E/bastetd(915): [ProxySocket    ] NotifySocketErrState# No record found by comm prop, state=196619
12-10 19:10:58.543: D/asd_out_fwk(748): L = -78.376808db, R = -78.376808db, Device = 0x2
12-10 19:10:58.623: I/PGAudioState(2778): start from audioTrack sessionId: 15537
12-10 19:10:58.623: I/PGServer(2778): report state:2 event type:1 pid:17933 uid:10589 pkg:null to pid: 1277
12-10 19:10:58.623: I/PGServer(2778): report state:2 event type:1 pid:17933 uid:10589 pkg:null to pid: 2778
12-10 19:10:58.623: D/PGAudioState(2778): audio type:out state:start pid:17933 uid:10589
12-10 19:10:58.624: I/PGServer(2778): checkPkgType. calling pkg: android
12-10 19:10:58.624: I/HwAudioServiceEx(1277): VBR HwAudioService:music app enter -1
12-10 19:10:58.624: V/HwAudioServiceEx(1277): no process apptype
12-10 19:10:58.743: D/asd_out_fwk(748): L = -35.864853db, R = -35.864853db, Device = 0x2
12-10 19:10:58.917: I/HiTraceC(19194): entered LogRegisterGetIdFun
12-10 19:10:58.917: I/HiTraceC(19194): entered HiTraceInit
12-10 19:10:58.925: E/bastetd(915): [ProxySocket    ] NotifySocketErrState# No record found by comm prop, state=196619
12-10 19:10:58.943: D/asd_out_fwk(748): L = -30.633570db, R = -30.633570db, Device = 0x2
12-10 19:10:58.955: D/PolyvBaseVideoView(17933): notifyOnBufferingUpdate
12-10 19:10:59.143: D/asd_out_fwk(748): L = -35.131977db, R = -35.131977db, Device = 0x2
12-10 19:10:59.245: I/netd(673): trafficSwapActiveStatsMap() <19.60ms>
12-10 19:10:59.282: I/AudioFlinger(748): pid(17933):mVol=1.000000, tVol=0.125893, pVol=1.000000, sVol=1.000000, scale=1.000000, output=13, mDevice=0x2, mStreamType=3
12-10 19:10:59.343: D/asd_out_fwk(748): L = -36.199429db, R = -36.199429db, Device = 0x2
12-10 19:10:59.417: I/HiTraceC(19204): entered LogRegisterGetIdFun
12-10 19:10:59.417: I/HiTraceC(19204): entered HiTraceInit
12-10 19:10:59.481: D/PolyvBaseVideoView(17933): notifyOnBufferingUpdate
12-10 19:10:59.543: D/asd_out_fwk(748): L = -34.151100db, R = -34.151100db, Device = 0x2
12-10 19:10:59.603: D/DlbDap2Process(725): process() called [4436000] times
12-10 19:10:59.603: D/DlbDap2Process(725): process in: cap=256 ch=2 stride=8 samplesize=4
12-10 19:10:59.603: D/DlbDap2Process(725): process out: cap=256 ch=2 stride=8 samplesize=4
12-10 19:10:59.609: E/bastetd(915): [ProxySocket    ] NotifySocketErrState# No record found by comm prop, state=196619
12-10 19:10:59.661: D/IJKMEDIA(17933): FFP_MSG_SEI_DATA_REFRESH:
12-10 19:10:59.662: E/tv.danmaku.ijk.media.player.IjkMediaPlayer(17933): Unknown message type 201
12-10 19:10:59.743: D/asd_out_fwk(748): L = -28.014694db, R = -28.014694db, Device = 0x2
12-10 19:10:59.906: I/HwWifiProServiceProxy(1277): ctrlHwWifiNetwork pkgName: WIFIPRO_SERVICE interfaceId: 52
12-10 19:10:59.906: I/HwWifiProServiceProxy(1277): ctrlHwWifiNetwork pkgName: WIFIPRO_SERVICE interfaceId: 68
12-10 19:10:59.906: D/wifiserviceimpl(1277): netmask =16777215
12-10 19:10:59.915: I/HiTraceC(19209): entered LogRegisterGetIdFun
12-10 19:10:59.915: I/HiTraceC(19209): entered HiTraceInit
12-10 19:10:59.934: D/IJKMEDIA(17933): FFP_MSG_SEI_DATA_REFRESH:
12-10 19:10:59.941: E/tv.danmaku.ijk.media.player.IjkMediaPlayer(17933): Unknown message type 201
12-10 19:10:59.944: D/asd_out_fwk(748): L = -33.152702db, R = -33.152702db, Device = 0x2
12-10 19:10:59.949: I/HwWifiProServiceProxy(1277): pair = Pair{true 9}, Bundle = Bundle[{time=9, arpResult=true}]
12-10 19:10:59.949: I/HwWifiProServiceProxy(1277): ctrlHwWifiNetwork pkgName: WIFIPRO_SERVICE interfaceId: 63
12-10 19:10:59.950: I/HwWifiProServiceProxy(1277): ctrlHwWifiNetwork pkgName: WIFIPRO_SERVICE interfaceId: 2
12-10 19:10:59.950: V/HwWifiServiceFactory(1277): get AllImpl object = com.android.server.wifi.HwWifiServiceFactoryImpl@aaf25cd
12-10 19:10:59.950: D/HwWifiCHRStateManager(2938): handleMessage : 1121
12-10 19:10:59.950: D/HwCHRWifiRSSIGroupSummery(2938): updatArpSummery rssi:-1 HwCHRWifiRSSIGroup [mRssiIndex=4, mRttTcpPackets=0, mRttTcpDuration=0, mRttLanDuration=2100747, mRttLanFailures=347, mRttLanSucc=123365, mRttLanMax=998, mRttLanMin=1,mSameFrequency=35,mAdjacentFrequency=197]
12-10 19:10:59.950: D/HwWifiCHRStateManager(2938): handleMessage : 1128
12-10 19:11:00.003: E/DateView(2484): DateView,mCurrentTime: 1607598660003
12-10 19:11:00.005: W/ClockView1(2484):  action android.intent.action.TIME_TICK
12-10 19:11:00.005: W/ClockView1(2484):  action android.intent.action.TIME_TICK
12-10 19:11:00.034: E/ndroid.systemu(2484): No package ID ff found for ID 0xffffffff.
12-10 19:11:00.034: W/ClockView1(2484): onreceive tz is Asia/Shanghai time:Thu Dec 10 19:11:00 GMT+08:00 2020 timezone:libcore.util.ZoneInfo[id="Asia/Shanghai",mRawOffset=28800000,mEarliestRawOffset=28800000,mUseDst=false,mDstSavings=0,transitions=28]
12-10 19:11:00.034: E/ndroid.systemu(2484): No package ID ff found for ID 0xffffffff.
12-10 19:11:00.035: W/ClockView1(2484): onreceive tz is Asia/Shanghai time:Thu Dec 10 19:11:00 GMT+08:00 2020 timezone:libcore.util.ZoneInfo[id="Asia/Shanghai",mRawOffset=28800000,mEarliestRawOffset=28800000,mUseDst=false,mDstSavings=0,transitions=28]
12-10 19:11:00.073: D/PolyvBaseVideoView(17933): notifyOnBufferingUpdate
12-10 19:11:00.106: W/HwLockScreenPanel(2484): Handle message: 133
12-10 19:11:00.106: W/HwLockScreenPanel(2484): Handle message: 133
12-10 19:11:00.143: D/asd_out_fwk(748): L = -37.343807db, R = -37.343807db, Device = 0x2
12-10 19:11:00.282: I/AudioFlinger(748): pid(17933):mVol=1.000000, tVol=0.125893, pVol=1.000000, sVol=1.000000, scale=1.000000, output=13, mDevice=0x2, mStreamType=3
12-10 19:11:00.310: E/WifiHAL(746): enter wifi_get_link_stats
12-10 19:11:00.312: I/WificondControl(1277): Noise: -74, Snr: 70, Chload: 690, rssi: -35, txBitrate: 192, rxBitrate: 0, frequency: 5280, UlDelay: -1, currentTxBytes: 69658273, currentTxPackets: 806390, currentTxFailed: 2, currentRxBytes: 818280859, currentRxPackets: 860433
12-10 19:11:00.314: V/HwWifiServiceFactory(1277): get AllImpl object = com.android.server.wifi.HwWifiServiceFactoryImpl@aaf25cd
12-10 19:11:00.316: I/TelephonyManager(1277): getAllCellInfo calling app is android
12-10 19:11:00.317: W/PhoneInterfaceManager(2976): shouldBlockLocation running ...
12-10 19:11:00.317: I/PhoneInterfaceManager(2976): shouldBlockLocation  ret:false
12-10 19:11:00.343: D/asd_out_fwk(748): L = -29.260118db, R = -29.260118db, Device = 0x2
12-10 19:11:00.416: I/SpeedTestNotifier(2744): is low speed scene
12-10 19:11:00.417: I/HiTraceC(19214): entered LogRegisterGetIdFun
12-10 19:11:00.417: I/HiTraceC(19214): entered HiTraceInit
12-10 19:11:00.481: E/bastetd(915): [ProxySocket    ] NotifySocketErrState# No record found by comm prop, state=196619
12-10 19:11:00.543: D/asd_out_fwk(748): L = -60.019989db, R = -60.019989db, Device = 0x2
12-10 19:11:00.598: D/PolyvBaseVideoView(17933): notifyOnBufferingUpdate
12-10 19:11:00.743: D/asd_out_fwk(748): L = -32.070480db, R = -32.070480db, Device = 0x2
12-10 19:11:00.781: I/netd(673): trafficSwapActiveStatsMap() <8.64ms>
12-10 19:11:00.917: I/HiTraceC(19219): entered LogRegisterGetIdFun
12-10 19:11:00.917: I/HiTraceC(19219): entered HiTraceInit
12-10 19:11:00.937: E/bastetd(915): [ProxySocket    ] NotifySocketErrState# No record found by comm prop, state=196619
12-10 19:11:00.943: D/asd_out_fwk(748): L = -34.216686db, R = -34.216686db, Device = 0x2
12-10 19:11:01.080: I/NetworkStats(1277): performPollLocked, pid = 1277
12-10 19:11:01.097: I/netd(673): trafficSwapActiveStatsMap() <15.87ms>
12-10 19:11:01.101: I/netd(673): tetherGetStats() <1.90ms>
12-10 19:11:01.109: I/HwNetworkStatsServiceEx(1277): hwRecordUidAndProcSnapshotLocked currentTime = 1607598660813
12-10 19:11:01.124: D/PolyvBaseVideoView(17933): notifyOnBufferingUpdate
12-10 19:11:01.133: I/HwNetworkManagementService(1277): request swap success.
12-10 19:11:01.143: D/asd_out_fwk(748): L = -48.044479db, R = -48.044479db, Device = 0x2
12-10 19:11:01.163: I/netd(673): bandwidthSetGlobalAlert(2097152) <0.11ms>
12-10 19:11:01.163: W/HSM_Install_BG(19060): TrafficNotifyDelegate:Current data imsi is null, so return.
12-10 19:11:01.282: I/AudioFlinger(748): pid(17933):mVol=1.000000, tVol=0.125893, pVol=1.000000, sVol=1.000000, scale=1.000000, output=13, mDevice=0x2, mStreamType=3
12-10 19:11:01.343: D/asd_out_fwk(748): L = -40.393608db, R = -40.393608db, Device = 0x2
12-10 19:11:01.369: E/bastetd(915): [ProxySocket    ] NotifySocketErrState# No record found by comm prop, state=196619
12-10 19:11:01.415: I/HiTraceC(19224): entered LogRegisterGetIdFun
12-10 19:11:01.415: I/HiTraceC(19224): entered HiTraceInit
12-10 19:11:01.543: D/asd_out_fwk(748): L = -29.432068db, R = -29.432068db, Device = 0x2
12-10 19:11:01.653: D/IJKMEDIA(17933): FFP_MSG_SEI_DATA_REFRESH:
12-10 19:11:01.666: D/PolyvBaseVideoView(17933): notifyOnBufferingUpdate
12-10 19:11:01.666: E/tv.danmaku.ijk.media.player.IjkMediaPlayer(17933): Unknown message type 201
12-10 19:11:01.743: D/asd_out_fwk(748): L = -40.016697db, R = -40.016697db, Device = 0x2
12-10 19:11:01.816: I/AppEyeFwkBlock(1277): do monitor
12-10 19:11:01.837: E/bastetd(915): [ProxySocket    ] NotifySocketErrState# No record found by comm prop, state=196619
12-10 19:11:01.907: D/IJKMEDIA(17933): FFP_MSG_SEI_DATA_REFRESH:
12-10 19:11:01.913: E/tv.danmaku.ijk.media.player.IjkMediaPlayer(17933): Unknown message type 201
12-10 19:11:01.916: I/HiTraceC(19229): entered LogRegisterGetIdFun
12-10 19:11:01.916: I/HiTraceC(19229): entered HiTraceInit
12-10 19:11:01.943: D/asd_out_fwk(748): L = -53.298702db, R = -53.298702db, Device = 0x2
12-10 19:11:02.143: D/asd_out_fwk(748): L = -26.392418db, R = -26.392418db, Device = 0x2
12-10 19:11:02.192: D/PolyvBaseVideoView(17933): notifyOnBufferingUpdate
12-10 19:11:02.246: I/HiTraceC(19234): entered LogRegisterGetIdFun
12-10 19:11:02.246: I/HiTraceC(19234): entered HiTraceInit
12-10 19:11:02.248: I/PackageManager(1277): getInstalledPackages cost 1 ms, flags: 786432, userId: 0, callingUid: 2000, callingPid: 19234
12-10 19:11:02.263: D/DlbDap2Process(725): process() called [4436500] times
12-10 19:11:02.263: D/DlbDap2Process(725): process in: cap=256 ch=2 stride=8 samplesize=4
12-10 19:11:02.263: D/DlbDap2Process(725): process out: cap=256 ch=2 stride=8 samplesize=4
12-10 19:11:02.268: D/HwConnectivityManagerImpl(1277): getNetworkPolicyFlag flagStr null
12-10 19:11:02.282: I/AudioFlinger(748): pid(17933):mVol=1.000000, tVol=0.125893, pVol=1.000000, sVol=1.000000, scale=1.000000, output=13, mDevice=0x2, mStreamType=3
12-10 19:11:02.343: D/asd_out_fwk(748): L = -61.516590db, R = -61.516590db, Device = 0x2
12-10 19:11:02.417: I/HiTraceC(19242): entered LogRegisterGetIdFun
12-10 19:11:02.417: I/HiTraceC(19242): entered HiTraceInit
12-10 19:11:02.433: E/bastetd(915): [ProxySocket    ] NotifySocketErrState# No record found by comm prop, state=196619
12-10 19:11:02.543: D/asd_out_fwk(748): L = -37.766659db, R = -37.766659db, Device = 0x2
12-10 19:11:02.718: D/PolyvBaseVideoView(17933): notifyOnBufferingUpdate
12-10 19:11:02.733: E/bastetd(915): [ProxySocket    ] NotifySocketErrState# No record found by comm prop, state=196619
12-10 19:11:02.743: D/asd_out_fwk(748): L = -55.689262db, R = -55.689262db, Device = 0x2
12-10 19:11:02.915: I/HiTraceC(19247): entered LogRegisterGetIdFun
12-10 19:11:02.915: I/HiTraceC(19247): entered HiTraceInit
12-10 19:11:02.943: D/asd_out_fwk(748): L = -22.999004db, R = -22.999004db, Device = 0x2
12-10 19:11:02.953: E/bastetd(915): [ProxySocket    ] NotifySocketErrState# No record found by comm prop, state=196619
12-10 19:11:03.095: E/Thermal-daemon:hw_thermal(905): [rfboard] temp_new :29  temp_old :28
12-10 19:11:03.096: E/Thermal-daemon:hw_thermal(905): Report temperature: [rfboard] temp :29  report_threshold:1
12-10 19:11:03.097: E/Thermal-daemon:hw_thermal(905): [ap] temp_new :39  temp_old :38
12-10 19:11:03.097: E/Thermal-daemon:hw_thermal(905): Report temperature: [ap] temp :39  report_threshold:1
12-10 19:11:03.097: D/HwThermalStateManager(2778): Thermal type: 0 cur_temperature:39
12-10 19:11:03.143: D/asd_out_fwk(748): L = -39.991051db, R = -39.991051db, Device = 0x2
12-10 19:11:03.243: D/PolyvBaseVideoView(17933): notifyOnBufferingUpdate
12-10 19:11:03.282: I/AudioFlinger(748): pid(17933):mVol=1.000000, tVol=0.125893, pVol=1.000000, sVol=1.000000, scale=1.000000, output=13, mDevice=0x2, mStreamType=3
12-10 19:11:03.321: E/WifiHAL(746): enter wifi_get_link_stats
12-10 19:11:03.323: I/WificondControl(1277): Noise: -80, Snr: 74, Chload: 448, rssi: -34, txBitrate: 192, rxBitrate: 0, frequency: 5280, UlDelay: -1, currentTxBytes: 69730733, currentTxPackets: 807471, currentTxFailed: 2, currentRxBytes: 820169419, currentRxPackets: 861897
12-10 19:11:03.325: V/HwWifiServiceFactory(1277): get AllImpl object = com.android.server.wifi.HwWifiServiceFactoryImpl@aaf25cd
12-10 19:11:03.328: I/TelephonyManager(1277): getAllCellInfo calling app is android
12-10 19:11:03.328: W/PhoneInterfaceManager(2976): shouldBlockLocation running ...
12-10 19:11:03.329: I/PhoneInterfaceManager(2976): shouldBlockLocation  ret:false
12-10 19:11:03.344: D/asd_out_fwk(748): L = -26.561867db, R = -26.561867db, Device = 0x2
12-10 19:11:03.401: E/bastetd(915): [ProxySocket    ] NotifySocketErrState# No record found by comm prop, state=196619
12-10 19:11:03.415: I/HiTraceC(19252): entered LogRegisterGetIdFun
12-10 19:11:03.415: I/HiTraceC(19252): entered HiTraceInit
12-10 19:11:03.543: D/asd_out_fwk(748): L = -57.870602db, R = -57.870602db, Device = 0x2
12-10 19:11:03.627: D/IJKMEDIA(17933): FFP_MSG_SEI_DATA_REFRESH:
12-10 19:11:03.638: E/tv.danmaku.ijk.media.player.IjkMediaPlayer(17933): Unknown message type 201
12-10 19:11:03.743: D/asd_out_fwk(748): L = -38.833588db, R = -38.833588db, Device = 0x2
12-10 19:11:03.900: D/IJKMEDIA(17933): FFP_MSG_SEI_DATA_REFRESH:
12-10 19:11:03.901: D/PolyvBaseVideoView(17933): notifyOnBufferingUpdate
12-10 19:11:03.901: E/tv.danmaku.ijk.media.player.IjkMediaPlayer(17933): Unknown message type 201
12-10 19:11:03.915: I/HiTraceC(19257): entered LogRegisterGetIdFun
12-10 19:11:03.915: I/HiTraceC(19257): entered HiTraceInit
12-10 19:11:03.943: D/asd_out_fwk(748): L = -55.991508db, R = -55.991508db, Device = 0x2
12-10 19:11:04.143: D/asd_out_fwk(748): L = -39.938080db, R = -39.938080db, Device = 0x2
12-10 19:11:04.157: E/bastetd(915): [ProxySocket    ] NotifySocketErrState# No record found by comm prop, state=196619
12-10 19:11:04.265: E/bastetd(915): [ProxySocket    ] NotifySocketErrState# No record found by comm prop, state=196619
12-10 19:11:04.282: I/AudioFlinger(748): pid(17933):mVol=1.000000, tVol=0.125893, pVol=1.000000, sVol=1.000000, scale=1.000000, output=13, mDevice=0x2, mStreamType=3
12-10 19:11:04.343: D/asd_out_fwk(748): L = -41.984589db, R = -41.984589db, Device = 0x2
12-10 19:11:04.415: I/HiTraceC(19262): entered LogRegisterGetIdFun
12-10 19:11:04.415: I/HiTraceC(19262): entered HiTraceInit
12-10 19:11:04.427: D/PolyvBaseVideoView(17933): notifyOnBufferingUpdate
12-10 19:11:04.543: D/asd_out_fwk(748): L = -76.377243db, R = -76.377243db, Device = 0x2
12-10 19:11:04.563: I/PGAudioState(2778): stop from audioTrack sessionId: 15537
12-10 19:11:04.563: I/PGServer(2778): report state:2 event type:2 pid:17933 uid:10589 pkg:null to pid: 1277
12-10 19:11:04.563: I/PGServer(2778): report state:2 event type:2 pid:17933 uid:10589 pkg:null to pid: 2778
12-10 19:11:04.563: D/PGAudioState(2778): audio type:out state:stop pid:17933 uid:10589
12-10 19:11:04.564: I/PGServer(2778): checkPkgType. calling pkg: android
12-10 19:11:04.564: I/HwAudioServiceEx(1277): VBR HwAudioService:music app exit -1
12-10 19:11:04.564: V/HwAudioServiceEx(1277): no process apptype
12-10 19:11:04.624: I/PGAudioState(2778): start from audioTrack sessionId: 15537
12-10 19:11:04.625: I/PGServer(2778): report state:2 event type:1 pid:17933 uid:10589 pkg:null to pid: 1277
12-10 19:11:04.625: I/PGServer(2778): report state:2 event type:1 pid:17933 uid:10589 pkg:null to pid: 2778
12-10 19:11:04.625: D/PGAudioState(2778): audio type:out state:start pid:17933 uid:10589
12-10 19:11:04.626: I/PGServer(2778): checkPkgType. calling pkg: android
12-10 19:11:04.626: I/HwAudioServiceEx(1277): VBR HwAudioService:music app enter -1
12-10 19:11:04.626: V/HwAudioServiceEx(1277): no process apptype
12-10 19:11:04.743: I/PGAudioState(2778): stop from audioTrack sessionId: 15537
12-10 19:11:04.743: I/PGServer(2778): report state:2 event type:2 pid:17933 uid:10589 pkg:null to pid: 1277
12-10 19:11:04.743: D/asd_out_fwk(748): L = -44.476742db, R = -44.476742db, Device = 0x2
12-10 19:11:04.743: I/PGServer(2778): report state:2 event type:2 pid:17933 uid:10589 pkg:null to pid: 2778
12-10 19:11:04.743: D/PGAudioState(2778): audio type:out state:stop pid:17933 uid:10589
12-10 19:11:04.744: I/PGServer(2778): checkPkgType. calling pkg: android
12-10 19:11:04.745: I/HwAudioServiceEx(1277): VBR HwAudioService:music app exit -1
12-10 19:11:04.745: V/HwAudioServiceEx(1277): no process apptype
12-10 19:11:04.863: I/PGAudioState(2778): start from audioTrack sessionId: 15537
12-10 19:11:04.863: I/PGServer(2778): report state:2 event type:1 pid:17933 uid:10589 pkg:null to pid: 1277
12-10 19:11:04.863: I/PGServer(2778): report state:2 event type:1 pid:17933 uid:10589 pkg:null to pid: 2778
12-10 19:11:04.863: D/PGAudioState(2778): audio type:out state:start pid:17933 uid:10589
12-10 19:11:04.864: I/PGServer(2778): checkPkgType. calling pkg: android
12-10 19:11:04.864: I/HwAudioServiceEx(1277): VBR HwAudioService:music app enter -1
12-10 19:11:04.864: V/HwAudioServiceEx(1277): no process apptype
12-10 19:11:04.900: I/NetworkStats(1277): performPollLocked, pid = 1277
12-10 19:11:04.918: I/HiTraceC(19268): entered LogRegisterGetIdFun
12-10 19:11:04.918: I/HiTraceC(19268): entered HiTraceInit
12-10 19:11:04.925: I/netd(673): trafficSwapActiveStatsMap() <23.96ms>
12-10 19:11:04.928: I/netd(673): tetherGetStats() <1.06ms>
12-10 19:11:04.935: D/PolyvBaseVideoView(17933): notifyOnBufferingUpdate
12-10 19:11:04.937: I/HwNetworkStatsServiceEx(1277): hwRecordUidAndProcSnapshotLocked currentTime = 1607598664632
12-10 19:11:04.943: D/DlbDap2Process(725): process() called [4437000] times
12-10 19:11:04.943: D/DlbDap2Process(725): process in: cap=256 ch=2 stride=8 samplesize=4
12-10 19:11:04.943: D/DlbDap2Process(725): process out: cap=256 ch=2 stride=8 samplesize=4
12-10 19:11:04.943: D/asd_out_fwk(748): L = -39.281582db, R = -39.281582db, Device = 0x2
12-10 19:11:04.953: I/HwNetworkManagementService(1277): request swap success.
12-10 19:11:04.965: E/bastetd(915): [ProxySocket    ] NotifySocketErrState# No record found by comm prop, state=196619
12-10 19:11:04.984: I/netd(673): bandwidthSetGlobalAlert(2097152) <0.11ms>
12-10 19:11:04.984: W/HSM_Install_BG(19060): TrafficNotifyDelegate:Current data imsi is null, so return.
12-10 19:11:05.086: D/OkHttp(17933): --> GET https://rtas.videocc.net/v2/view?pid=1607598586141X1403542&uid=fc29cb1c85&cid=1988521&flow=0&pd=70&sd=80&ts=1607598665084&sign=5db71e46d1a114d35fc6bdee8d1bd84b&session_id=ZnN4NjAyNjBmMQ==&pn=polyv-android-live-sdk&pv=0.16.0-debug-time&param1=NTg1ZDdjZWEwNzM1M2E3OA==&param2=5a2m5ZGYNTg1ZDdjZWEwNzM1M2E3OA==&param3=dm9k&param4=&param5=
12-10 19:11:05.086: D/OkHttp(17933): --> END GET
12-10 19:11:05.143: D/asd_out_fwk(748): L = -42.126324db, R = -42.126324db, Device = 0x2
12-10 19:11:05.222: D/OkHttp(17933): <-- 200 https://rtas.videocc.net/v2/view?pid=1607598586141X1403542&uid=fc29cb1c85&cid=1988521&flow=0&pd=70&sd=80&ts=1607598665084&sign=5db71e46d1a114d35fc6bdee8d1bd84b&session_id=ZnN4NjAyNjBmMQ==&pn=polyv-android-live-sdk&pv=0.16.0-debug-time&param1=NTg1ZDdjZWEwNzM1M2E3OA==&param2=5a2m5ZGYNTg1ZDdjZWEwNzM1M2E3OA==&param3=dm9k&param4=&param5= (135ms)
12-10 19:11:05.222: D/OkHttp(17933): server: Tengine
12-10 19:11:05.222: D/OkHttp(17933): content-type: text/javascript; charset=UTF-8
12-10 19:11:05.222: D/OkHttp(17933): content-length: 1
12-10 19:11:05.222: D/OkHttp(17933): date: Thu, 10 Dec 2020 11:11:04 GMT
12-10 19:11:05.222: D/OkHttp(17933): access-control-allow-origin: *
12-10 19:11:05.222: D/OkHttp(17933): ali-swift-global-savetime: 1607598664
12-10 19:11:05.222: D/OkHttp(17933): via: cache36.l2cn2635[46,200-0,M], cache60.l2cn2635[47,0], vcache27.cn2893[65,200-0,M], vcache8.cn2893[78,0]
12-10 19:11:05.222: D/OkHttp(17933): x-cache: MISS TCP_MISS dirn:-2:-2
12-10 19:11:05.222: D/OkHttp(17933): x-swift-savetime: Thu, 10 Dec 2020 11:11:04 GMT
12-10 19:11:05.222: D/OkHttp(17933): x-swift-cachetime: 0
12-10 19:11:05.222: D/OkHttp(17933): timing-allow-origin: *
12-10 19:11:05.222: D/OkHttp(17933): eagleid: 2a513a9c16075986647566928e
12-10 19:11:05.224: D/OkHttp(17933): 1
12-10 19:11:05.225: D/OkHttp(17933): <-- END HTTP (1-byte body)
12-10 19:11:05.282: I/AudioFlinger(748): pid(17933):mVol=1.000000, tVol=0.125893, pVol=1.000000, sVol=1.000000, scale=1.000000, output=13, mDevice=0x2, mStreamType=3
12-10 19:11:05.343: D/asd_out_fwk(748): L = -30.754210db, R = -30.754210db, Device = 0x2
12-10 19:11:05.416: I/HiTraceC(19273): entered LogRegisterGetIdFun
12-10 19:11:05.416: I/HiTraceC(19273): entered HiTraceInit
12-10 19:11:05.421: E/bastetd(915): [ProxySocket    ] NotifySocketErrState# No record found by comm prop, state=196619
12-10 19:11:05.494: D/PolyvBaseVideoView(17933): notifyOnBufferingUpdate
12-10 19:11:05.543: D/asd_out_fwk(748): L = -52.532242db, R = -52.532242db, Device = 0x2
12-10 19:11:05.549: D/IJKMEDIA(17933): FFP_MSG_SEI_DATA_REFRESH:
12-10 19:11:05.560: E/tv.danmaku.ijk.media.player.IjkMediaPlayer(17933): Unknown message type 201
12-10 19:11:05.643: I/PGAudioState(2778): stop from audioTrack sessionId: 15537
12-10 19:11:05.643: I/PGServer(2778): report state:2 event type:2 pid:17933 uid:10589 pkg:null to pid: 1277
12-10 19:11:05.644: I/PGServer(2778): report state:2 event type:2 pid:17933 uid:10589 pkg:null to pid: 2778
12-10 19:11:05.644: D/PGAudioState(2778): audio type:out state:stop pid:17933 uid:10589
12-10 19:11:05.645: I/PGServer(2778): checkPkgType. calling pkg: android
12-10 19:11:05.645: I/HwAudioServiceEx(1277): VBR HwAudioService:music app exit -1
12-10 19:11:05.645: V/HwAudioServiceEx(1277): no process apptype
12-10 19:11:05.703: I/PGAudioState(2778): start from audioTrack sessionId: 15537
12-10 19:11:05.703: I/PGServer(2778): report state:2 event type:1 pid:17933 uid:10589 pkg:null to pid: 1277
12-10 19:11:05.703: I/PGServer(2778): report state:2 event type:1 pid:17933 uid:10589 pkg:null to pid: 2778
12-10 19:11:05.703: D/PGAudioState(2778): audio type:out state:start pid:17933 uid:10589
12-10 19:11:05.704: I/PGServer(2778): checkPkgType. calling pkg: android
12-10 19:11:05.704: I/HwAudioServiceEx(1277): VBR HwAudioService:music app enter -1
12-10 19:11:05.704: V/HwAudioServiceEx(1277): no process apptype
12-10 19:11:05.743: D/asd_out_fwk(748): L = -81.555984db, R = -81.555984db, Device = 0x2
12-10 19:11:05.805: I/netd(673): trafficSwapActiveStatsMap() <15.15ms>
12-10 19:11:05.905: E/bastetd(915): [ProxySocket    ] NotifySocketErrState# No record found by comm prop, state=196619
12-10 19:11:05.915: I/HiTraceC(19278): entered LogRegisterGetIdFun
12-10 19:11:05.915: I/HiTraceC(19278): entered HiTraceInit
12-10 19:11:05.942: D/IJKMEDIA(17933): FFP_MSG_SEI_DATA_REFRESH:
12-10 19:11:05.943: D/asd_out_fwk(748): L = -30.690386db, R = -30.690386db, Device = 0x2
12-10 19:11:05.954: E/tv.danmaku.ijk.media.player.IjkMediaPlayer(17933): Unknown message type 201
12-10 19:11:06.020: D/PolyvBaseVideoView(17933): notifyOnBufferingUpdate
12-10 19:11:06.143: D/asd_out_fwk(748): L = -50.165527db, R = -50.165527db, Device = 0x2
12-10 19:11:06.282: I/AudioFlinger(748): pid(17933):mVol=1.000000, tVol=0.125893, pVol=1.000000, sVol=1.000000, scale=1.000000, output=13, mDevice=0x2, mStreamType=3
12-10 19:11:06.331: E/WifiHAL(746): enter wifi_get_link_stats
12-10 19:11:06.333: I/WificondControl(1277): Noise: -78, Snr: 65, Chload: 546, rssi: -34, txBitrate: 192, rxBitrate: 0, frequency: 5280, UlDelay: -1, currentTxBytes: 69782969, currentTxPackets: 808316, currentTxFailed: 2, currentRxBytes: 822060093, currentRxPackets: 863372
12-10 19:11:06.335: V/HwWifiServiceFactory(1277): get AllImpl object = com.android.server.wifi.HwWifiServiceFactoryImpl@aaf25cd
12-10 19:11:06.338: I/TelephonyManager(1277): getAllCellInfo calling app is android
12-10 19:11:06.339: W/PhoneInterfaceManager(2976): shouldBlockLocation running ...
12-10 19:11:06.339: I/PhoneInterfaceManager(2976): shouldBlockLocation  ret:false
12-10 19:11:06.343: D/asd_out_fwk(748): L = -40.874565db, R = -40.874565db, Device = 0x2
12-10 19:11:06.377: E/bastetd(915): [ProxySocket    ] NotifySocketErrState# No record found by comm prop, state=196619
12-10 19:11:06.419: I/HiTraceC(19283): entered LogRegisterGetIdFun
12-10 19:11:06.419: I/HiTraceC(19283): entered HiTraceInit
12-10 19:11:06.543: D/asd_out_fwk(748): L = -47.891575db, R = -47.891575db, Device = 0x2
12-10 19:11:06.546: D/PolyvBaseVideoView(17933): notifyOnBufferingUpdate
12-10 19:11:06.627: I/HwBatteryService(1277): quick charge status : 0
12-10 19:11:06.627: D/HwBatteryService(1277): onUEvent fcpStatus = 0
12-10 19:11:06.627: D/HwBatteryService(1277): onUEvent scpStatus = 0 ,ovpStatus = 0
12-10 19:11:06.627: I/HwBatteryService(1277): handleWirelessTxStatus
12-10 19:11:06.627: I/HwBatteryService(1277): switch not open, return, mWirelessTxFlag : 0
12-10 19:11:06.627: W/HwBatteryService(1277): need return. Invalid value: -1
12-10 19:11:06.627: D/HwBatteryService(1277): setHwChargeTimeRemaining, time = -1 String time: -1
12-10 19:11:06.743: D/asd_out_fwk(748): L = -36.701500db, R = -36.701500db, Device = 0x2
12-10 19:11:06.918: I/HiTraceC(19288): entered LogRegisterGetIdFun
12-10 19:11:06.918: I/HiTraceC(19288): entered HiTraceInit
12-10 19:11:06.943: D/asd_out_fwk(748): L = -29.848145db, R = -29.848145db, Device = 0x2
12-10 19:11:07.017: E/bastetd(915): [ProxySocket    ] NotifySocketErrState# No record found by comm prop, state=196619
12-10 19:11:07.072: D/PolyvBaseVideoView(17933): notifyOnBufferingUpdate
12-10 19:11:07.083: I/PGAudioState(2778): stop from audioTrack sessionId: 15537
12-10 19:11:07.083: I/PGServer(2778): report state:2 event type:2 pid:17933 uid:10589 pkg:null to pid: 1277
12-10 19:11:07.083: I/PGServer(2778): report state:2 event type:2 pid:17933 uid:10589 pkg:null to pid: 2778
12-10 19:11:07.083: D/PGAudioState(2778): audio type:out state:stop pid:17933 uid:10589
12-10 19:11:07.084: I/PGServer(2778): checkPkgType. calling pkg: android
12-10 19:11:07.084: I/HwAudioServiceEx(1277): VBR HwAudioService:music app exit -1
12-10 19:11:07.084: V/HwAudioServiceEx(1277): no process apptype
12-10 19:11:07.143: I/PGAudioState(2778): start from audioTrack sessionId: 15537
12-10 19:11:07.143: I/PGServer(2778): report state:2 event type:1 pid:17933 uid:10589 pkg:null to pid: 1277
12-10 19:11:07.143: D/asd_out_fwk(748): L = -84.924271db, R = -84.924271db, Device = 0x2
12-10 19:11:07.143: I/PGServer(2778): report state:2 event type:1 pid:17933 uid:10589 pkg:null to pid: 2778
12-10 19:11:07.143: D/PGAudioState(2778): audio type:out state:start pid:17933 uid:10589
12-10 19:11:07.144: I/PGServer(2778): checkPkgType. calling pkg: android
12-10 19:11:07.144: I/HwAudioServiceEx(1277): VBR HwAudioService:music app enter -1
12-10 19:11:07.144: V/HwAudioServiceEx(1277): no process apptype
12-10 19:11:07.282: I/AudioFlinger(748): pid(17933):mVol=1.000000, tVol=0.125893, pVol=1.000000, sVol=1.000000, scale=1.000000, output=13, mDevice=0x2, mStreamType=3
12-10 19:11:07.343: D/asd_out_fwk(748): L = -22.629978db, R = -22.629978db, Device = 0x2
12-10 19:11:07.417: I/HiTraceC(19293): entered LogRegisterGetIdFun
12-10 19:11:07.417: I/HiTraceC(19293): entered HiTraceInit
12-10 19:11:07.460: D/IJKMEDIA(17933): FFP_MSG_SEI_DATA_REFRESH:
12-10 19:11:07.466: E/tv.danmaku.ijk.media.player.IjkMediaPlayer(17933): Unknown message type 201
12-10 19:11:07.543: D/asd_out_fwk(748): L = -53.149181db, R = -53.149181db, Device = 0x2
12-10 19:11:07.603: D/DlbDap2Process(725): process() called [4437500] times
12-10 19:11:07.603: D/DlbDap2Process(725): process in: cap=256 ch=2 stride=8 samplesize=4
12-10 19:11:07.603: D/DlbDap2Process(725): process out: cap=256 ch=2 stride=8 samplesize=4
12-10 19:11:07.743: D/asd_out_fwk(748): L = -33.564957db, R = -33.564957db, Device = 0x2
12-10 19:11:07.816: I/AppEyeFwkBlock(1277): do monitor
12-10 19:11:07.817: E/bastetd(915): [ProxySocket    ] NotifySocketErrState# No record found by comm prop, state=196619
12-10 19:11:07.876: D/PolyvBaseVideoView(17933): notifyOnBufferingUpdate
12-10 19:11:07.917: I/HiTraceC(19298): entered LogRegisterGetIdFun
12-10 19:11:07.917: I/HiTraceC(19298): entered HiTraceInit
12-10 19:11:07.925: D/IJKMEDIA(17933): FFP_MSG_SEI_DATA_REFRESH:
12-10 19:11:07.942: E/tv.danmaku.ijk.media.player.IjkMediaPlayer(17933): Unknown message type 201
12-10 19:11:07.943: D/asd_out_fwk(748): L = -38.067493db, R = -38.067493db, Device = 0x2
12-10 19:11:08.098: E/Thermal-daemon:hw_thermal(905): [rfboard] temp_new :28  temp_old :29
12-10 19:11:08.098: E/Thermal-daemon:hw_thermal(905): Report temperature: [rfboard] temp :28  report_threshold:1
12-10 19:11:08.143: D/asd_out_fwk(748): L = -32.027618db, R = -32.027618db, Device = 0x2
12-10 19:11:08.282: I/AudioFlinger(748): pid(17933):mVol=1.000000, tVol=0.125893, pVol=1.000000, sVol=1.000000, scale=1.000000, output=13, mDevice=0x2, mStreamType=3
12-10 19:11:08.297: E/bastetd(915): [ProxySocket    ] NotifySocketErrState# No record found by comm prop, state=196619
12-10 19:11:08.343: D/asd_out_fwk(748): L = -44.595585db, R = -44.595585db, Device = 0x2
12-10 19:11:08.402: D/PolyvBaseVideoView(17933): notifyOnBufferingUpdate
12-10 19:11:08.415: I/HiTraceC(19304): entered LogRegisterGetIdFun
12-10 19:11:08.415: I/HiTraceC(19304): entered HiTraceInit
12-10 19:11:08.504: I/NetworkStats(1277): performPollLocked, pid = 1277
12-10 19:11:08.517: I/netd(673): trafficSwapActiveStatsMap() <13.08ms>
12-10 19:11:08.520: I/netd(673): tetherGetStats() <1.12ms>
12-10 19:11:08.529: I/HwNetworkStatsServiceEx(1277): hwRecordUidAndProcSnapshotLocked currentTime = 1607598668236
12-10 19:11:08.543: D/asd_out_fwk(748): L = -24.556103db, R = -24.556103db, Device = 0x2
12-10 19:11:08.549: I/HwNetworkManagementService(1277): request swap success.
12-10 19:11:08.582: I/netd(673): bandwidthSetGlobalAlert(2097152) <0.13ms>
12-10 19:11:08.583: W/HSM_Install_BG(19060): TrafficNotifyDelegate:Current data imsi is null, so return.
12-10 19:11:08.743: D/asd_out_fwk(748): L = -38.979027db, R = -38.979027db, Device = 0x2
12-10 19:11:08.764: I/PGAudioState(2778): stop from audioTrack sessionId: 15537
12-10 19:11:08.764: I/PGServer(2778): report state:2 event type:2 pid:17933 uid:10589 pkg:null to pid: 1277
12-10 19:11:08.764: I/PGServer(2778): report state:2 event type:2 pid:17933 uid:10589 pkg:null to pid: 2778
12-10 19:11:08.764: D/PGAudioState(2778): audio type:out state:stop pid:17933 uid:10589
12-10 19:11:08.765: I/PGServer(2778): checkPkgType. calling pkg: android
12-10 19:11:08.765: I/HwAudioServiceEx(1277): VBR HwAudioService:music app exit -1
12-10 19:11:08.765: V/HwAudioServiceEx(1277): no process apptype
12-10 19:11:08.773: E/bastetd(915): [ProxySocket    ] NotifySocketErrState# No record found by comm prop, state=196619
12-10 19:11:08.878: I/HardwareAdapter(2778): isOnlyChargingType adaptor_detect=1
12-10 19:11:08.878: I/HardwareAdapter(2778): isOnlyChargingType chargerType=0
12-10 19:11:08.883: I/PGAudioState(2778): start from audioTrack sessionId: 15537
12-10 19:11:08.883: I/PGServer(2778): report state:2 event type:1 pid:17933 uid:10589 pkg:null to pid: 1277
12-10 19:11:08.883: I/PGServer(2778): report state:2 event type:1 pid:17933 uid:10589 pkg:null to pid: 2778
12-10 19:11:08.883: D/PGAudioState(2778): audio type:out state:start pid:17933 uid:10589
12-10 19:11:08.884: I/PGServer(2778): checkPkgType. calling pkg: android
12-10 19:11:08.884: I/HwAudioServiceEx(1277): VBR HwAudioService:music app enter -1
12-10 19:11:08.884: V/HwAudioServiceEx(1277): no process apptype
12-10 19:11:08.918: I/HiTraceC(19309): entered LogRegisterGetIdFun
12-10 19:11:08.918: I/HiTraceC(19309): entered HiTraceInit
12-10 19:11:08.928: D/PolyvBaseVideoView(17933): notifyOnBufferingUpdate
12-10 19:11:08.943: I/PGAudioState(2778): stop from audioTrack sessionId: 15537
12-10 19:11:08.943: I/PGServer(2778): report state:2 event type:2 pid:17933 uid:10589 pkg:null to pid: 1277
12-10 19:11:08.943: D/asd_out_fwk(748): L = -84.786346db, R = -84.786346db, Device = 0x2
12-10 19:11:08.943: I/PGServer(2778): report state:2 event type:2 pid:17933 uid:10589 pkg:null to pid: 2778
12-10 19:11:08.943: D/PGAudioState(2778): audio type:out state:stop pid:17933 uid:10589
12-10 19:11:08.944: I/PGServer(2778): checkPkgType. calling pkg: android
12-10 19:11:08.944: I/HwAudioServiceEx(1277): VBR HwAudioService:music app exit -1
12-10 19:11:08.944: V/HwAudioServiceEx(1277): no process apptype
12-10 19:11:09.082: I/ActivityManager(1277): App 10033/com.huawei.magazine targets O+, restricted
12-10 19:11:09.087: V/BroadcastQueue(1277): Finished with ordered broadcast BroadcastRecord{b3a983d u0 com.huawei.android.keyguard.migrateFolder}
12-10 19:11:09.143: D/asd_out_fwk(748): L = -83.720657db, R = -83.720657db, Device = 0x2
12-10 19:11:09.261: E/bastetd(915): [ProxySocket    ] NotifySocketErrState# No record found by comm prop, state=196619
12-10 19:11:09.273: I/netd(673): trafficSwapActiveStatsMap() <15.45ms>
12-10 19:11:09.282: I/AudioFlinger(748): pid(17933):mVol=1.000000, tVol=0.125893, pVol=1.000000, sVol=1.000000, scale=1.000000, output=13, mDevice=0x2, mStreamType=3
12-10 19:11:09.303: I/PGAudioState(2778): start from audioTrack sessionId: 15537
12-10 19:11:09.303: I/PGServer(2778): report state:2 event type:1 pid:17933 uid:10589 pkg:null to pid: 1277
12-10 19:11:09.303: I/PGServer(2778): report state:2 event type:1 pid:17933 uid:10589 pkg:null to pid: 2778
12-10 19:11:09.303: D/PGAudioState(2778): audio type:out state:start pid:17933 uid:10589
12-10 19:11:09.304: I/PGAudioState(2778): stop from audioTrack sessionId: 15537
12-10 19:11:09.304: I/PGServer(2778): report state:2 event type:2 pid:17933 uid:10589 pkg:null to pid: 1277
12-10 19:11:09.304: I/PGServer(2778): report state:2 event type:2 pid:17933 uid:10589 pkg:null to pid: 2778
12-10 19:11:09.304: D/PGAudioState(2778): audio type:out state:stop pid:17933 uid:10589
12-10 19:11:09.304: I/PGServer(2778): checkPkgType. calling pkg: android
12-10 19:11:09.304: I/HwAudioServiceEx(1277): VBR HwAudioService:music app enter -1
12-10 19:11:09.304: V/HwAudioServiceEx(1277): no process apptype
12-10 19:11:09.305: I/HwAudioServiceEx(1277): VBR HwAudioService:music app exit -1
12-10 19:11:09.306: V/HwAudioServiceEx(1277): no process apptype
12-10 19:11:09.305: I/PGServer(2778): checkPkgType. calling pkg: android
12-10 19:11:09.342: E/WifiHAL(746): enter wifi_get_link_stats
12-10 19:11:09.343: D/asd_out_fwk(748): L = -88.704796db, R = -88.704796db, Device = 0x2
12-10 19:11:09.344: I/WificondControl(1277): Noise: -67, Snr: 69, Chload: 843, rssi: -36, txBitrate: 192, rxBitrate: 0, frequency: 5280, UlDelay: -1, currentTxBytes: 69822345, currentTxPackets: 809035, currentTxFailed: 2, currentRxBytes: 823880889, currentRxPackets: 864794
12-10 19:11:09.345: V/HwWifiServiceFactory(1277): get AllImpl object = com.android.server.wifi.HwWifiServiceFactoryImpl@aaf25cd
12-10 19:11:09.348: I/TelephonyManager(1277): getAllCellInfo calling app is android
12-10 19:11:09.348: W/PhoneInterfaceManager(2976): shouldBlockLocation running ...
12-10 19:11:09.348: I/PhoneInterfaceManager(2976): shouldBlockLocation  ret:false
12-10 19:11:09.417: I/HiTraceC(19314): entered LogRegisterGetIdFun
12-10 19:11:09.417: I/HiTraceC(19314): entered HiTraceInit
12-10 19:11:09.454: D/PolyvBaseVideoView(17933): notifyOnBufferingUpdate
12-10 19:11:09.543: D/asd_out_fwk(748): L = -87.628761db, R = -87.628761db, Device = 0x2
12-10 19:11:09.578: D/IJKMEDIA(17933): FFP_MSG_SEI_DATA_REFRESH:
12-10 19:11:09.585: E/tv.danmaku.ijk.media.player.IjkMediaPlayer(17933): Unknown message type 201
12-10 19:11:09.663: I/PGAudioState(2778): start from audioTrack sessionId: 15537
12-10 19:11:09.663: I/PGServer(2778): report state:2 event type:1 pid:17933 uid:10589 pkg:null to pid: 1277
12-10 19:11:09.663: I/PGServer(2778): report state:2 event type:1 pid:17933 uid:10589 pkg:null to pid: 2778
12-10 19:11:09.663: D/PGAudioState(2778): audio type:out state:start pid:17933 uid:10589
12-10 19:11:09.664: I/PGServer(2778): checkPkgType. calling pkg: android
12-10 19:11:09.664: I/HwAudioServiceEx(1277): VBR HwAudioService:music app enter -1
12-10 19:11:09.664: V/HwAudioServiceEx(1277): no process apptype
12-10 19:11:09.693: E/bastetd(915): [ProxySocket    ] NotifySocketErrState# No record found by comm prop, state=196619
12-10 19:11:09.723: I/PGAudioState(2778): stop from audioTrack sessionId: 15537
12-10 19:11:09.723: I/PGServer(2778): report state:2 event type:2 pid:17933 uid:10589 pkg:null to pid: 1277
12-10 19:11:09.723: I/PGServer(2778): report state:2 event type:2 pid:17933 uid:10589 pkg:null to pid: 2778
12-10 19:11:09.723: D/PGAudioState(2778): audio type:out state:stop pid:17933 uid:10589
12-10 19:11:09.724: I/PGServer(2778): checkPkgType. calling pkg: android
12-10 19:11:09.724: I/HwAudioServiceEx(1277): VBR HwAudioService:music app exit -1
12-10 19:11:09.724: V/HwAudioServiceEx(1277): no process apptype
12-10 19:11:09.743: D/asd_out_fwk(748): L = -87.392746db, R = -87.392746db, Device = 0x2
12-10 19:11:09.843: I/PGAudioState(2778): start from audioTrack sessionId: 15537
12-10 19:11:09.843: I/PGServer(2778): report state:2 event type:1 pid:17933 uid:10589 pkg:null to pid: 1277
12-10 19:11:09.843: I/PGServer(2778): report state:2 event type:1 pid:17933 uid:10589 pkg:null to pid: 2778
12-10 19:11:09.843: D/PGAudioState(2778): audio type:out state:start pid:17933 uid:10589
12-10 19:11:09.844: I/PGServer(2778): checkPkgType. calling pkg: android
12-10 19:11:09.844: I/HwAudioServiceEx(1277): VBR HwAudioService:music app enter -1
12-10 19:11:09.844: V/HwAudioServiceEx(1277): no process apptype
12-10 19:11:09.897: E/bastetd(915): [ProxySocket    ] NotifySocketErrState# No record found by comm prop, state=196619
12-10 19:11:09.912: D/IJKMEDIA(17933): FFP_MSG_SEI_DATA_REFRESH:
12-10 19:11:09.914: E/tv.danmaku.ijk.media.player.IjkMediaPlayer(17933): Unknown message type 201
12-10 19:11:09.915: I/HiTraceC(19320): entered LogRegisterGetIdFun
12-10 19:11:09.915: I/HiTraceC(19320): entered HiTraceInit
12-10 19:11:09.943: D/asd_out_fwk(748): L = -79.544502db, R = -79.544502db, Device = 0x2
12-10 19:11:09.953: I/aptouch_daemon(776): check_afe_status, afe[188 120 X1] [ctrl:X40020 ftr:X140] dif[17 -25] raw[32830 32665] [exp:X0 aN:0 lo:0]
12-10 19:11:09.980: D/PolyvBaseVideoView(17933): notifyOnBufferingUpdate
12-10 19:11:10.143: D/asd_out_fwk(748): L = -34.812904db, R = -34.812904db, Device = 0x2
12-10 19:11:10.185: E/bastetd(915): [ProxySocket    ] NotifySocketErrState# No record found by comm prop, state=196619
12-10 19:11:10.263: D/DlbDap2Process(725): process() called [4438000] times
12-10 19:11:10.263: D/DlbDap2Process(725): process in: cap=256 ch=2 stride=8 samplesize=4
12-10 19:11:10.263: D/DlbDap2Process(725): process out: cap=256 ch=2 stride=8 samplesize=4
12-10 19:11:10.263: I/PGAudioState(2778): stop from audioTrack sessionId: 15537
12-10 19:11:10.263: I/PGServer(2778): report state:2 event type:2 pid:17933 uid:10589 pkg:null to pid: 1277
12-10 19:11:10.263: I/PGServer(2778): report state:2 event type:2 pid:17933 uid:10589 pkg:null to pid: 2778
12-10 19:11:10.263: D/PGAudioState(2778): audio type:out state:stop pid:17933 uid:10589
12-10 19:11:10.264: I/PGServer(2778): checkPkgType. calling pkg: android
12-10 19:11:10.264: I/HwAudioServiceEx(1277): VBR HwAudioService:music app exit -1
12-10 19:11:10.264: V/HwAudioServiceEx(1277): no process apptype
12-10 19:11:10.282: I/AudioFlinger(748): pid(17933):mVol=1.000000, tVol=0.125893, pVol=1.000000, sVol=1.000000, scale=1.000000, output=13, mDevice=0x2, mStreamType=3
12-10 19:11:10.343: D/asd_out_fwk(748): L = -76.127586db, R = -76.127586db, Device = 0x2
12-10 19:11:10.417: I/HiTraceC(19325): entered LogRegisterGetIdFun
12-10 19:11:10.417: I/HiTraceC(19325): entered HiTraceInit
12-10 19:11:10.429: I/SpeedTestNotifier(2744): is low speed scene
12-10 19:11:10.503: I/PGAudioState(2778): start from audioTrack sessionId: 15537
12-10 19:11:10.503: I/PGServer(2778): report state:2 event type:1 pid:17933 uid:10589 pkg:null to pid: 1277
12-10 19:11:10.503: I/PGServer(2778): report state:2 event type:1 pid:17933 uid:10589 pkg:null to pid: 2778
12-10 19:11:10.503: D/PGAudioState(2778): audio type:out state:start pid:17933 uid:10589
12-10 19:11:10.504: I/PGServer(2778): checkPkgType. calling pkg: android
12-10 19:11:10.504: I/HwAudioServiceEx(1277): VBR HwAudioService:music app enter -1
12-10 19:11:10.504: V/HwAudioServiceEx(1277): no process apptype
12-10 19:11:10.506: D/PolyvBaseVideoView(17933): notifyOnBufferingUpdate
12-10 19:11:10.543: D/asd_out_fwk(748): L = -83.862427db, R = -83.862427db, Device = 0x2
12-10 19:11:10.743: D/asd_out_fwk(748): L = -33.165527db, R = -33.165527db, Device = 0x2
12-10 19:11:10.749: E/bastetd(915): [ProxySocket    ] NotifySocketErrState# No record found by comm prop, state=196619
12-10 19:11:10.833: I/netd(673): trafficSwapActiveStatsMap() <20.12ms>
12-10 19:11:10.917: I/HiTraceC(19330): entered LogRegisterGetIdFun
12-10 19:11:10.917: I/HiTraceC(19330): entered HiTraceInit
12-10 19:11:10.943: D/asd_out_fwk(748): L = -39.837440db, R = -39.837440db, Device = 0x2
12-10 19:11:11.048: D/PolyvBaseVideoView(17933): notifyOnBufferingUpdate
12-10 19:11:11.143: D/asd_out_fwk(748): L = -31.616278db, R = -31.616278db, Device = 0x2
12-10 19:11:11.282: I/AudioFlinger(748): pid(17933):mVol=1.000000, tVol=0.125893, pVol=1.000000, sVol=1.000000, scale=1.000000, output=13, mDevice=0x2, mStreamType=3
12-10 19:11:11.343: D/asd_out_fwk(748): L = -28.128786db, R = -28.128786db, Device = 0x2
12-10 19:11:11.415: I/HiTraceC(19335): entered LogRegisterGetIdFun
12-10 19:11:11.415: I/HiTraceC(19335): entered HiTraceInit
12-10 19:11:11.543: D/asd_out_fwk(748): L = -59.897034db, R = -59.897034db, Device = 0x2
12-10 19:11:11.574: D/PolyvBaseVideoView(17933): notifyOnBufferingUpdate
12-10 19:11:11.583: I/PGAudioState(2778): stop from audioTrack sessionId: 15537
12-10 19:11:11.583: I/PGServer(2778): report state:2 event type:2 pid:17933 uid:10589 pkg:null to pid: 1277
12-10 19:11:11.583: I/PGServer(2778): report state:2 event type:2 pid:17933 uid:10589 pkg:null to pid: 2778
12-10 19:11:11.583: D/PGAudioState(2778): audio type:out state:stop pid:17933 uid:10589
12-10 19:11:11.584: I/PGServer(2778): checkPkgType. calling pkg: android
12-10 19:11:11.585: I/HwAudioServiceEx(1277): VBR HwAudioService:music app exit -1
12-10 19:11:11.585: V/HwAudioServiceEx(1277): no process apptype
12-10 19:11:11.693: D/IJKMEDIA(17933): FFP_MSG_SEI_DATA_REFRESH:
12-10 19:11:11.701: E/bastetd(915): [ProxySocket    ] NotifySocketErrState# No record found by comm prop, state=196619
12-10 19:11:11.705: E/tv.danmaku.ijk.media.player.IjkMediaPlayer(17933): Unknown message type 201
12-10 19:11:11.743: D/asd_out_fwk(748): L = -80.444267db, R = -80.444267db, Device = 0x2
12-10 19:11:11.895: D/IJKMEDIA(17933): FFP_MSG_SEI_DATA_REFRESH:
12-10 19:11:11.902: E/tv.danmaku.ijk.media.player.IjkMediaPlayer(17933): Unknown message type 201
12-10 19:11:11.918: I/HiTraceC(19340): entered LogRegisterGetIdFun
12-10 19:11:11.918: I/HiTraceC(19340): entered HiTraceInit
12-10 19:11:11.942: D/asd_pop(725): pop_recognition AudioAudio stream find POP[stream = 5 ; device = 2 ; ratio = 0.541933 ; wavelet_buf_qsum = 1163795847.735673]
12-10 19:11:11.943: I/PGAudioState(2778): start from audioTrack sessionId: 15537
12-10 19:11:11.943: I/PGServer(2778): report state:2 event type:1 pid:17933 uid:10589 pkg:null to pid: 1277
12-10 19:11:11.943: I/PGServer(2778): report state:2 event type:1 pid:17933 uid:10589 pkg:null to pid: 2778
12-10 19:11:11.943: D/asd_out_fwk(748): L = -88.388794db, R = -88.388794db, Device = 0x2
12-10 19:11:11.943: D/PGAudioState(2778): audio type:out state:start pid:17933 uid:10589
12-10 19:11:11.944: I/PGServer(2778): checkPkgType. calling pkg: android
12-10 19:11:11.944: I/HwAudioServiceEx(1277): VBR HwAudioService:music app enter -1
12-10 19:11:11.944: V/HwAudioServiceEx(1277): no process apptype
12-10 19:11:12.100: D/PolyvBaseVideoView(17933): notifyOnBufferingUpdate
12-10 19:11:12.143: D/asd_out_fwk(748): L = -27.751060db, R = -27.751060db, Device = 0x2
12-10 19:11:12.201: E/bastetd(915): [ProxySocket    ] NotifySocketErrState# No record found by comm prop, state=196619
12-10 19:11:12.273: I/NetworkStats(1277): performPollLocked, pid = 1277
12-10 19:11:12.282: I/AudioFlinger(748): pid(17933):mVol=1.000000, tVol=0.125893, pVol=1.000000, sVol=1.000000, scale=1.000000, output=13, mDevice=0x2, mStreamType=3
12-10 19:11:12.293: I/netd(673): trafficSwapActiveStatsMap() <19.30ms>
12-10 19:11:12.296: I/netd(673): tetherGetStats() <1.26ms>
12-10 19:11:12.305: I/HwNetworkStatsServiceEx(1277): hwRecordUidAndProcSnapshotLocked currentTime = 1607598672005
12-10 19:11:12.329: I/HwNetworkManagementService(1277): request swap success.
12-10 19:11:12.343: D/asd_out_fwk(748): L = -30.130125db, R = -30.130125db, Device = 0x2
12-10 19:11:12.353: E/WifiHAL(746): enter wifi_get_link_stats
12-10 19:11:12.355: I/WificondControl(1277): Noise: -76, Snr: 74, Chload: 575, rssi: -35, txBitrate: 192, rxBitrate: 0, frequency: 5280, UlDelay: -1, currentTxBytes: 69869001, currentTxPackets: 809855, currentTxFailed: 2, currentRxBytes: 825808389, currentRxPackets: 866292
12-10 19:11:12.356: V/HwWifiServiceFactory(1277): get AllImpl object = com.android.server.wifi.HwWifiServiceFactoryImpl@aaf25cd
12-10 19:11:12.359: I/TelephonyManager(1277): getAllCellInfo calling app is android
12-10 19:11:12.360: W/PhoneInterfaceManager(2976): shouldBlockLocation running ...
12-10 19:11:12.360: I/PhoneInterfaceManager(2976): shouldBlockLocation  ret:false
12-10 19:11:12.362: I/netd(673): bandwidthSetGlobalAlert(2097152) <0.17ms>
12-10 19:11:12.363: W/HSM_Install_BG(19060): TrafficNotifyDelegate:Current data imsi is null, so return.
12-10 19:11:12.418: I/HiTraceC(19345): entered LogRegisterGetIdFun
12-10 19:11:12.418: I/HiTraceC(19345): entered HiTraceInit
12-10 19:11:12.429: E/bastetd(915): [ProxySocket    ] NotifySocketErrState# No record found by comm prop, state=196619
12-10 19:11:12.543: D/asd_out_fwk(748): L = -27.662273db, R = -27.662273db, Device = 0x2
12-10 19:11:12.610: D/PolyvBaseVideoView(17933): notifyOnBufferingUpdate
12-10 19:11:12.744: D/asd_out_fwk(748): L = -49.162300db, R = -49.162300db, Device = 0x2
12-10 19:11:12.780: E/Thermal-daemon:ambient(905): calc_ambient_temp: median filter output 17362
12-10 19:11:12.780: E/Thermal-daemon:ambient(905): ambient_sample: write temp 17362 to ambient node
12-10 19:11:12.905: E/bastetd(915): [ProxySocket    ] NotifySocketErrState# No record found by comm prop, state=196619
12-10 19:11:12.917: I/HiTraceC(19350): entered LogRegisterGetIdFun
12-10 19:11:12.917: I/HiTraceC(19350): entered HiTraceInit
12-10 19:11:12.942: D/DlbDap2Process(725): process() called [4438500] times
12-10 19:11:12.942: D/DlbDap2Process(725): process in: cap=256 ch=2 stride=8 samplesize=4
12-10 19:11:12.942: D/DlbDap2Process(725): process out: cap=256 ch=2 stride=8 samplesize=4
12-10 19:11:12.943: D/asd_out_fwk(748): L = -36.981098db, R = -36.981098db, Device = 0x2
12-10 19:11:13.143: D/asd_out_fwk(748): L = -35.849407db, R = -35.849407db, Device = 0x2
12-10 19:11:13.151: D/PolyvBaseVideoView(17933): notifyOnBufferingUpdate
12-10 19:11:13.282: I/AudioFlinger(748): pid(17933):mVol=1.000000, tVol=0.125893, pVol=1.000000, sVol=1.000000, scale=1.000000, output=13, mDevice=0x2, mStreamType=3
12-10 19:11:13.343: D/asd_out_fwk(748): L = -34.257084db, R = -34.257084db, Device = 0x2
12-10 19:11:13.416: I/HiTraceC(19355): entered LogRegisterGetIdFun
12-10 19:11:13.417: I/HiTraceC(19355): entered HiTraceInit
12-10 19:11:13.543: D/asd_out_fwk(748): L = -38.901958db, R = -38.901958db, Device = 0x2
