12-10 19:11:13.545: E/bastetd(915): [ProxySocket    ] NotifySocketErrState# No record found by comm prop, state=196619
12-10 19:11:13.553: I/HiAdKit.ExSplashManager(32473):  do not request exsplash config
12-10 19:11:13.554: I/HiAdKit.ExSplashUtil(32473):  cache exsplash mode:1
12-10 19:11:13.605: D/IJKMEDIA(17933): FFP_MSG_SEI_DATA_REFRESH:
12-10 19:11:13.611: E/tv.danmaku.ijk.media.player.IjkMediaPlayer(17933): Unknown message type 201
12-10 19:11:13.743: D/asd_out_fwk(748): L = -38.509827db, R = -38.509827db, Device = 0x2
12-10 19:11:13.816: I/AppEyeFwkBlock(1277): do monitor
12-10 19:11:13.909: E/bastetd(915): [ProxySocket    ] NotifySocketErrState# No record found by comm prop, state=196619
12-10 19:11:13.916: I/HiTraceC(19363): entered LogRegisterGetIdFun
12-10 19:11:13.916: I/HiTraceC(19363): entered HiTraceInit
12-10 19:11:13.939: D/IJKMEDIA(17933): FFP_MSG_SEI_DATA_REFRESH:
12-10 19:11:13.939: D/PolyvBaseVideoView(17933): notifyOnBufferingUpdate
12-10 19:11:13.943: D/asd_out_fwk(748): L = -38.835064db, R = -38.835064db, Device = 0x2
12-10 19:11:13.955: E/tv.danmaku.ijk.media.player.IjkMediaPlayer(17933): Unknown message type 201
12-10 19:11:14.017: I/SmartChgBase/Arb_HidlParam(19060): Apply Skipped: IsApplyExcept return true. [moduleName:ASW, param:dc_vterm_dec, detailsWithValue:source=trigger;event=heartbeat;chargestatus=start;value=0;]
12-10 19:11:14.017: I/SmartChgBase/Arb_HidlParam(19060): Apply Skipped: IsApplyExcept return true. [moduleName:ASW, param:nondc_vterm_dec, detailsWithValue:source=trigger;event=heartbeat;chargestatus=start;value=0;]
12-10 19:11:14.017: I/SmartChgBase/Arb_HidlParam(19060): Apply.[moduleName:ASW, param:soc_control, detailsWithValue:source=trigger;event=heartbeat;chargestatus=start;value=1 75 82 1 1;]
12-10 19:11:14.021: E/(744): [hw_comm_set_power_state] test_scene: soc_control, value: 1 75 82 1 1
12-10 19:11:14.022: I/SmartChgBase/Arb_HidlParam(19060): SetHidlValue Success:[module:ASW, scene:soc_control, value:1 75 82 1 1]
12-10 19:11:14.143: D/asd_out_fwk(748): L = -50.957596db, R = -50.957596db, Device = 0x2
12-10 19:11:14.282: I/AudioFlinger(748): pid(17933):mVol=1.000000, tVol=0.125893, pVol=1.000000, sVol=1.000000, scale=1.000000, output=13, mDevice=0x2, mStreamType=3
12-10 19:11:14.343: D/asd_out_fwk(748): L = -34.571976db, R = -34.571976db, Device = 0x2
12-10 19:11:14.377: E/bastetd(915): [ProxySocket    ] NotifySocketErrState# No record found by comm prop, state=196619
12-10 19:11:14.418: I/HiTraceC(19368): entered LogRegisterGetIdFun
12-10 19:11:14.418: I/HiTraceC(19368): entered HiTraceInit
12-10 19:11:14.481: D/PolyvBaseVideoView(17933): notifyOnBufferingUpdate
12-10 19:11:14.536: E/IJKMEDIA(17933): error:1408F119:SSL routines:SSL3_GET_RECORD:decryption failed or bad record mac
12-10 19:11:14.536: I/IJKMEDIA(17933): Will reconnect at 20938752 error=I/O error.
12-10 19:11:14.536: I/tv.danmaku.ijk.media.player.IjkMediaPlayer(17933): onNativeInvoke 3
12-10 19:11:14.537: I/IJKMEDIA(17933): will delete cache entry, hostname = oss-live-2.videocc.net
12-10 19:11:14.538: W//system/bin/netd(673): A binder object at 0x7cdee93c80 is being transacted on, however, this object is in the same process as its proxy. Transacting with this binder is expensive compared to just calling the corresponding functionality in the same process.
12-10 19:11:14.538: I/PreDnsController(673): canPreDnsQuery,persist.sys.predns is false!
12-10 19:11:14.540: I/tv.danmaku.ijk.media.player.IjkMediaPlayer(17933): onNativeInvoke 131073
12-10 19:11:14.541: I/tv.danmaku.ijk.media.player.IjkMediaPlayer(17933): onNativeInvoke 131074
12-10 19:11:14.541: I/IJKMEDIA(17933): Add dns cache hostname = oss-live-2.videocc.net, ip = 106.117.213.222
12-10 19:11:14.541: D/HwConnectivityManagerImpl(1277): getNetworkPolicyFlag flagStr null
12-10 19:11:14.543: D/asd_out_fwk(748): L = -39.936913db, R = -39.936913db, Device = 0x2
12-10 19:11:14.743: D/asd_out_fwk(748): L = -34.134834db, R = -34.134834db, Device = 0x2
12-10 19:11:14.918: I/HiTraceC(19374): entered LogRegisterGetIdFun
12-10 19:11:14.918: I/HiTraceC(19374): entered HiTraceInit
12-10 19:11:14.943: D/asd_out_fwk(748): L = -39.200970db, R = -39.200970db, Device = 0x2
12-10 19:11:15.073: E/bastetd(915): [ProxySocket    ] NotifySocketErrState# No record found by comm prop, state=196619
12-10 19:11:15.091: D/OkHttp(17933): --> GET https://rtas.videocc.net/v2/view?pid=1607598586141X1403542&uid=fc29cb1c85&cid=1988521&flow=0&pd=80&sd=90&ts=1607598675089&sign=fc2e25c06700153257085df7bd1c8deb&session_id=ZnN4NjAyNjBmMQ==&pn=polyv-android-live-sdk&pv=0.16.0-debug-time&param1=NTg1ZDdjZWEwNzM1M2E3OA==&param2=5a2m5ZGYNTg1ZDdjZWEwNzM1M2E3OA==&param3=dm9k&param4=&param5=
12-10 19:11:15.091: D/OkHttp(17933): --> END GET
12-10 19:11:15.143: D/asd_out_fwk(748): L = -33.055004db, R = -33.055004db, Device = 0x2
12-10 19:11:15.182: D/OkHttp(17933): <-- 200 https://rtas.videocc.net/v2/view?pid=1607598586141X1403542&uid=fc29cb1c85&cid=1988521&flow=0&pd=80&sd=90&ts=1607598675089&sign=fc2e25c06700153257085df7bd1c8deb&session_id=ZnN4NjAyNjBmMQ==&pn=polyv-android-live-sdk&pv=0.16.0-debug-time&param1=NTg1ZDdjZWEwNzM1M2E3OA==&param2=5a2m5ZGYNTg1ZDdjZWEwNzM1M2E3OA==&param3=dm9k&param4=&param5= (91ms)
12-10 19:11:15.183: D/OkHttp(17933): server: Tengine
12-10 19:11:15.183: D/OkHttp(17933): content-type: text/javascript; charset=UTF-8
12-10 19:11:15.183: D/OkHttp(17933): content-length: 1
12-10 19:11:15.183: D/OkHttp(17933): date: Thu, 10 Dec 2020 11:11:14 GMT
12-10 19:11:15.183: D/OkHttp(17933): access-control-allow-origin: *
12-10 19:11:15.183: D/OkHttp(17933): ali-swift-global-savetime: 1607598674
12-10 19:11:15.183: D/OkHttp(17933): via: cache60.l2cn2635[41,200-0,M], cache56.l2cn2635[42,0], vcache3.cn2893[58,200-0,M], vcache8.cn2893[65,0]
12-10 19:11:15.183: D/OkHttp(17933): x-cache: MISS TCP_MISS dirn:-2:-2
12-10 19:11:15.183: D/OkHttp(17933): x-swift-savetime: Thu, 10 Dec 2020 11:11:14 GMT
12-10 19:11:15.183: D/OkHttp(17933): x-swift-cachetime: 0
12-10 19:11:15.183: D/OkHttp(17933): timing-allow-origin: *
12-10 19:11:15.183: D/OkHttp(17933): eagleid: 2a513a9c16075986747343231e
12-10 19:11:15.184: D/OkHttp(17933): 1
12-10 19:11:15.184: D/OkHttp(17933): <-- END HTTP (1-byte body)
12-10 19:11:15.193: I/IJKMEDIA(17933): request: GET /fc29cb1c8516043833466178103/recordclip-20201110142837-6780c0_1_s.mp4 HTTP/1.1
12-10 19:11:15.193: I/IJKMEDIA(17933): User-Agent: polyv-android-live-sdk-0.16.0-debug-time
12-10 19:11:15.193: I/IJKMEDIA(17933): Accept: */*
12-10 19:11:15.193: I/IJKMEDIA(17933): Range: bytes=20938752-
12-10 19:11:15.193: I/IJKMEDIA(17933): Connection: close
12-10 19:11:15.193: I/IJKMEDIA(17933): Host: oss-live-2.videocc.net
12-10 19:11:15.193: I/IJKMEDIA(17933): Icy-MetaData: 1
12-10 19:11:15.235: I/tv.danmaku.ijk.media.player.IjkMediaPlayer(17933): onNativeInvoke 4
12-10 19:11:15.237: D/PolyvBaseVideoView(17933): notifyOnBufferingUpdate
12-10 19:11:15.282: I/AudioFlinger(748): pid(17933):mVol=1.000000, tVol=0.125893, pVol=1.000000, sVol=1.000000, scale=1.000000, output=13, mDevice=0x2, mStreamType=3
12-10 19:11:15.304: I/PGAudioState(2778): stop from audioTrack sessionId: 15537
12-10 19:11:15.304: I/PGServer(2778): report state:2 event type:2 pid:17933 uid:10589 pkg:null to pid: 1277
12-10 19:11:15.304: I/PGServer(2778): report state:2 event type:2 pid:17933 uid:10589 pkg:null to pid: 2778
12-10 19:11:15.304: D/PGAudioState(2778): audio type:out state:stop pid:17933 uid:10589
12-10 19:11:15.304: I/PGAudioState(2778): start from audioTrack sessionId: 15537
12-10 19:11:15.304: I/PGServer(2778): report state:2 event type:1 pid:17933 uid:10589 pkg:null to pid: 1277
12-10 19:11:15.304: I/PGServer(2778): report state:2 event type:1 pid:17933 uid:10589 pkg:null to pid: 2778
12-10 19:11:15.304: D/PGAudioState(2778): audio type:out state:start pid:17933 uid:10589
12-10 19:11:15.305: I/PGServer(2778): checkPkgType. calling pkg: android
12-10 19:11:15.305: I/HwAudioServiceEx(1277): VBR HwAudioService:music app exit -1
12-10 19:11:15.305: V/HwAudioServiceEx(1277): no process apptype
12-10 19:11:15.306: I/HwAudioServiceEx(1277): VBR HwAudioService:music app enter -1
12-10 19:11:15.306: V/HwAudioServiceEx(1277): no process apptype
12-10 19:11:15.306: I/PGServer(2778): checkPkgType. calling pkg: android
12-10 19:11:15.343: D/asd_out_fwk(748): L = -73.181236db, R = -73.181236db, Device = 0x2
12-10 19:11:15.363: E/WifiHAL(746): enter wifi_get_link_stats
12-10 19:11:15.363: I/PGAudioState(2778): stop from audioTrack sessionId: 15537
12-10 19:11:15.363: I/PGServer(2778): report state:2 event type:2 pid:17933 uid:10589 pkg:null to pid: 1277
12-10 19:11:15.363: I/PGServer(2778): report state:2 event type:2 pid:17933 uid:10589 pkg:null to pid: 2778
12-10 19:11:15.363: D/PGAudioState(2778): audio type:out state:stop pid:17933 uid:10589
12-10 19:11:15.364: I/PGServer(2778): checkPkgType. calling pkg: android
12-10 19:11:15.364: I/HwAudioServiceEx(1277): VBR HwAudioService:music app exit -1
12-10 19:11:15.364: V/HwAudioServiceEx(1277): no process apptype
12-10 19:11:15.365: I/WificondControl(1277): Noise: -81, Snr: 70, Chload: 473, rssi: -34, txBitrate: 192, rxBitrate: 0, frequency: 5280, UlDelay: -1, currentTxBytes: 69921172, currentTxPackets: 810714, currentTxFailed: 2, currentRxBytes: 827659307, currentRxPackets: 867734
12-10 19:11:15.366: V/HwWifiServiceFactory(1277): get AllImpl object = com.android.server.wifi.HwWifiServiceFactoryImpl@aaf25cd
12-10 19:11:15.369: I/TelephonyManager(1277): getAllCellInfo calling app is android
12-10 19:11:15.370: W/PhoneInterfaceManager(2976): shouldBlockLocation running ...
12-10 19:11:15.370: I/PhoneInterfaceManager(2976): shouldBlockLocation  ret:false
12-10 19:11:15.417: I/HiTraceC(19379): entered LogRegisterGetIdFun
12-10 19:11:15.417: I/HiTraceC(19379): entered HiTraceInit
12-10 19:11:15.423: I/PGAudioState(2778): start from audioTrack sessionId: 15537
12-10 19:11:15.423: I/PGServer(2778): report state:2 event type:1 pid:17933 uid:10589 pkg:null to pid: 1277
12-10 19:11:15.423: I/PGServer(2778): report state:2 event type:1 pid:17933 uid:10589 pkg:null to pid: 2778
12-10 19:11:15.424: D/PGAudioState(2778): audio type:out state:start pid:17933 uid:10589
12-10 19:11:15.424: I/PGServer(2778): checkPkgType. calling pkg: android
12-10 19:11:15.424: I/HwAudioServiceEx(1277): VBR HwAudioService:music app enter -1
12-10 19:11:15.424: V/HwAudioServiceEx(1277): no process apptype
12-10 19:11:15.543: D/asd_out_fwk(748): L = -67.390793db, R = -67.390793db, Device = 0x2
12-10 19:11:15.603: D/DlbDap2Process(725): process() called [4439000] times
12-10 19:11:15.603: D/DlbDap2Process(725): process in: cap=256 ch=2 stride=8 samplesize=4
12-10 19:11:15.603: D/DlbDap2Process(725): process out: cap=256 ch=2 stride=8 samplesize=4
12-10 19:11:15.649: D/IJKMEDIA(17933): FFP_MSG_SEI_DATA_REFRESH:
12-10 19:11:15.664: E/tv.danmaku.ijk.media.player.IjkMediaPlayer(17933): Unknown message type 201
12-10 19:11:15.743: D/asd_out_fwk(748): L = -41.562733db, R = -41.562733db, Device = 0x2
12-10 19:11:15.862: D/PolyvBaseVideoView(17933): notifyOnBufferingUpdate
12-10 19:11:15.869: I/netd(673): trafficSwapActiveStatsMap() <27.16ms>
12-10 19:11:15.917: I/HiTraceC(19384): entered LogRegisterGetIdFun
12-10 19:11:15.917: I/HiTraceC(19384): entered HiTraceInit
12-10 19:11:15.917: I/NetworkStats(1277): performPollLocked, pid = 1277
12-10 19:11:15.922: D/IJKMEDIA(17933): FFP_MSG_SEI_DATA_REFRESH:
12-10 19:11:15.927: E/tv.danmaku.ijk.media.player.IjkMediaPlayer(17933): Unknown message type 201
12-10 19:11:15.937: I/netd(673): trafficSwapActiveStatsMap() <18.31ms>
12-10 19:11:15.940: I/netd(673): tetherGetStats() <1.06ms>
12-10 19:11:15.943: D/asd_out_fwk(748): L = -33.673199db, R = -33.673199db, Device = 0x2
12-10 19:11:15.948: I/HwNetworkStatsServiceEx(1277): hwRecordUidAndProcSnapshotLocked currentTime = 1607598675650
12-10 19:11:15.965: I/HwNetworkManagementService(1277): request swap success.
12-10 19:11:15.999: I/netd(673): bandwidthSetGlobalAlert(2097152) <0.11ms>
12-10 19:11:15.999: W/HSM_Install_BG(19060): TrafficNotifyDelegate:Current data imsi is null, so return.
12-10 19:11:16.045: E/bastetd(915): [ProxySocket    ] NotifySocketErrState# No record found by comm prop, state=196619
12-10 19:11:16.143: D/asd_out_fwk(748): L = -30.149904db, R = -30.149904db, Device = 0x2
12-10 19:11:16.282: I/AudioFlinger(748): pid(17933):mVol=1.000000, tVol=0.125893, pVol=1.000000, sVol=1.000000, scale=1.000000, output=13, mDevice=0x2, mStreamType=3
12-10 19:11:16.343: D/asd_out_fwk(748): L = -32.028576db, R = -32.028576db, Device = 0x2
12-10 19:11:16.387: D/PolyvBaseVideoView(17933): notifyOnBufferingUpdate
12-10 19:11:16.417: I/HiTraceC(19389): entered LogRegisterGetIdFun
12-10 19:11:16.417: I/HiTraceC(19389): entered HiTraceInit
12-10 19:11:16.543: D/asd_out_fwk(748): L = -35.355721db, R = -35.355721db, Device = 0x2
12-10 19:11:16.743: D/asd_out_fwk(748): L = -28.813227db, R = -28.813227db, Device = 0x2
12-10 19:11:16.917: I/HiTraceC(19394): entered LogRegisterGetIdFun
12-10 19:11:16.917: I/HiTraceC(19394): entered HiTraceInit
12-10 19:11:16.929: D/PolyvBaseVideoView(17933): notifyOnBufferingUpdate
12-10 19:11:16.943: D/asd_out_fwk(748): L = -32.017559db, R = -32.017559db, Device = 0x2
12-10 19:11:17.143: D/asd_out_fwk(748): L = -62.929119db, R = -62.929119db, Device = 0x2
12-10 19:11:17.282: I/AudioFlinger(748): pid(17933):mVol=1.000000, tVol=0.125893, pVol=1.000000, sVol=1.000000, scale=1.000000, output=13, mDevice=0x2, mStreamType=3
12-10 19:11:17.343: D/asd_out_fwk(748): L = -36.232800db, R = -36.232800db, Device = 0x2
12-10 19:11:17.417: I/HiTraceC(19401): entered LogRegisterGetIdFun
12-10 19:11:17.417: I/HiTraceC(19401): entered HiTraceInit
12-10 19:11:17.455: D/PolyvBaseVideoView(17933): notifyOnBufferingUpdate
12-10 19:11:17.543: D/asd_out_fwk(748): L = -36.262009db, R = -36.262009db, Device = 0x2
12-10 19:11:17.571: D/IJKMEDIA(17933): FFP_MSG_SEI_DATA_REFRESH:
12-10 19:11:17.586: E/tv.danmaku.ijk.media.player.IjkMediaPlayer(17933): Unknown message type 201
12-10 19:11:17.743: D/asd_out_fwk(748): L = -35.237202db, R = -35.237202db, Device = 0x2
12-10 19:11:17.833: E/bastetd(915): [ProxySocket    ] NotifySocketErrState# No record found by comm prop, state=196619
12-10 19:11:17.905: D/IJKMEDIA(17933): FFP_MSG_SEI_DATA_REFRESH:
12-10 19:11:17.915: E/tv.danmaku.ijk.media.player.IjkMediaPlayer(17933): Unknown message type 201
12-10 19:11:17.917: I/HiTraceC(19406): entered LogRegisterGetIdFun
12-10 19:11:17.917: I/HiTraceC(19406): entered HiTraceInit
12-10 19:11:17.943: D/asd_out_fwk(748): L = -38.908813db, R = -38.908813db, Device = 0x2
12-10 19:11:17.980: D/PolyvBaseVideoView(17933): notifyOnBufferingUpdate
12-10 19:11:18.143: D/asd_out_fwk(748): L = -44.006706db, R = -44.006706db, Device = 0x2
12-10 19:11:18.193: E/bastetd(915): [ProxySocket    ] NotifySocketErrState# No record found by comm prop, state=196619
12-10 19:11:18.263: D/DlbDap2Process(725): process() called [4439500] times
12-10 19:11:18.263: D/DlbDap2Process(725): process in: cap=256 ch=2 stride=8 samplesize=4
12-10 19:11:18.263: D/DlbDap2Process(725): process out: cap=256 ch=2 stride=8 samplesize=4
12-10 19:11:18.282: I/AudioFlinger(748): pid(17933):mVol=1.000000, tVol=0.125893, pVol=1.000000, sVol=1.000000, scale=1.000000, output=13, mDevice=0x2, mStreamType=3
12-10 19:11:18.343: D/asd_out_fwk(748): L = -43.787273db, R = -43.787273db, Device = 0x2
12-10 19:11:18.363: I/PGAudioState(2778): stop from audioTrack sessionId: 15537
12-10 19:11:18.363: I/PGServer(2778): report state:2 event type:2 pid:17933 uid:10589 pkg:null to pid: 1277
12-10 19:11:18.363: I/PGServer(2778): report state:2 event type:2 pid:17933 uid:10589 pkg:null to pid: 2778
12-10 19:11:18.363: D/PGAudioState(2778): audio type:out state:stop pid:17933 uid:10589
12-10 19:11:18.364: I/PGAudioState(2778): start from audioTrack sessionId: 15537
12-10 19:11:18.364: I/PGServer(2778): report state:2 event type:1 pid:17933 uid:10589 pkg:null to pid: 1277
12-10 19:11:18.364: I/PGServer(2778): report state:2 event type:1 pid:17933 uid:10589 pkg:null to pid: 2778
12-10 19:11:18.364: D/PGAudioState(2778): audio type:out state:start pid:17933 uid:10589
12-10 19:11:18.365: I/PGServer(2778): checkPkgType. calling pkg: android
12-10 19:11:18.365: I/HwAudioServiceEx(1277): VBR HwAudioService:music app exit -1
12-10 19:11:18.365: V/HwAudioServiceEx(1277): no process apptype
12-10 19:11:18.366: I/HwAudioServiceEx(1277): VBR HwAudioService:music app enter -1
12-10 19:11:18.366: V/HwAudioServiceEx(1277): no process apptype
12-10 19:11:18.366: I/PGServer(2778): checkPkgType. calling pkg: android
12-10 19:11:18.374: E/WifiHAL(746): enter wifi_get_link_stats
12-10 19:11:18.376: I/WificondControl(1277): Noise: -81, Snr: 71, Chload: 465, rssi: -33, txBitrate: 192, rxBitrate: 0, frequency: 5280, UlDelay: -1, currentTxBytes: 70001752, currentTxPackets: 811943, currentTxFailed: 2, currentRxBytes: 829531801, currentRxPackets: 869186
12-10 19:11:18.378: V/HwWifiServiceFactory(1277): get AllImpl object = com.android.server.wifi.HwWifiServiceFactoryImpl@aaf25cd
12-10 19:11:18.381: I/TelephonyManager(1277): getAllCellInfo calling app is android
12-10 19:11:18.381: W/PhoneInterfaceManager(2976): shouldBlockLocation running ...
12-10 19:11:18.381: I/PhoneInterfaceManager(2976): shouldBlockLocation  ret:false
12-10 19:11:18.417: I/HiTraceC(19412): entered LogRegisterGetIdFun
12-10 19:11:18.417: I/HiTraceC(19412): entered HiTraceInit
12-10 19:11:18.483: I/PGAudioState(2778): stop from audioTrack sessionId: 15537
12-10 19:11:18.483: I/PGServer(2778): report state:2 event type:2 pid:17933 uid:10589 pkg:null to pid: 1277
12-10 19:11:18.483: I/PGServer(2778): report state:2 event type:2 pid:17933 uid:10589 pkg:null to pid: 2778
12-10 19:11:18.483: D/PGAudioState(2778): audio type:out state:stop pid:17933 uid:10589
12-10 19:11:18.484: I/PGServer(2778): checkPkgType. calling pkg: android
12-10 19:11:18.484: I/HwAudioServiceEx(1277): VBR HwAudioService:music app exit -1
12-10 19:11:18.484: V/HwAudioServiceEx(1277): no process apptype
12-10 19:11:18.503: I/NetworkStats(1277): performPollLocked, pid = 1277
12-10 19:11:18.506: D/PolyvBaseVideoView(17933): notifyOnBufferingUpdate
12-10 19:11:18.521: I/netd(673): trafficSwapActiveStatsMap() <17.13ms>
12-10 19:11:18.523: I/netd(673): tetherGetStats() <0.74ms>
12-10 19:11:18.531: I/HwNetworkStatsServiceEx(1277): hwRecordUidAndProcSnapshotLocked currentTime = 1607598678235
12-10 19:11:18.543: I/PGAudioState(2778): start from audioTrack sessionId: 15537
12-10 19:11:18.543: I/PGServer(2778): report state:2 event type:1 pid:17933 uid:10589 pkg:null to pid: 1277
12-10 19:11:18.543: I/PGServer(2778): report state:2 event type:1 pid:17933 uid:10589 pkg:null to pid: 2778
12-10 19:11:18.543: D/asd_out_fwk(748): L = -75.087830db, R = -75.087830db, Device = 0x2
12-10 19:11:18.543: D/PGAudioState(2778): audio type:out state:start pid:17933 uid:10589
12-10 19:11:18.543: I/PGAudioState(2778): stop from audioTrack sessionId: 15537
12-10 19:11:18.543: I/PGServer(2778): report state:2 event type:2 pid:17933 uid:10589 pkg:null to pid: 1277
12-10 19:11:18.544: I/PGServer(2778): report state:2 event type:2 pid:17933 uid:10589 pkg:null to pid: 2778
12-10 19:11:18.544: D/PGAudioState(2778): audio type:out state:stop pid:17933 uid:10589
12-10 19:11:18.544: I/PGAudioState(2778): start from audioTrack sessionId: 15537
12-10 19:11:18.544: I/PGServer(2778): report state:2 event type:1 pid:17933 uid:10589 pkg:null to pid: 1277
12-10 19:11:18.544: I/PGServer(2778): report state:2 event type:1 pid:17933 uid:10589 pkg:null to pid: 2778
12-10 19:11:18.544: D/PGAudioState(2778): audio type:out state:start pid:17933 uid:10589
12-10 19:11:18.544: I/PGServer(2778): checkPkgType. calling pkg: android
12-10 19:11:18.544: I/HwAudioServiceEx(1277): VBR HwAudioService:music app enter -1
12-10 19:11:18.544: V/HwAudioServiceEx(1277): no process apptype
12-10 19:11:18.545: I/HwNetworkManagementService(1277): request swap success.
12-10 19:11:18.545: I/HwAudioServiceEx(1277): VBR HwAudioService:music app exit -1
12-10 19:11:18.545: V/HwAudioServiceEx(1277): no process apptype
12-10 19:11:18.546: I/HwAudioServiceEx(1277): VBR HwAudioService:music app enter -1
12-10 19:11:18.546: V/HwAudioServiceEx(1277): no process apptype
12-10 19:11:18.545: I/chatty(2778): uid=1000(system) Binder:2778_6 identical 1 line
12-10 19:11:18.546: I/PGServer(2778): checkPkgType. calling pkg: android
12-10 19:11:18.578: I/netd(673): bandwidthSetGlobalAlert(2097152) <0.10ms>
12-10 19:11:18.579: W/HSM_Install_BG(19060): TrafficNotifyDelegate:Current data imsi is null, so return.
12-10 19:11:18.603: I/PGAudioState(2778): stop from audioTrack sessionId: 15537
12-10 19:11:18.603: I/PGServer(2778): report state:2 event type:2 pid:17933 uid:10589 pkg:null to pid: 1277
12-10 19:11:18.603: I/PGServer(2778): report state:2 event type:2 pid:17933 uid:10589 pkg:null to pid: 2778
12-10 19:11:18.603: D/PGAudioState(2778): audio type:out state:stop pid:17933 uid:10589
12-10 19:11:18.604: I/PGServer(2778): checkPkgType. calling pkg: android
12-10 19:11:18.604: I/HwAudioServiceEx(1277): VBR HwAudioService:music app exit -1
12-10 19:11:18.604: V/HwAudioServiceEx(1277): no process apptype
12-10 19:11:18.723: I/PGAudioState(2778): start from audioTrack sessionId: 15537
12-10 19:11:18.723: I/PGServer(2778): report state:2 event type:1 pid:17933 uid:10589 pkg:null to pid: 1277
12-10 19:11:18.723: I/PGServer(2778): report state:2 event type:1 pid:17933 uid:10589 pkg:null to pid: 2778
12-10 19:11:18.723: D/PGAudioState(2778): audio type:out state:start pid:17933 uid:10589
12-10 19:11:18.724: I/PGServer(2778): checkPkgType. calling pkg: android
12-10 19:11:18.724: I/HwAudioServiceEx(1277): VBR HwAudioService:music app enter -1
12-10 19:11:18.724: V/HwAudioServiceEx(1277): no process apptype
12-10 19:11:18.743: D/asd_out_fwk(748): L = -82.180656db, R = -82.180656db, Device = 0x2
12-10 19:11:18.919: I/HiTraceC(19418): entered LogRegisterGetIdFun
12-10 19:11:18.919: I/HiTraceC(19418): entered HiTraceInit
12-10 19:11:18.943: D/asd_out_fwk(748): L = -29.444099db, R = -29.444099db, Device = 0x2
12-10 19:11:18.973: E/bastetd(915): [ProxySocket    ] NotifySocketErrState# No record found by comm prop, state=196619
12-10 19:11:19.032: D/PolyvBaseVideoView(17933): notifyOnBufferingUpdate
12-10 19:11:19.143: D/asd_out_fwk(748): L = -46.294060db, R = -46.294060db, Device = 0x2
12-10 19:11:19.282: I/AudioFlinger(748): pid(17933):mVol=1.000000, tVol=0.125893, pVol=1.000000, sVol=1.000000, scale=1.000000, output=13, mDevice=0x2, mStreamType=3
12-10 19:11:19.305: I/netd(673): trafficSwapActiveStatsMap() <19.48ms>
12-10 19:11:19.343: D/asd_out_fwk(748): L = -47.353920db, R = -47.353920db, Device = 0x2
12-10 19:11:19.369: E/bastetd(915): [ProxySocket    ] NotifySocketErrState# No record found by comm prop, state=196619
12-10 19:11:19.417: I/HiTraceC(19423): entered LogRegisterGetIdFun
12-10 19:11:19.417: I/HiTraceC(19423): entered HiTraceInit
12-10 19:11:19.543: D/asd_out_fwk(748): L = -33.749783db, R = -33.749783db, Device = 0x2
12-10 19:11:19.558: D/PolyvBaseVideoView(17933): notifyOnBufferingUpdate
12-10 19:11:19.564: D/IJKMEDIA(17933): FFP_MSG_SEI_DATA_REFRESH:
12-10 19:11:19.574: E/tv.danmaku.ijk.media.player.IjkMediaPlayer(17933): Unknown message type 201
12-10 19:11:19.743: D/asd_out_fwk(748): L = -47.205727db, R = -47.205727db, Device = 0x2
12-10 19:11:19.817: I/AppEyeFwkBlock(1277): do monitor
12-10 19:11:19.889: E/bastetd(915): [ProxySocket    ] NotifySocketErrState# No record found by comm prop, state=196619
12-10 19:11:19.914: I/HiTraceC(19428): entered LogRegisterGetIdFun
12-10 19:11:19.914: I/HiTraceC(19428): entered HiTraceInit
12-10 19:11:19.943: D/asd_out_fwk(748): L = -34.203495db, R = -34.203495db, Device = 0x2
12-10 19:11:19.948: D/IJKMEDIA(17933): FFP_MSG_SEI_DATA_REFRESH:
12-10 19:11:19.952: E/tv.danmaku.ijk.media.player.IjkMediaPlayer(17933): Unknown message type 201
12-10 19:11:20.143: D/asd_out_fwk(748): L = -35.596386db, R = -35.596386db, Device = 0x2
12-10 19:11:20.165: D/PolyvBaseVideoView(17933): notifyOnBufferingUpdate
12-10 19:11:20.282: I/AudioFlinger(748): pid(17933):mVol=1.000000, tVol=0.125893, pVol=1.000000, sVol=1.000000, scale=1.000000, output=13, mDevice=0x2, mStreamType=3
12-10 19:11:20.343: D/asd_out_fwk(748): L = -60.095463db, R = -60.095463db, Device = 0x2
12-10 19:11:20.415: I/HiTraceC(19433): entered LogRegisterGetIdFun
12-10 19:11:20.415: I/HiTraceC(19433): entered HiTraceInit
12-10 19:11:20.444: I/SpeedTestNotifier(2744): is low speed scene
12-10 19:11:20.543: D/asd_out_fwk(748): L = -43.748821db, R = -43.748821db, Device = 0x2
12-10 19:11:20.691: D/PolyvBaseVideoView(17933): notifyOnBufferingUpdate
12-10 19:11:20.743: D/asd_out_fwk(748): L = -44.785469db, R = -44.785469db, Device = 0x2
12-10 19:11:20.821: E/bastetd(915): [ProxySocket    ] NotifySocketErrState# No record found by comm prop, state=196619
12-10 19:11:20.893: I/netd(673): trafficSwapActiveStatsMap() <16.69ms>
12-10 19:11:20.915: I/HiTraceC(19438): entered LogRegisterGetIdFun
12-10 19:11:20.915: I/HiTraceC(19438): entered HiTraceInit
12-10 19:11:20.942: D/DlbDap2Process(725): process() called [4440000] times
12-10 19:11:20.942: D/DlbDap2Process(725): process in: cap=256 ch=2 stride=8 samplesize=4
12-10 19:11:20.942: D/DlbDap2Process(725): process out: cap=256 ch=2 stride=8 samplesize=4
12-10 19:11:20.943: D/asd_out_fwk(748): L = -29.795225db, R = -29.795225db, Device = 0x2
12-10 19:11:21.143: D/asd_out_fwk(748): L = -30.865385db, R = -30.865385db, Device = 0x2
12-10 19:11:21.217: D/PolyvBaseVideoView(17933): notifyOnBufferingUpdate
12-10 19:11:21.282: I/AudioFlinger(748): pid(17933):mVol=1.000000, tVol=0.125893, pVol=1.000000, sVol=1.000000, scale=1.000000, output=13, mDevice=0x2, mStreamType=3
12-10 19:11:21.343: D/asd_out_fwk(748): L = -35.783630db, R = -35.783630db, Device = 0x2
12-10 19:11:21.386: E/WifiHAL(746): enter wifi_get_link_stats
12-10 19:11:21.388: I/WificondControl(1277): Noise: -87, Snr: 70, Chload: 349, rssi: -34, txBitrate: 192, rxBitrate: 0, frequency: 5280, UlDelay: -1, currentTxBytes: 70086080, currentTxPackets: 813075, currentTxFailed: 2, currentRxBytes: 831348121, currentRxPackets: 870594
12-10 19:11:21.389: V/HwWifiServiceFactory(1277): get AllImpl object = com.android.server.wifi.HwWifiServiceFactoryImpl@aaf25cd
12-10 19:11:21.392: I/TelephonyManager(1277): getAllCellInfo calling app is android
12-10 19:11:21.392: W/PhoneInterfaceManager(2976): shouldBlockLocation running ...
12-10 19:11:21.393: I/PhoneInterfaceManager(2976): shouldBlockLocation  ret:false
12-10 19:11:21.417: I/HiTraceC(19443): entered LogRegisterGetIdFun
12-10 19:11:21.417: I/HiTraceC(19443): entered HiTraceInit
12-10 19:11:21.423: I/PGAudioState(2778): stop from audioTrack sessionId: 15537
12-10 19:11:21.423: I/PGServer(2778): report state:2 event type:2 pid:17933 uid:10589 pkg:null to pid: 1277
12-10 19:11:21.423: I/PGServer(2778): report state:2 event type:2 pid:17933 uid:10589 pkg:null to pid: 2778
12-10 19:11:21.423: D/PGAudioState(2778): audio type:out state:stop pid:17933 uid:10589
12-10 19:11:21.424: I/PGServer(2778): checkPkgType. calling pkg: android
12-10 19:11:21.424: I/HwAudioServiceEx(1277): VBR HwAudioService:music app exit -1
12-10 19:11:21.424: V/HwAudioServiceEx(1277): no process apptype
12-10 19:11:21.483: I/PGAudioState(2778): start from audioTrack sessionId: 15537
12-10 19:11:21.483: I/PGServer(2778): report state:2 event type:1 pid:17933 uid:10589 pkg:null to pid: 1277
12-10 19:11:21.483: I/PGServer(2778): report state:2 event type:1 pid:17933 uid:10589 pkg:null to pid: 2778
12-10 19:11:21.483: D/PGAudioState(2778): audio type:out state:start pid:17933 uid:10589
12-10 19:11:21.484: I/PGServer(2778): checkPkgType. calling pkg: android
12-10 19:11:21.484: I/HwAudioServiceEx(1277): VBR HwAudioService:music app enter -1
12-10 19:11:21.484: V/HwAudioServiceEx(1277): no process apptype
12-10 19:11:21.485: I/PGAudioState(2778): stop from audioTrack sessionId: 15537
12-10 19:11:21.485: I/PGServer(2778): report state:2 event type:2 pid:17933 uid:10589 pkg:null to pid: 1277
12-10 19:11:21.485: I/PGServer(2778): report state:2 event type:2 pid:17933 uid:10589 pkg:null to pid: 2778
12-10 19:11:21.485: D/PGAudioState(2778): audio type:out state:stop pid:17933 uid:10589
12-10 19:11:21.486: I/PGServer(2778): checkPkgType. calling pkg: android
12-10 19:11:21.486: I/HwAudioServiceEx(1277): VBR HwAudioService:music app exit -1
12-10 19:11:21.486: V/HwAudioServiceEx(1277): no process apptype
12-10 19:11:21.543: D/asd_out_fwk(748): L = -77.409676db, R = -77.409676db, Device = 0x2
12-10 19:11:21.598: D/IJKMEDIA(17933): FFP_MSG_SEI_DATA_REFRESH:
12-10 19:11:21.611: E/tv.danmaku.ijk.media.player.IjkMediaPlayer(17933): Unknown message type 201
12-10 19:11:21.733: E/bastetd(915): [ProxySocket    ] NotifySocketErrState# No record found by comm prop, state=196619
12-10 19:11:21.743: D/asd_out_fwk(748): L = -82.699234db, R = -82.699234db, Device = 0x2
12-10 19:11:21.756: I/HiTraceC(19449): entered LogRegisterGetIdFun
12-10 19:11:21.756: I/HiTraceC(19449): entered HiTraceInit
12-10 19:11:21.758: I/PackageManager(1277): getInstalledPackages cost 1 ms, flags: 786432, userId: 0, callingUid: 2000, callingPid: 19449
12-10 19:11:21.783: I/PGAudioState(2778): start from audioTrack sessionId: 15537
12-10 19:11:21.783: I/PGServer(2778): report state:2 event type:1 pid:17933 uid:10589 pkg:null to pid: 1277
12-10 19:11:21.783: I/PGServer(2778): report state:2 event type:1 pid:17933 uid:10589 pkg:null to pid: 2778
12-10 19:11:21.784: I/PGServer(2778): checkPkgType. calling pkg: android
12-10 19:11:21.784: I/HwAudioServiceEx(1277): VBR HwAudioService:music app enter -1
12-10 19:11:21.784: V/HwAudioServiceEx(1277): no process apptype
12-10 19:11:21.788: D/PGAudioState(2778): audio type:out state:start pid:17933 uid:10589
12-10 19:11:21.854: D/HwConnectivityManagerImpl(1277): getNetworkPolicyFlag flagStr null
12-10 19:11:21.903: I/PGAudioState(2778): stop from audioTrack sessionId: 15537
12-10 19:11:21.903: I/PGServer(2778): report state:2 event type:2 pid:17933 uid:10589 pkg:null to pid: 1277
12-10 19:11:21.903: I/PGServer(2778): report state:2 event type:2 pid:17933 uid:10589 pkg:null to pid: 2778
12-10 19:11:21.903: D/PGAudioState(2778): audio type:out state:stop pid:17933 uid:10589
12-10 19:11:21.904: I/PGServer(2778): checkPkgType. calling pkg: android
12-10 19:11:21.904: I/HwAudioServiceEx(1277): VBR HwAudioService:music app exit -1
12-10 19:11:21.904: V/HwAudioServiceEx(1277): no process apptype
12-10 19:11:21.918: I/HiTraceC(19457): entered LogRegisterGetIdFun
12-10 19:11:21.918: I/HiTraceC(19457): entered HiTraceInit
12-10 19:11:21.932: D/IJKMEDIA(17933): FFP_MSG_SEI_DATA_REFRESH:
12-10 19:11:21.940: D/PolyvBaseVideoView(17933): notifyOnBufferingUpdate
12-10 19:11:21.940: E/tv.danmaku.ijk.media.player.IjkMediaPlayer(17933): Unknown message type 201
12-10 19:11:21.943: D/asd_out_fwk(748): L = -78.680199db, R = -78.680199db, Device = 0x2
12-10 19:11:21.963: I/PGAudioState(2778): start from audioTrack sessionId: 15537
12-10 19:11:21.963: I/PGServer(2778): report state:2 event type:1 pid:17933 uid:10589 pkg:null to pid: 1277
12-10 19:11:21.963: I/PGServer(2778): report state:2 event type:1 pid:17933 uid:10589 pkg:null to pid: 2778
12-10 19:11:21.963: D/PGAudioState(2778): audio type:out state:start pid:17933 uid:10589
12-10 19:11:21.964: I/PGServer(2778): checkPkgType. calling pkg: android
12-10 19:11:21.964: I/HwAudioServiceEx(1277): VBR HwAudioService:music app enter -1
12-10 19:11:21.964: V/HwAudioServiceEx(1277): no process apptype
12-10 19:11:22.143: D/asd_out_fwk(748): L = -31.026268db, R = -31.026268db, Device = 0x2
12-10 19:11:22.282: I/AudioFlinger(748): pid(17933):mVol=1.000000, tVol=0.125893, pVol=1.000000, sVol=1.000000, scale=1.000000, output=13, mDevice=0x2, mStreamType=3
12-10 19:11:22.329: I/NetworkStats(1277): performPollLocked, pid = 1277
12-10 19:11:22.343: D/asd_out_fwk(748): L = -29.372425db, R = -29.372425db, Device = 0x2
12-10 19:11:22.349: I/netd(673): trafficSwapActiveStatsMap() <19.25ms>
12-10 19:11:22.352: I/netd(673): tetherGetStats() <1.18ms>
12-10 19:11:22.361: I/HwNetworkStatsServiceEx(1277): hwRecordUidAndProcSnapshotLocked currentTime = 1607598682061
12-10 19:11:22.385: I/HwNetworkManagementService(1277): request swap success.
12-10 19:11:22.400: D/PG_DBS_MAIN(2778): getBatteryStats, no param
12-10 19:11:22.417: I/PG_DBS_CPU(2778): cpu add time, abnormal cpu time, mTotalCurrTime: 13701726, time: 127953, uid: 10538, name: 2
12-10 19:11:22.417: I/PG_DBS_CPU(2778): cpu add time, abnormal cpu time, mTotalCurrTime: 13688096, time: 467, uid: 10107, name: 2
12-10 19:11:22.417: I/PG_DBS_CPU(2778): cpu add time, abnormal cpu time, mTotalCurrTime: 13389877, time: 7342, uid: 10066, name: 2
12-10 19:11:22.417: I/PG_DBS_CPU(2778): cpu add time, abnormal cpu time, mTotalCurrTime: 406912905, time: 13145, uid: 2000, name: 2
12-10 19:11:22.418: I/HiTraceC(19463): entered LogRegisterGetIdFun
12-10 19:11:22.418: I/HiTraceC(19463): entered HiTraceInit
12-10 19:11:22.418: I/PG_DBS_CPU(2778): cpu add time, abnormal cpu time, mTotalCurrTime: 31517246, time: 1142, uid: 1036, name: 2
12-10 19:11:22.418: I/PG_DBS_CPU(2778): cpu add time, abnormal cpu time, mTotalCurrTime: 447873292, time: 24111, uid: 0, name: 1
12-10 19:11:22.420: I/netd(673): bandwidthSetGlobalAlert(2097152) <0.11ms>
12-10 19:11:22.420: W/HSM_Install_BG(19060): TrafficNotifyDelegate:Current data imsi is null, so return.
12-10 19:11:22.434: I/PG_DBS_CPU(2778): parseCpuInfo, abnormal cpu time, time: 49907750, uid: 1000, name: /system/bin/servicemanager, strTime: 4990775
12-10 19:11:22.434: I/PG_DBS_CPU(2778): parseCpuInfo, abnormal cpu time, time: 69829260, uid: 1000, name: /vendor/bin/hw/android.hardware.graphics.composer@2.2-service, strTime: 6982926
12-10 19:11:22.434: I/PG_DBS_CPU(2778): parseCpuInfo, abnormal cpu time, time: 135224970, uid: 1000, name: /system/bin/surfaceflinger, strTime: 13522497
12-10 19:11:22.434: I/PG_DBS_CPU(2778): parseCpuInfo, abnormal cpu time, time: 29206680, uid: 1000, name: /vendor/bin/hw/vendor.huawei.hardware.sensors@1.1-service, strTime: 2920668
12-10 19:11:22.434: I/PG_DBS_CPU(2778): parseCpuInfo, abnormal cpu time, time: 22016080, uid: 1000, name: /system/bin/chargemonitor, strTime: 2201608
12-10 19:11:22.434: I/PG_DBS_CPU(2778): parseCpuInfo, abnormal cpu time, time: 66976530, uid: 1000, name: chargelogcat-c, strTime: 6697653
12-10 19:11:22.434: I/PG_DBS_CPU(2778): parseCpuInfo, abnormal cpu time, time: 451885110, uid: 1000, name: system_server, strTime: 45188511
12-10 19:11:22.434: I/PG_DBS_CPU(2778): parseCpuInfo, abnormal cpu time, time: 67188140, uid: 10033, name: ndroid.systemui, strTime: 6718814
12-10 19:11:22.434: I/PG_DBS_CPU(2778): parseCpuInfo, abnormal cpu time, time: 25106340, uid: 1000, name: com.huawei.iaware, strTime: 2510634
12-10 19:11:22.434: I/PG_DBS_CPU(2778): parseCpuInfo, abnormal cpu time, time: 102730100, uid: 1001, name: m.android.phone, strTime: 10273010
12-10 19:11:22.434: I/PG_DBS_MAIN(2778): calcSharedUidCpuList, abnormal cpu time, time: 49907750, uid: 1000, name: /system/bin/servicemanager
12-10 19:11:22.434: I/PG_DBS_CPU(2778): cpu calcTime time, abnormal cpu time, mTotalCurrTime: 49907190, time: 49907750, mTotalBaseTime: 49906230, delta: 1520, name: /system/bin/servicemanager, uid: 1000
12-10 19:11:22.435: I/PG_DBS_MAIN(2778): calcSharedUidCpuList, abnormal cpu time, time: 69829260, uid: 1000, name: /vendor/bin/hw/android.hardware.graphics.composer@2.2-service
12-10 19:11:22.435: I/PG_DBS_CPU(2778): cpu calcTime time, abnormal cpu time, mTotalCurrTime: 69824530, time: 69829260, mTotalBaseTime: 69822060, delta: 7200, name: /vendor/bin/hw/android.hardware.graphics.composer@2.2-service, uid: 1000
12-10 19:11:22.435: I/PG_DBS_MAIN(2778): calcSharedUidCpuList, abnormal cpu time, time: 135224970, uid: 1000, name: /system/bin/surfaceflinger
12-10 19:11:22.435: I/PG_DBS_CPU(2778): cpu calcTime time, abnormal cpu time, mTotalCurrTime: 135218310, time: 135224970, mTotalBaseTime: 135200370, delta: 24600, name: /system/bin/surfaceflinger, uid: 1000
12-10 19:11:22.435: I/PG_DBS_MAIN(2778): calcSharedUidCpuList, abnormal cpu time, time: 29206680, uid: 1000, name: /vendor/bin/hw/vendor.huawei.hardware.sensors@1.1-service
12-10 19:11:22.435: I/PG_DBS_CPU(2778): cpu calcTime time, abnormal cpu time, mTotalCurrTime: 29206610, time: 29206680, mTotalBaseTime: 29206540, delta: 140, name: /vendor/bin/hw/vendor.huawei.hardware.sensors@1.1-service, uid: 1000
12-10 19:11:22.435: I/PG_DBS_MAIN(2778): calcSharedUidCpuList, abnormal cpu time, time: 22016080, uid: 1000, name: /system/bin/chargemonitor
12-10 19:11:22.435: I/PG_DBS_CPU(2778): cpu calcTime time, abnormal cpu time, mTotalCurrTime: 22015900, time: 22016080, mTotalBaseTime: 22015850, delta: 230, name: /system/bin/chargemonitor, uid: 1000
12-10 19:11:22.436: I/PG_DBS_MAIN(2778): calcSharedUidCpuList, abnormal cpu time, time: 66976530, uid: 1000, name: chargelogcat-c
12-10 19:11:22.436: I/PG_DBS_CPU(2778): cpu calcTime time, abnormal cpu time, mTotalCurrTime: 66976190, time: 66976530, mTotalBaseTime: 66975940, delta: 590, name: chargelogcat-c, uid: 1000
12-10 19:11:22.436: I/PG_DBS_MAIN(2778): calcSharedUidCpuList, abnormal cpu time, time: 451885110, uid: 1000, name: system_server
12-10 19:11:22.436: I/PG_DBS_CPU(2778): cpu calcTime time, abnormal cpu time, mTotalCurrTime: 451867060, time: 451885110, mTotalBaseTime: 451879960, delta: 5150, name: system_server, uid: 1000
12-10 19:11:22.436: I/PG_DBS_MAIN(2778): calcSharedUidCpuList, abnormal cpu time, time: 67188140, uid: 10033, name: ndroid.systemui
12-10 19:11:22.436: I/PG_DBS_CPU(2778): cpu calcTime time, abnormal cpu time, mTotalCurrTime: 67187040, time: 67188140, mTotalBaseTime: 67185570, delta: 2570, name: ndroid.systemui, uid: 10033
12-10 19:11:22.436: I/PG_DBS_MAIN(2778): calcSharedUidCpuList, abnormal cpu time, time: 25106340, uid: 1000, name: com.huawei.iaware
12-10 19:11:22.436: I/PG_DBS_CPU(2778): cpu calcTime time, abnormal cpu time, mTotalCurrTime: 25105930, time: 25106340, mTotalBaseTime: 25105790, delta: 550, name: com.huawei.iaware, uid: 1000
12-10 19:11:22.436: I/PG_DBS_MAIN(2778): calcSharedUidCpuList, abnormal cpu time, time: 102730100, uid: 1001, name: m.android.phone
12-10 19:11:22.436: I/PG_DBS_CPU(2778): cpu calcTime time, abnormal cpu time, mTotalCurrTime: 102729920, time: 102730100, mTotalBaseTime: 102729970, delta: 130, name: m.android.phone, uid: 1001
12-10 19:11:22.451: I/PG_DBS_CPU(2778): cpu getTime, abnormal cpu time, time[BG]: 135218310, currBgTime: 135218310, mHistoryTime[BG]: 0
12-10 19:11:22.451: I/DetailBatterySipper(2778): addCpuTime, abnormal cpu time, name: /system/bin/surfaceflinger, uid: 1000, time[BG]: 135218310, mBgCpuTime: 0
12-10 19:11:22.451: I/PG_DBS_CPU(2778): cpu getTime, abnormal cpu time, time[BG]: 406912905, currBgTime: 406912905, mHistoryTime[BG]: 0
12-10 19:11:22.451: I/DetailBatterySipper(2778): addCpuTime, abnormal cpu time, name: com.android.shell, uid: 2000, time[BG]: 406912905, mBgCpuTime: 0
12-10 19:11:22.452: I/PG_DBS_CPU(2778): cpu getTime, abnormal cpu time, time[BG]: 13389877, currBgTime: 13389877, mHistoryTime[BG]: 0
12-10 19:11:22.452: I/DetailBatterySipper(2778): addCpuTime, abnormal cpu time, name: com.huawei.hwid, uid: 10066, time[BG]: 13389877, mBgCpuTime: 0
12-10 19:11:22.452: I/PG_DBS_CPU(2778): cpu getTime, abnormal cpu time, time[BG]: 102729920, currBgTime: 102729920, mHistoryTime[BG]: 0
12-10 19:11:22.452: I/DetailBatterySipper(2778): addCpuTime, abnormal cpu time, name: com.android.phone, uid: 1001, time[BG]: 102729920, mBgCpuTime: 0
12-10 19:11:22.452: I/PG_DBS_CPU(2778): cpu getTime, abnormal cpu time, time[BG]: 21631941, currBgTime: 21631941, mHistoryTime[BG]: 0
12-10 19:11:22.452: I/DetailBatterySipper(2778): addCpuTime, abnormal cpu time, name: null, uid: 99107, time[BG]: 21631941, mBgCpuTime: 0
12-10 19:11:22.452: I/PG_DBS_CPU(2778): cpu getTime, abnormal cpu time, time[BG]: 451867060, currBgTime: 451867060, mHistoryTime[BG]: 0
12-10 19:11:22.452: I/DetailBatterySipper(2778): addCpuTime, abnormal cpu time, name: system_server, uid: 1000, time[BG]: 451867060, mBgCpuTime: 0
12-10 19:11:22.453: I/PG_DBS_CPU(2778): cpu getTime, abnormal cpu time, time[BG]: 69824530, currBgTime: 69824530, mHistoryTime[BG]: 0
12-10 19:11:22.453: I/DetailBatterySipper(2778): addCpuTime, abnormal cpu time, name: /vendor/bin/hw/android.hardware.graphics.composer@2.2-service, uid: 1000, time[BG]: 69824530, mBgCpuTime: 0
12-10 19:11:22.453: I/PG_DBS_CPU(2778): cpu getTime, abnormal cpu time, time[BG]: 66976190, currBgTime: 66976190, mHistoryTime[BG]: 0
12-10 19:11:22.453: I/DetailBatterySipper(2778): addCpuTime, abnormal cpu time, name: chargelogcat-c, uid: 1000, time[BG]: 66976190, mBgCpuTime: 0
12-10 19:11:22.453: I/PG_DBS_CPU(2778): cpu getTime, abnormal cpu time, time[BG]: 67186580, currBgTime: 67186580, mHistoryTime[BG]: 0
12-10 19:11:22.453: I/DetailBatterySipper(2778): addCpuTime, abnormal cpu time, name: com.android.systemui, uid: 10033, time[BG]: 67186580, mBgCpuTime: 0
12-10 19:11:22.453: I/PG_DBS_CPU(2778): cpu getTime, abnormal cpu time, time[BG]: 25105930, currBgTime: 25105930, mHistoryTime[BG]: 0
12-10 19:11:22.453: I/DetailBatterySipper(2778): addCpuTime, abnormal cpu time, name: com.huawei.iaware, uid: 1000, time[BG]: 25105930, mBgCpuTime: 0
12-10 19:11:22.453: I/PG_DBS_CPU(2778): cpu getTime, abnormal cpu time, time[BG]: 31517246, currBgTime: 31517246, mHistoryTime[BG]: 0
12-10 19:11:22.453: I/DetailBatterySipper(2778): addCpuTime, abnormal cpu time, name: null, uid: 1036, time[BG]: 31517246, mBgCpuTime: 0
12-10 19:11:22.453: I/PG_DBS_CPU(2778): cpu getTime, abnormal cpu time, time[BG]: 447873292, currBgTime: 447873292, mHistoryTime[BG]: 0
12-10 19:11:22.453: I/DetailBatterySipper(2778): addCpuTime, abnormal cpu time, name: kernel, uid: 0, time[BG]: 447873292, mBgCpuTime: 0
12-10 19:11:22.454: I/PG_DBS_CPU(2778): cpu getTime, abnormal cpu time, time[BG]: 13688096, currBgTime: 13688096, mHistoryTime[BG]: 0
12-10 19:11:22.454: I/DetailBatterySipper(2778): addCpuTime, abnormal cpu time, name: com.android.vending, uid: 10107, time[BG]: 13688096, mBgCpuTime: 0
12-10 19:11:22.454: I/PG_DBS_CPU(2778): cpu getTime, abnormal cpu time, time[BG]: 43451158, currBgTime: 43451158, mHistoryTime[BG]: 0
12-10 19:11:22.454: I/DetailBatterySipper(2778): addCpuTime, abnormal cpu time, name: com.huawei.browser, uid: 10111, time[BG]: 43451158, mBgCpuTime: 0
12-10 19:11:22.454: I/PG_DBS_CPU(2778): cpu getTime, abnormal cpu time, time[BG]: 13701726, currBgTime: 13701726, mHistoryTime[BG]: 0
12-10 19:11:22.454: I/DetailBatterySipper(2778): addCpuTime, abnormal cpu time, name: com.kp.kpnet, uid: 10538, time[BG]: 13701726, mBgCpuTime: 0
12-10 19:11:22.455: I/PG_DBS_CPU(2778): cpu getTime, abnormal cpu time, time[BG]: 29206610, currBgTime: 29206610, mHistoryTime[BG]: 0
12-10 19:11:22.455: I/DetailBatterySipper(2778): addCpuTime, abnormal cpu time, name: /vendor/bin/hw/vendor.huawei.hardware.sensors@1.1-service, uid: 1000, time[BG]: 29206610, mBgCpuTime: 0
12-10 19:11:22.455: I/PG_DBS_CPU(2778): cpu getTime, abnormal cpu time, time[BG]: 22015900, currBgTime: 22015900, mHistoryTime[BG]: 0
12-10 19:11:22.455: I/DetailBatterySipper(2778): addCpuTime, abnormal cpu time, name: /system/bin/chargemonitor, uid: 1000, time[BG]: 22015900, mBgCpuTime: 0
12-10 19:11:22.455: I/PG_DBS_CPU(2778): cpu getTime, abnormal cpu time, time[BG]: 49907190, currBgTime: 49907190, mHistoryTime[BG]: 0
12-10 19:11:22.455: I/DetailBatterySipper(2778): addCpuTime, abnormal cpu time, name: /system/bin/servicemanager, uid: 1000, time[BG]: 49907190, mBgCpuTime: 0
12-10 19:11:22.456: I/APwFeedback(2778): contains exceed day threashold, pkg: kernel, appType: -1, optimizeType: 2, power: 13816.043
12-10 19:11:22.456: I/APwFeedback(2778): contains exceed day threashold, pkg: system_server, appType: -1, optimizeType: 2, power: 9489.422
12-10 19:11:22.456: I/APwFeedback(2778): contains exceed day threashold, pkg: surfaceflinger, appType: -1, optimizeType: 2, power: 2704.366
12-10 19:11:22.456: I/APwFeedback(2778): pkg: android.hardware.graphics.composer@2.2-service, threshold: 30.0, total: 1396.4905, curr: 23.44873, basePower: 1373.0417
12-10 19:11:22.456: I/APwFeedback(2778): pkg: chargelogcat-c, threshold: 30.0, total: 1339.5238, curr: 11.292969, basePower: 1328.2308
12-10 19:11:22.456: I/APwFeedback(2778): pkg: servicemanager, threshold: 30.0, total: 998.14386, curr: 3.0285034, basePower: 995.11536
12-10 19:11:22.457: I/APwFeedback(2778): pkg: chargemonitor, threshold: 30.0, total: 440.31802, curr: 3.8364258, basePower: 436.4816
12-10 19:11:22.457: I/APwFeedback(2778): pkg: com.huawei.hwid, threshold: 30.0, total: 356.67776, curr: 5.4066467, basePower: 351.27112
12-10 19:11:22.457: I/APwFeedback(2778): pkg: com.kp.kpnet, threshold: 30.0, total: 276.22745, curr: 31.09813, basePower: 245.12932
12-10 19:11:22.457: I/APwFeedback(2778): exceed day threshold, pkg: com.kp.kpnet, threshold: 30.0, total: 276.22745, curr: 31.09813, appType: -1, optimizeType: 2
12-10 19:11:22.457: I/APwFeedback(2778): pkg: com.huawei.HwOPServer, threshold: 30.0, total: 138.07332, curr: 1.0628815, basePower: 137.01044
12-10 19:11:22.457: I/APwFeedback(2778): pkg: com.github.uiautomator, threshold: 30.0, total: 128.63516, curr: 2.3086472, basePower: 126.326515
12-10 19:11:22.458: I/APwFeedback(2778): pkg: AGPService, threshold: 30.0, total: 106.194, curr: 1.9891968, basePower: 104.2048
12-10 19:11:22.459: I/APwFeedback(2778): pkg: powerlogd, threshold: 30.0, total: 59.9722, curr: 0.5235977, basePower: 59.4486
12-10 19:11:22.459: I/APwFeedback(2778): interval: 120s, apps power: 71072.5mAh, delta power: 6.0mAh, current: 178mA
12-10 19:11:22.459: I/NegFeedbackMonitor(2778): run feedback monitor, init: false, interval: 120, screen_state: true, appsCurrent: 178, mOverstepCurrentScrOff: 10000
12-10 19:11:22.460: I/NegFeedbackMonitor(2778): is downloading or uploading ,important scene not handle
12-10 19:11:22.460: I/NegFeedbackMonitor(2778): skip above launcher app: com.easefun.polyv.cloudclassdemo, bgPower: 	bg: 0.60
12-10 19:11:22.460: I/NegFeedbackMonitor(2778): skip process, name: surfaceflinger, uid: 1000
12-10 19:11:22.460: I/NegFeedbackMonitor(2778): skip process, name: kernel, uid: 0
12-10 19:11:22.460: I/NegFeedbackMonitor(2778): dead app, name: com.android.shell, uid: 2000
12-10 19:11:22.460: I/NegFeedbackMonitor(2778): skip process, name: system_server, uid: 1000
12-10 19:11:22.460: I/NegFeedbackMonitor(2778): skip process, name: android.hardware.graphics.composer@2.2-service, uid: 1000
12-10 19:11:22.482: D/PolyvBaseVideoView(17933): notifyOnBufferingUpdate
12-10 19:11:22.543: D/asd_out_fwk(748): L = -32.491459db, R = -32.491459db, Device = 0x2
12-10 19:11:22.597: E/bastetd(915): [ProxySocket    ] NotifySocketErrState# No record found by comm prop, state=196619
12-10 19:11:22.743: D/asd_out_fwk(748): L = -34.060425db, R = -34.060425db, Device = 0x2
12-10 19:11:22.916: I/HiTraceC(19468): entered LogRegisterGetIdFun
12-10 19:11:22.916: I/HiTraceC(19468): entered HiTraceInit
12-10 19:11:22.943: D/asd_out_fwk(748): L = -62.628002db, R = -62.628002db, Device = 0x2
12-10 19:11:23.008: D/PolyvBaseVideoView(17933): notifyOnBufferingUpdate
12-10 19:11:23.143: D/asd_out_fwk(748): L = -45.296425db, R = -45.296425db, Device = 0x2
12-10 19:11:23.282: I/AudioFlinger(748): pid(17933):mVol=1.000000, tVol=0.125893, pVol=1.000000, sVol=1.000000, scale=1.000000, output=13, mDevice=0x2, mStreamType=3
12-10 19:11:23.343: D/asd_out_fwk(748): L = -32.422974db, R = -32.422974db, Device = 0x2
12-10 19:11:23.417: I/HiTraceC(19473): entered LogRegisterGetIdFun
12-10 19:11:23.417: I/HiTraceC(19473): entered HiTraceInit
12-10 19:11:23.521: E/bastetd(915): [ProxySocket    ] NotifySocketErrState# No record found by comm prop, state=196619
12-10 19:11:23.533: D/PolyvBaseVideoView(17933): notifyOnBufferingUpdate
12-10 19:11:23.543: D/asd_out_fwk(748): L = -27.801462db, R = -27.801462db, Device = 0x2
12-10 19:11:23.603: D/DlbDap2Process(725): process() called [4440500] times
12-10 19:11:23.603: D/DlbDap2Process(725): process in: cap=256 ch=2 stride=8 samplesize=4
12-10 19:11:23.603: D/DlbDap2Process(725): process out: cap=256 ch=2 stride=8 samplesize=4
12-10 19:11:23.651: D/IJKMEDIA(17933): FFP_MSG_SEI_DATA_REFRESH:
12-10 19:11:23.665: E/tv.danmaku.ijk.media.player.IjkMediaPlayer(17933): Unknown message type 201
12-10 19:11:23.743: D/asd_out_fwk(748): L = -49.727005db, R = -49.727005db, Device = 0x2
12-10 19:11:23.914: D/IJKMEDIA(17933): FFP_MSG_SEI_DATA_REFRESH:
12-10 19:11:23.919: I/HiTraceC(19478): entered LogRegisterGetIdFun
12-10 19:11:23.919: I/HiTraceC(19478): entered HiTraceInit
12-10 19:11:23.928: E/tv.danmaku.ijk.media.player.IjkMediaPlayer(17933): Unknown message type 201
12-10 19:11:23.943: D/asd_out_fwk(748): L = -34.455425db, R = -34.455425db, Device = 0x2
12-10 19:11:24.059: D/PolyvBaseVideoView(17933): notifyOnBufferingUpdate
12-10 19:11:24.143: D/asd_out_fwk(748): L = -51.701859db, R = -51.701859db, Device = 0x2
12-10 19:11:24.185: E/bastetd(915): [ProxySocket    ] NotifySocketErrState# No record found by comm prop, state=196619
12-10 19:11:24.282: I/AudioFlinger(748): pid(17933):mVol=1.000000, tVol=0.125893, pVol=1.000000, sVol=1.000000, scale=1.000000, output=13, mDevice=0x2, mStreamType=3
12-10 19:11:24.343: D/asd_out_fwk(748): L = -36.761261db, R = -36.761261db, Device = 0x2
12-10 19:11:24.397: E/WifiHAL(746): enter wifi_get_link_stats
12-10 19:11:24.399: I/WificondControl(1277): Noise: -78, Snr: 72, Chload: 565, rssi: -35, txBitrate: 192, rxBitrate: 0, frequency: 5280, UlDelay: -1, currentTxBytes: 70171788, currentTxPackets: 814341, currentTxFailed: 2, currentRxBytes: 833355455, currentRxPackets: 872151
